<html>
<body>
<pre>
<h1>µVision Build Log</h1>
<h2>Tool Versions:</h2>
IDE-Version: ¦ÌVision V5.18.0.0
Copyright (C) 2016 ARM Ltd and ARM Germany GmbH. All rights reserved.
License Information: ice Inspiron7000, test, LIC=PE7GK-ZD3GN-QD2KD-8P4RI-2EWBR-8CHXP
 
Tool Versions:
Toolchain:       MDK-ARM Standard  Version: 5.18
Toolchain Path:  C:\Keil_v5\ARM\ARMCC\Bin
C Compiler:      Armcc.exe V5.06 update 1 (build 61)
Assembler:       Armasm.exe V5.06 update 1 (build 61)
Linker/Locator:  ArmLink.exe V5.06 update 1 (build 61)
Library Manager: ArmAr.exe V5.06 update 1 (build 61)
Hex Converter:   FromElf.exe V5.06 update 1 (build 61)
CPU DLL:         SARMCM3.DLL V5.18
Dialog DLL:      DCM.DLL V1.13.6.0
Target DLL:      UL2CM3.DLL V1.157.5.0
Dialog DLL:      TCM.DLL V1.14.8.0
 
<h2>Project:</h2>
E:\LiteOS\Gitproject\zhoubo85\LiteOS_Kernel\projects\GD32F190R-EVAL-KEIL\HuaweiLiteOS.uvprojx
Project File Date:  02/16/2017

<h2>Output:</h2>
*** Using Compiler 'V5.06 update 1 (build 61)', folder: 'C:\Keil_v5\ARM\ARMCC\Bin'
Rebuild target 'HuaweiLiteOS'
compiling los_priqueue.c...
compiling los_sys.c...
compiling los_swtmr.c...
compiling los_tick.c...
compiling los_timeslice.c...
compiling los_task.c...
compiling los_event.c...
compiling los_mux.c...
compiling los_queue.c...
compiling los_sem.c...
compiling los_membox.c...
compiling los_memstat.c...
compiling los_memory.c...
compiling los_multipledlinkhead.c...
compiling los_misc.c...
compiling los_hw.c...
compiling los_hw_tick.c...
assembling los_dispatch_keil.s...
compiling los_config.c...
compiling los_hwi.c...
compiling los_api_dynamic_mem.c...
compiling los_api_event.c...
compiling cmsis_liteos.c...
compiling los_api_interrupt.c...
compiling los_api_list.c...
compiling los_api_msgqueue.c...
compiling los_api_sem.c...
compiling los_api_mutex.c...
compiling los_api_static_mem.c...
compiling los_api_systick.c...
compiling los_api_task.c...
compiling los_api_timer.c...
compiling los_demo_entry.c...
compiling los_cmsis_main.c...
compiling los_bsp_adapter.c...
compiling los_bsp_key.c...
compiling los_bsp_led.c...
compiling los_bsp_uart.c...
assembling los_startup_keil.s...
compiling main.c...
linking...
Program Size: Code=8128 RO-data=32 RW-data=164 ZI-data=7252  
".\Objects\gd32f190R8T6.axf" - 0 Error(s), 0 Warning(s).

<h2>Collection of Component include folders:</h2>
  E:\LiteOS\Gitproject\zhoubo85\LiteOS_Kernel\projects\GD32F190R-EVAL-KEIL\RTE
  C:\Keil_v5\ARM\PACK\GigaDevice\GD32F1x0_DFP\2.0.0\Device\Include

<h2>Collection of Component Files used:</h2>
Build Time Elapsed:  00:00:04
</pre>
</body>
</html>
