<!doctype html public "-//w3c//dtd html 4.0 transitional//en">
<html><head>
<title>Static Call Graph - [.\Objects\HuaweiLiteOS.axf]</title></head>
<body><HR>
<H1>Static Call Graph for image .\Objects\HuaweiLiteOS.axf</H1><HR>
<BR><P>#&#060CALLGRAPH&#062# ARM Linker, 5060061: Last Updated: Tue May 02 18:01:09 2017
<BR><P>
<H3>Maximum Stack Usage =       1032 bytes + Unknown(Functions without stacksize, Cycles, Untraceable Function Pointers)</H3><H3>
Call chain for Maximum Stack Depth:</H3>
periodic_observe_handler &rArr; coap_notify_observers &rArr; coap_separate_accept &rArr; coap_serialize_message &rArr; coap_serialize_array_option &rArr; coap_set_option_header
<P>
<H3>
Functions with no stack information
</H3><UL>
 <LI><a href="#[f7]">LOS_StartToRun</a>
 <LI><a href="#[2d5]">LOS_IntNumGet</a>
 <LI><a href="#[2f1]">osDisableIRQ</a>
 <LI><a href="#[bf]">LOS_IntLock</a>
 <LI><a href="#[339]">LOS_IntUnLock</a>
 <LI><a href="#[c0]">LOS_IntRestore</a>
 <LI><a href="#[ee]">osTaskSchedule</a>
 <LI><a href="#[4]">PendSV_Handler</a>
</UL>
</UL>
<P>
<H3>
Mutually Recursive functions
</H3> <LI><a href="#[10]">SVC_Handler</a>&nbsp;&nbsp;&nbsp;&rArr;&nbsp;&nbsp;&nbsp;<a href="#[10]">SVC_Handler</a><BR>
 <LI><a href="#[11]">DebugMon_Handler</a>&nbsp;&nbsp;&nbsp;&rArr;&nbsp;&nbsp;&nbsp;<a href="#[11]">DebugMon_Handler</a><BR>
 <LI><a href="#[24]">ADC_IRQHandler</a>&nbsp;&nbsp;&nbsp;&rArr;&nbsp;&nbsp;&nbsp;<a href="#[24]">ADC_IRQHandler</a><BR>
 <LI><a href="#[1c7]">netconn_drain</a>&nbsp;&nbsp;&nbsp;&rArr;&nbsp;&nbsp;&nbsp;<a href="#[1c7]">netconn_drain</a><BR>
 <LI><a href="#[143]">call_process</a>&nbsp;&nbsp;&nbsp;&rArr;&nbsp;&nbsp;&nbsp;<a href="#[144]">exit_process</a><BR>
 <LI><a href="#[262]">lwip_send</a>&nbsp;&nbsp;&nbsp;&rArr;&nbsp;&nbsp;&nbsp;<a href="#[263]">lwip_sendto</a><BR>
 <LI><a href="#[131]">advance_recursive</a>&nbsp;&nbsp;&nbsp;&rArr;&nbsp;&nbsp;&nbsp;<a href="#[131]">advance_recursive</a><BR>
 <LI><a href="#[2ab]">oc_parse_rep_value</a>&nbsp;&nbsp;&nbsp;&rArr;&nbsp;&nbsp;&nbsp;<a href="#[2ab]">oc_parse_rep_value</a><BR>
 <LI><a href="#[298]">oc_free_rep</a>&nbsp;&nbsp;&nbsp;&rArr;&nbsp;&nbsp;&nbsp;<a href="#[298]">oc_free_rep</a><BR>
</UL>
<P>
<H3>
Function Pointers
</H3><UL>
 <LI><a href="#[24]">ADC_IRQHandler</a> from startup_gd32f4xx.o(.text) referenced from startup_gd32f4xx.o(RESET)
 <LI><a href="#[e]">BusFault_Handler</a> from gd32f4xx_it.o(i.BusFault_Handler) referenced from startup_gd32f4xx.o(RESET)
 <LI><a href="#[28]">CAN0_EWMC_IRQHandler</a> from startup_gd32f4xx.o(.text) referenced from startup_gd32f4xx.o(RESET)
 <LI><a href="#[26]">CAN0_RX0_IRQHandler</a> from startup_gd32f4xx.o(.text) referenced from startup_gd32f4xx.o(RESET)
 <LI><a href="#[27]">CAN0_RX1_IRQHandler</a> from startup_gd32f4xx.o(.text) referenced from startup_gd32f4xx.o(RESET)
 <LI><a href="#[25]">CAN0_TX_IRQHandler</a> from startup_gd32f4xx.o(.text) referenced from startup_gd32f4xx.o(RESET)
 <LI><a href="#[54]">CAN1_EWMC_IRQHandler</a> from startup_gd32f4xx.o(.text) referenced from startup_gd32f4xx.o(RESET)
 <LI><a href="#[52]">CAN1_RX0_IRQHandler</a> from startup_gd32f4xx.o(.text) referenced from startup_gd32f4xx.o(RESET)
 <LI><a href="#[53]">CAN1_RX1_IRQHandler</a> from startup_gd32f4xx.o(.text) referenced from startup_gd32f4xx.o(RESET)
 <LI><a href="#[51]">CAN1_TX_IRQHandler</a> from startup_gd32f4xx.o(.text) referenced from startup_gd32f4xx.o(RESET)
 <LI><a href="#[60]">DCI_IRQHandler</a> from startup_gd32f4xx.o(.text) referenced from startup_gd32f4xx.o(RESET)
 <LI><a href="#[1d]">DMA0_Channel0_IRQHandler</a> from startup_gd32f4xx.o(.text) referenced from startup_gd32f4xx.o(RESET)
 <LI><a href="#[1e]">DMA0_Channel1_IRQHandler</a> from startup_gd32f4xx.o(.text) referenced from startup_gd32f4xx.o(RESET)
 <LI><a href="#[1f]">DMA0_Channel2_IRQHandler</a> from startup_gd32f4xx.o(.text) referenced from startup_gd32f4xx.o(RESET)
 <LI><a href="#[20]">DMA0_Channel3_IRQHandler</a> from startup_gd32f4xx.o(.text) referenced from startup_gd32f4xx.o(RESET)
 <LI><a href="#[21]">DMA0_Channel4_IRQHandler</a> from startup_gd32f4xx.o(.text) referenced from startup_gd32f4xx.o(RESET)
 <LI><a href="#[22]">DMA0_Channel5_IRQHandler</a> from startup_gd32f4xx.o(.text) referenced from startup_gd32f4xx.o(RESET)
 <LI><a href="#[23]">DMA0_Channel6_IRQHandler</a> from startup_gd32f4xx.o(.text) referenced from startup_gd32f4xx.o(RESET)
 <LI><a href="#[41]">DMA0_Channel7_IRQHandler</a> from startup_gd32f4xx.o(.text) referenced from startup_gd32f4xx.o(RESET)
 <LI><a href="#[4a]">DMA1_Channel0_IRQHandler</a> from startup_gd32f4xx.o(.text) referenced from startup_gd32f4xx.o(RESET)
 <LI><a href="#[4b]">DMA1_Channel1_IRQHandler</a> from startup_gd32f4xx.o(.text) referenced from startup_gd32f4xx.o(RESET)
 <LI><a href="#[4c]">DMA1_Channel2_IRQHandler</a> from startup_gd32f4xx.o(.text) referenced from startup_gd32f4xx.o(RESET)
 <LI><a href="#[4d]">DMA1_Channel3_IRQHandler</a> from startup_gd32f4xx.o(.text) referenced from startup_gd32f4xx.o(RESET)
 <LI><a href="#[4e]">DMA1_Channel4_IRQHandler</a> from startup_gd32f4xx.o(.text) referenced from startup_gd32f4xx.o(RESET)
 <LI><a href="#[56]">DMA1_Channel5_IRQHandler</a> from startup_gd32f4xx.o(.text) referenced from startup_gd32f4xx.o(RESET)
 <LI><a href="#[57]">DMA1_Channel6_IRQHandler</a> from startup_gd32f4xx.o(.text) referenced from startup_gd32f4xx.o(RESET)
 <LI><a href="#[58]">DMA1_Channel7_IRQHandler</a> from startup_gd32f4xx.o(.text) referenced from startup_gd32f4xx.o(RESET)
 <LI><a href="#[11]">DebugMon_Handler</a> from startup_gd32f4xx.o(.text) referenced from startup_gd32f4xx.o(RESET)
 <LI><a href="#[4f]">ENET_IRQHandler</a> from gd32f4xx_it.o(i.ENET_IRQHandler) referenced from startup_gd32f4xx.o(RESET)
 <LI><a href="#[50]">ENET_WKUP_IRQHandler</a> from startup_gd32f4xx.o(.text) referenced from startup_gd32f4xx.o(RESET)
 <LI><a href="#[42]">EXMC_IRQHandler</a> from startup_gd32f4xx.o(.text) referenced from startup_gd32f4xx.o(RESET)
 <LI><a href="#[18]">EXTI0_IRQHandler</a> from startup_gd32f4xx.o(.text) referenced from startup_gd32f4xx.o(RESET)
 <LI><a href="#[3a]">EXTI10_15_IRQHandler</a> from los_bsp_key.o(i.EXTI10_15_IRQHandler) referenced from startup_gd32f4xx.o(RESET)
 <LI><a href="#[19]">EXTI1_IRQHandler</a> from startup_gd32f4xx.o(.text) referenced from startup_gd32f4xx.o(RESET)
 <LI><a href="#[1a]">EXTI2_IRQHandler</a> from startup_gd32f4xx.o(.text) referenced from startup_gd32f4xx.o(RESET)
 <LI><a href="#[1b]">EXTI3_IRQHandler</a> from startup_gd32f4xx.o(.text) referenced from startup_gd32f4xx.o(RESET)
 <LI><a href="#[1c]">EXTI4_IRQHandler</a> from startup_gd32f4xx.o(.text) referenced from startup_gd32f4xx.o(RESET)
 <LI><a href="#[29]">EXTI5_9_IRQHandler</a> from startup_gd32f4xx.o(.text) referenced from startup_gd32f4xx.o(RESET)
 <LI><a href="#[16]">FMC_IRQHandler</a> from startup_gd32f4xx.o(.text) referenced from startup_gd32f4xx.o(RESET)
 <LI><a href="#[62]">FPU_IRQHandler</a> from startup_gd32f4xx.o(.text) referenced from startup_gd32f4xx.o(RESET)
 <LI><a href="#[c]">HardFault_Handler</a> from gd32f4xx_it.o(i.HardFault_Handler) referenced from startup_gd32f4xx.o(RESET)
 <LI><a href="#[32]">I2C0_ER_IRQHandler</a> from startup_gd32f4xx.o(.text) referenced from startup_gd32f4xx.o(RESET)
 <LI><a href="#[31]">I2C0_EV_IRQHandler</a> from startup_gd32f4xx.o(.text) referenced from startup_gd32f4xx.o(RESET)
 <LI><a href="#[34]">I2C1_ER_IRQHandler</a> from startup_gd32f4xx.o(.text) referenced from startup_gd32f4xx.o(RESET)
 <LI><a href="#[33]">I2C1_EV_IRQHandler</a> from startup_gd32f4xx.o(.text) referenced from startup_gd32f4xx.o(RESET)
 <LI><a href="#[5b]">I2C2_ER_IRQHandler</a> from startup_gd32f4xx.o(.text) referenced from startup_gd32f4xx.o(RESET)
 <LI><a href="#[5a]">I2C2_EV_IRQHandler</a> from startup_gd32f4xx.o(.text) referenced from startup_gd32f4xx.o(RESET)
 <LI><a href="#[6a]">IPA_IRQHandler</a> from startup_gd32f4xx.o(.text) referenced from startup_gd32f4xx.o(RESET)
 <LI><a href="#[13]">LVD_IRQHandler</a> from startup_gd32f4xx.o(.text) referenced from startup_gd32f4xx.o(RESET)
 <LI><a href="#[d]">MemManage_Handler</a> from gd32f4xx_it.o(i.MemManage_Handler) referenced from startup_gd32f4xx.o(RESET)
 <LI><a href="#[b]">NMI_Handler</a> from gd32f4xx_it.o(i.NMI_Handler) referenced from startup_gd32f4xx.o(RESET)
 <LI><a href="#[4]">PendSV_Handler</a> from los_dispatch_keil.o(.text) referenced 2 times from los_hwi.o(.vector.bss)
 <LI><a href="#[4]">PendSV_Handler</a> from los_dispatch_keil.o(.text) referenced from startup_gd32f4xx.o(RESET)
 <LI><a href="#[17]">RCU_CTC_IRQHandler</a> from startup_gd32f4xx.o(.text) referenced from startup_gd32f4xx.o(RESET)
 <LI><a href="#[3b]">RTC_Alarm_IRQHandler</a> from startup_gd32f4xx.o(.text) referenced from startup_gd32f4xx.o(RESET)
 <LI><a href="#[15]">RTC_WKUP_IRQHandler</a> from startup_gd32f4xx.o(.text) referenced from startup_gd32f4xx.o(RESET)
 <LI><a href="#[2]">Reset_Handler</a> from startup_gd32f4xx.o(.text) referenced 2 times from los_hwi.o(.vector.bss)
 <LI><a href="#[2]">Reset_Handler</a> from startup_gd32f4xx.o(.text) referenced from startup_gd32f4xx.o(RESET)
 <LI><a href="#[43]">SDIO_IRQHandler</a> from startup_gd32f4xx.o(.text) referenced from startup_gd32f4xx.o(RESET)
 <LI><a href="#[35]">SPI0_IRQHandler</a> from startup_gd32f4xx.o(.text) referenced from startup_gd32f4xx.o(RESET)
 <LI><a href="#[36]">SPI1_IRQHandler</a> from startup_gd32f4xx.o(.text) referenced from startup_gd32f4xx.o(RESET)
 <LI><a href="#[45]">SPI2_IRQHandler</a> from startup_gd32f4xx.o(.text) referenced from startup_gd32f4xx.o(RESET)
 <LI><a href="#[65]">SPI3_IRQHandler</a> from startup_gd32f4xx.o(.text) referenced from startup_gd32f4xx.o(RESET)
 <LI><a href="#[66]">SPI4_IRQHandler</a> from startup_gd32f4xx.o(.text) referenced from startup_gd32f4xx.o(RESET)
 <LI><a href="#[67]">SPI5_IRQHandler</a> from startup_gd32f4xx.o(.text) referenced from startup_gd32f4xx.o(RESET)
 <LI><a href="#[10]">SVC_Handler</a> from startup_gd32f4xx.o(.text) referenced from startup_gd32f4xx.o(RESET)
 <LI><a href="#[5]">SysTick_Handler</a> from los_bsp_adapter.o(i.SysTick_Handler) referenced 2 times from los_hwi.o(.vector.bss)
 <LI><a href="#[5]">SysTick_Handler</a> from los_bsp_adapter.o(i.SysTick_Handler) referenced from startup_gd32f4xx.o(RESET)
 <LI><a href="#[6c]">SystemInit</a> from system_gd32f4xx.o(i.SystemInit) referenced from startup_gd32f4xx.o(.text)
 <LI><a href="#[14]">TAMPER_STAMP_IRQHandler</a> from startup_gd32f4xx.o(.text) referenced from startup_gd32f4xx.o(RESET)
 <LI><a href="#[2a]">TIMER0_BRK_TIMER8_IRQHandler</a> from startup_gd32f4xx.o(.text) referenced from startup_gd32f4xx.o(RESET)
 <LI><a href="#[2d]">TIMER0_CC_IRQHandler</a> from startup_gd32f4xx.o(.text) referenced from startup_gd32f4xx.o(RESET)
 <LI><a href="#[2c]">TIMER0_TRG_CMT_TIMER10_IRQHandler</a> from startup_gd32f4xx.o(.text) referenced from startup_gd32f4xx.o(RESET)
 <LI><a href="#[2b]">TIMER0_UP_TIMER9_IRQHandler</a> from startup_gd32f4xx.o(.text) referenced from startup_gd32f4xx.o(RESET)
 <LI><a href="#[2e]">TIMER1_IRQHandler</a> from startup_gd32f4xx.o(.text) referenced from startup_gd32f4xx.o(RESET)
 <LI><a href="#[2f]">TIMER2_IRQHandler</a> from startup_gd32f4xx.o(.text) referenced from startup_gd32f4xx.o(RESET)
 <LI><a href="#[30]">TIMER3_IRQHandler</a> from startup_gd32f4xx.o(.text) referenced from startup_gd32f4xx.o(RESET)
 <LI><a href="#[44]">TIMER4_IRQHandler</a> from startup_gd32f4xx.o(.text) referenced from startup_gd32f4xx.o(RESET)
 <LI><a href="#[48]">TIMER5_DAC_IRQHandler</a> from startup_gd32f4xx.o(.text) referenced from startup_gd32f4xx.o(RESET)
 <LI><a href="#[49]">TIMER6_IRQHandler</a> from startup_gd32f4xx.o(.text) referenced from startup_gd32f4xx.o(RESET)
 <LI><a href="#[3d]">TIMER7_BRK_TIMER11_IRQHandler</a> from startup_gd32f4xx.o(.text) referenced from startup_gd32f4xx.o(RESET)
 <LI><a href="#[40]">TIMER7_CC_IRQHandler</a> from startup_gd32f4xx.o(.text) referenced from startup_gd32f4xx.o(RESET)
 <LI><a href="#[3f]">TIMER7_TRG_CMT_TIMER13_IRQHandler</a> from startup_gd32f4xx.o(.text) referenced from startup_gd32f4xx.o(RESET)
 <LI><a href="#[3e]">TIMER7_UP_TIMER12_IRQHandler</a> from startup_gd32f4xx.o(.text) referenced from startup_gd32f4xx.o(RESET)
 <LI><a href="#[69]">TLI_ER_IRQHandler</a> from startup_gd32f4xx.o(.text) referenced from startup_gd32f4xx.o(RESET)
 <LI><a href="#[68]">TLI_IRQHandler</a> from startup_gd32f4xx.o(.text) referenced from startup_gd32f4xx.o(RESET)
 <LI><a href="#[61]">TRNG_IRQHandler</a> from startup_gd32f4xx.o(.text) referenced from startup_gd32f4xx.o(RESET)
 <LI><a href="#[46]">UART3_IRQHandler</a> from startup_gd32f4xx.o(.text) referenced from startup_gd32f4xx.o(RESET)
 <LI><a href="#[47]">UART4_IRQHandler</a> from startup_gd32f4xx.o(.text) referenced from startup_gd32f4xx.o(RESET)
 <LI><a href="#[63]">UART6_IRQHandler</a> from startup_gd32f4xx.o(.text) referenced from startup_gd32f4xx.o(RESET)
 <LI><a href="#[64]">UART7_IRQHandler</a> from startup_gd32f4xx.o(.text) referenced from startup_gd32f4xx.o(RESET)
 <LI><a href="#[37]">USART0_IRQHandler</a> from startup_gd32f4xx.o(.text) referenced from startup_gd32f4xx.o(RESET)
 <LI><a href="#[38]">USART1_IRQHandler</a> from startup_gd32f4xx.o(.text) referenced from startup_gd32f4xx.o(RESET)
 <LI><a href="#[39]">USART2_IRQHandler</a> from startup_gd32f4xx.o(.text) referenced from startup_gd32f4xx.o(RESET)
 <LI><a href="#[59]">USART5_IRQHandler</a> from startup_gd32f4xx.o(.text) referenced from startup_gd32f4xx.o(RESET)
 <LI><a href="#[55]">USBFS_IRQHandler</a> from startup_gd32f4xx.o(.text) referenced from startup_gd32f4xx.o(RESET)
 <LI><a href="#[3c]">USBFS_WKUP_IRQHandler</a> from startup_gd32f4xx.o(.text) referenced from startup_gd32f4xx.o(RESET)
 <LI><a href="#[5d]">USBHS_EP1_In_IRQHandler</a> from startup_gd32f4xx.o(.text) referenced from startup_gd32f4xx.o(RESET)
 <LI><a href="#[5c]">USBHS_EP1_Out_IRQHandler</a> from startup_gd32f4xx.o(.text) referenced from startup_gd32f4xx.o(RESET)
 <LI><a href="#[5f]">USBHS_IRQHandler</a> from startup_gd32f4xx.o(.text) referenced from startup_gd32f4xx.o(RESET)
 <LI><a href="#[5e]">USBHS_WKUP_IRQHandler</a> from startup_gd32f4xx.o(.text) referenced from startup_gd32f4xx.o(RESET)
 <LI><a href="#[f]">UsageFault_Handler</a> from gd32f4xx_it.o(i.UsageFault_Handler) referenced from startup_gd32f4xx.o(RESET)
 <LI><a href="#[12]">WWDGT_IRQHandler</a> from startup_gd32f4xx.o(.text) referenced from startup_gd32f4xx.o(RESET)
 <LI><a href="#[6d]">__main</a> from entry.o(.ARM.Collect$$$$00000000) referenced from startup_gd32f4xx.o(.text)
 <LI><a href="#[6f]">_snputc</a> from printfa.o(i._snputc) referenced from printfa.o(i.__0snprintf)
 <LI><a href="#[9c]">app_init</a> from simpleserver.o(i.app_init) referenced from simpleserver.o(.constdata)
 <LI><a href="#[73]">arp_timer</a> from lwip_timers.o(i.arp_timer) referenced from lwip_timers.o(i.arp_timer)
 <LI><a href="#[73]">arp_timer</a> from lwip_timers.o(i.arp_timer) referenced from lwip_timers.o(i.sys_timeouts_init)
 <LI><a href="#[74]">dhcp_timer_coarse</a> from lwip_timers.o(i.dhcp_timer_coarse) referenced from lwip_timers.o(i.dhcp_timer_coarse)
 <LI><a href="#[74]">dhcp_timer_coarse</a> from lwip_timers.o(i.dhcp_timer_coarse) referenced from lwip_timers.o(i.sys_timeouts_init)
 <LI><a href="#[75]">dhcp_timer_fine</a> from lwip_timers.o(i.dhcp_timer_fine) referenced from lwip_timers.o(i.dhcp_timer_fine)
 <LI><a href="#[75]">dhcp_timer_fine</a> from lwip_timers.o(i.dhcp_timer_fine) referenced from lwip_timers.o(i.sys_timeouts_init)
 <LI><a href="#[83]">do_bind</a> from api_msg.o(i.do_bind) referenced from api_lib.o(i.netconn_bind)
 <LI><a href="#[84]">do_delconn</a> from api_msg.o(i.do_delconn) referenced from api_lib.o(i.netconn_delete)
 <LI><a href="#[85]">do_getaddr</a> from api_msg.o(i.do_getaddr) referenced from api_lib.o(i.netconn_getaddr)
 <LI><a href="#[86]">do_newconn</a> from api_msg.o(i.do_newconn) referenced from api_lib.o(i.netconn_new_with_proto_and_callback)
 <LI><a href="#[87]">do_recv</a> from api_msg.o(i.do_recv) referenced from api_lib.o(i.netconn_recv_data)
 <LI><a href="#[87]">do_recv</a> from api_msg.o(i.do_recv) referenced from api_lib.o(i.netconn_recved)
 <LI><a href="#[88]">do_send</a> from api_msg.o(i.do_send) referenced from api_lib.o(i.netconn_send)
 <LI><a href="#[89]">do_write</a> from api_msg.o(i.do_write) referenced from api_lib.o(i.netconn_write_partly)
 <LI><a href="#[78]">err_tcp</a> from api_msg.o(i.err_tcp) referenced from api_msg.o(i.do_close_internal)
 <LI><a href="#[78]">err_tcp</a> from api_msg.o(i.err_tcp) referenced from api_msg.o(i.setup_tcp)
 <LI><a href="#[79]">etharp_output</a> from etharp.o(i.etharp_output) referenced from ethernetif.o(i.ethernetif_init)
 <LI><a href="#[81]">ethernetif_init</a> from ethernetif.o(i.ethernetif_init) referenced from netconf.o(i.lwip_stack_init)
 <LI><a href="#[7d]">ethernetif_input</a> from ethernetif.o(i.ethernetif_input) referenced from ethernetif.o(i.low_level_init)
 <LI><a href="#[7f]">event_callback</a> from sockets.o(i.event_callback) referenced from sockets.o(i.lwip_socket)
 <LI><a href="#[6e]">fputc</a> from main.o(i.fputc) referenced from printfa.o(i.__0printf)
 <LI><a href="#[95]">get_light</a> from simpleserver.o(i.get_light) referenced from simpleserver.o(i.register_resources)
 <LI><a href="#[7b]">igmp_timer</a> from lwip_timers.o(i.igmp_timer) referenced from lwip_timers.o(i.igmp_timer)
 <LI><a href="#[7b]">igmp_timer</a> from lwip_timers.o(i.igmp_timer) referenced from lwip_timers.o(i.sys_timeouts_init)
 <LI><a href="#[82]">init_task</a> from main.o(i.init_task) referenced from main.o(i.main)
 <LI><a href="#[71]">iterate_noop</a> from cborparser.o(i.iterate_noop) referenced from cborparser.o(i._cbor_value_copy_string)
 <LI><a href="#[7c]">led_task</a> from main.o(i.led_task) referenced from main.o(i.init_task)
 <LI><a href="#[7a]">low_level_output</a> from ethernetif.o(i.low_level_output) referenced from ethernetif.o(i.ethernetif_init)
 <LI><a href="#[7e]">lwip_setsockopt_internal</a> from sockets.o(i.lwip_setsockopt_internal) referenced from sockets.o(i.lwip_setsockopt)
 <LI><a href="#[6b]">main</a> from main.o(i.main) referenced from entry9a.o(.ARM.Collect$$$$0000000B)
 <LI><a href="#[70]">memcpy</a> from memmove.o(.text) referenced from cborparser.o(i._cbor_value_copy_string)
 <LI><a href="#[8a]">network_event_thread</a> from ipadapter.o(i.network_event_thread) referenced from ipadapter.o(i.oc_connectivity_init)
 <LI><a href="#[8b]">oc_core_device_handler</a> from oc_core_res.o(i.oc_core_device_handler) referenced from oc_core_res.o(i.oc_core_add_new_device)
 <LI><a href="#[8d]">oc_core_discovery_handler</a> from oc_discovery.o(i.oc_core_discovery_handler) referenced from oc_discovery.o(i.oc_create_discovery_resource)
 <LI><a href="#[8c]">oc_core_platform_handler</a> from oc_core_res.o(i.oc_core_platform_handler) referenced from oc_core_res.o(i.oc_core_init_platform)
 <LI><a href="#[8e]">oc_observe_notification_delayed</a> from oc_ri.o(i.oc_observe_notification_delayed) referenced from oc_ri.o(i.oc_ri_invoke_coap_entity_handler)
 <LI><a href="#[3]">osHwiDefaultHandler</a> from los_hwi.o(i.osHwiDefaultHandler) referenced 14 times from los_hwi.o(.vector.bss)
 <LI><a href="#[3]">osHwiDefaultHandler</a> from los_hwi.o(i.osHwiDefaultHandler) referenced from los_hwi.o(i.osHwiInit)
 <LI><a href="#[8f]">osIdleTask</a> from los_task.o(i.osIdleTask) referenced from los_task.o(i.osIdleTaskCreate)
 <LI><a href="#[90]">osSwTmrTask</a> from los_swtmr.o(i.osSwTmrTask) referenced from los_swtmr.o(i.osSwTmrTaskCreate)
 <LI><a href="#[92]">osTaskEntry</a> from los_task.o(i.osTaskEntry) referenced from los_hw.o(i.osTskStackInit)
 <LI><a href="#[91]">osTaskExit</a> from los_hw.o(i.osTaskExit) referenced from los_hw.o(i.osTskStackInit)
 <LI><a href="#[72]">periodic_observe_handler</a> from oc_ri.o(i.periodic_observe_handler) referenced from oc_ri.o(i.add_periodic_observe_callback)
 <LI><a href="#[77]">poll_tcp</a> from api_msg.o(i.poll_tcp) referenced from api_msg.o(i.do_close_internal)
 <LI><a href="#[77]">poll_tcp</a> from api_msg.o(i.poll_tcp) referenced from api_msg.o(i.setup_tcp)
 <LI><a href="#[97]">post_light</a> from simpleserver.o(i.post_light) referenced from simpleserver.o(i.register_resources)
 <LI><a href="#[9]">process_thread_coap_engine</a> from engine.o(i.process_thread_coap_engine) referenced 2 times from engine.o(.data)
 <LI><a href="#[6]">process_thread_message_buffer_handler</a> from oc_buffer.o(i.process_thread_message_buffer_handler) referenced 2 times from oc_buffer.o(.data)
 <LI><a href="#[a]">process_thread_oc_etimer_process</a> from oc_etimer.o(i.process_thread_oc_etimer_process) referenced 2 times from oc_etimer.o(.data)
 <LI><a href="#[7]">process_thread_oc_network_events</a> from oc_network_events.o(i.process_thread_oc_network_events) referenced 2 times from oc_network_events.o(.data)
 <LI><a href="#[8]">process_thread_timed_callback_events</a> from oc_ri.o(i.process_thread_timed_callback_events) referenced 2 times from oc_ri.o(.data)
 <LI><a href="#[96]">put_light</a> from simpleserver.o(i.put_light) referenced from simpleserver.o(i.register_resources)
 <LI><a href="#[93]">recv_raw</a> from api_msg.o(i.recv_raw) referenced from api_msg.o(i.pcb_new)
 <LI><a href="#[98]">recv_tcp</a> from api_msg.o(i.recv_tcp) referenced from api_msg.o(i.setup_tcp)
 <LI><a href="#[94]">recv_udp</a> from api_msg.o(i.recv_udp) referenced from api_msg.o(i.pcb_new)
 <LI><a href="#[9e]">register_resources</a> from simpleserver.o(i.register_resources) referenced from simpleserver.o(.constdata)
 <LI><a href="#[76]">sent_tcp</a> from api_msg.o(i.sent_tcp) referenced from api_msg.o(i.do_close_internal)
 <LI><a href="#[76]">sent_tcp</a> from api_msg.o(i.sent_tcp) referenced from api_msg.o(i.setup_tcp)
 <LI><a href="#[9d]">signal_event_loop</a> from simpleserver.o(i.signal_event_loop) referenced from simpleserver.o(.constdata)
 <LI><a href="#[99]">tcp_recv_null</a> from tcp.o(i.tcp_recv_null) referenced from tcp.o(i.tcp_alloc)
 <LI><a href="#[80]">tcpip_input</a> from tcpip.o(i.tcpip_input) referenced from netconf.o(i.lwip_stack_init)
 <LI><a href="#[9a]">tcpip_tcp_timer</a> from lwip_timers.o(i.tcpip_tcp_timer) referenced from lwip_timers.o(i.tcp_timer_needed)
 <LI><a href="#[9a]">tcpip_tcp_timer</a> from lwip_timers.o(i.tcpip_tcp_timer) referenced from lwip_timers.o(i.tcpip_tcp_timer)
 <LI><a href="#[9b]">tcpip_thread</a> from tcpip.o(i.tcpip_thread) referenced from tcpip.o(i.tcpip_init)
</UL>
<P>
<H3>
Global Symbols
</H3>
<P><STRONG><a name="[6d]"></a>__main</STRONG> (Thumb, 0 bytes, Stack size unknown bytes, entry.o(.ARM.Collect$$$$00000000))
<BR>[Address Reference Count : 1]<UL><LI> startup_gd32f4xx.o(.text)
</UL>
<P><STRONG><a name="[333]"></a>_main_stk</STRONG> (Thumb, 0 bytes, Stack size unknown bytes, entry2.o(.ARM.Collect$$$$00000001))

<P><STRONG><a name="[9f]"></a>_main_scatterload</STRONG> (Thumb, 0 bytes, Stack size unknown bytes, entry5.o(.ARM.Collect$$$$00000004))
<BR><BR>[Calls]<UL><LI><a href="#[a0]">&gt;&gt;</a>&nbsp;&nbsp;&nbsp;__scatterload
</UL>

<P><STRONG><a name="[b2]"></a>__main_after_scatterload</STRONG> (Thumb, 0 bytes, Stack size unknown bytes, entry5.o(.ARM.Collect$$$$00000004))
<BR><BR>[Called By]<UL><LI><a href="#[a0]">&gt;&gt;</a>&nbsp;&nbsp;&nbsp;__scatterload
</UL>

<P><STRONG><a name="[334]"></a>_main_clock</STRONG> (Thumb, 0 bytes, Stack size unknown bytes, entry7b.o(.ARM.Collect$$$$00000008))

<P><STRONG><a name="[335]"></a>_main_cpp_init</STRONG> (Thumb, 0 bytes, Stack size unknown bytes, entry8b.o(.ARM.Collect$$$$0000000A))

<P><STRONG><a name="[336]"></a>_main_init</STRONG> (Thumb, 0 bytes, Stack size unknown bytes, entry9a.o(.ARM.Collect$$$$0000000B))

<P><STRONG><a name="[337]"></a>__rt_final_cpp</STRONG> (Thumb, 0 bytes, Stack size unknown bytes, entry10a.o(.ARM.Collect$$$$0000000D))

<P><STRONG><a name="[338]"></a>__rt_final_exit</STRONG> (Thumb, 0 bytes, Stack size unknown bytes, entry11a.o(.ARM.Collect$$$$0000000F))

<P><STRONG><a name="[f7]"></a>LOS_StartToRun</STRONG> (Thumb, 0 bytes, Stack size unknown bytes, los_dispatch_keil.o(.text))
<BR><BR>[Called By]<UL><LI><a href="#[f6]">&gt;&gt;</a>&nbsp;&nbsp;&nbsp;LOS_Start
</UL>

<P><STRONG><a name="[2d5]"></a>LOS_IntNumGet</STRONG> (Thumb, 0 bytes, Stack size unknown bytes, los_dispatch_keil.o(.text))
<BR><BR>[Called By]<UL><LI><a href="#[2d1]">&gt;&gt;</a>&nbsp;&nbsp;&nbsp;osIntNumGet
</UL>

<P><STRONG><a name="[2f1]"></a>osDisableIRQ</STRONG> (Thumb, 0 bytes, Stack size unknown bytes, los_dispatch_keil.o(.text))
<BR><BR>[Called By]<UL><LI><a href="#[91]">&gt;&gt;</a>&nbsp;&nbsp;&nbsp;osTaskExit
</UL>

<P><STRONG><a name="[bf]"></a>LOS_IntLock</STRONG> (Thumb, 0 bytes, Stack size unknown bytes, los_dispatch_keil.o(.text))
<BR><BR>[Called By]<UL><LI><a href="#[e3]">&gt;&gt;</a>&nbsp;&nbsp;&nbsp;LOS_MuxPost
<LI><a href="#[e1]">&gt;&gt;</a>&nbsp;&nbsp;&nbsp;LOS_MuxPend
<LI><a href="#[dd]">&gt;&gt;</a>&nbsp;&nbsp;&nbsp;LOS_MuxCreate
<LI><a href="#[c4]">&gt;&gt;</a>&nbsp;&nbsp;&nbsp;LOS_EventWrite
<LI><a href="#[c1]">&gt;&gt;</a>&nbsp;&nbsp;&nbsp;LOS_EventRead
<LI><a href="#[be]">&gt;&gt;</a>&nbsp;&nbsp;&nbsp;LOS_EventPoll
<LI><a href="#[f5]">&gt;&gt;</a>&nbsp;&nbsp;&nbsp;LOS_SemPost
<LI><a href="#[b6]">&gt;&gt;</a>&nbsp;&nbsp;&nbsp;LOS_Schedule
<LI><a href="#[d3]">&gt;&gt;</a>&nbsp;&nbsp;&nbsp;LOS_MemFree
<LI><a href="#[d2]">&gt;&gt;</a>&nbsp;&nbsp;&nbsp;LOS_MemAllocAlign
<LI><a href="#[92]">&gt;&gt;</a>&nbsp;&nbsp;&nbsp;osTaskEntry
<LI><a href="#[100]">&gt;&gt;</a>&nbsp;&nbsp;&nbsp;LOS_TaskYield
<LI><a href="#[103]">&gt;&gt;</a>&nbsp;&nbsp;&nbsp;LOS_TaskUnlock
<LI><a href="#[102]">&gt;&gt;</a>&nbsp;&nbsp;&nbsp;LOS_TaskLock
<LI><a href="#[101]">&gt;&gt;</a>&nbsp;&nbsp;&nbsp;LOS_TaskDelete
<LI><a href="#[ff]">&gt;&gt;</a>&nbsp;&nbsp;&nbsp;LOS_TaskDelay
<LI><a href="#[f9]">&gt;&gt;</a>&nbsp;&nbsp;&nbsp;LOS_TaskCreateOnly
<LI><a href="#[f8]">&gt;&gt;</a>&nbsp;&nbsp;&nbsp;LOS_TaskCreate
<LI><a href="#[ec]">&gt;&gt;</a>&nbsp;&nbsp;&nbsp;LOS_QueueWrite
<LI><a href="#[e9]">&gt;&gt;</a>&nbsp;&nbsp;&nbsp;LOS_QueueRead
<LI><a href="#[e4]">&gt;&gt;</a>&nbsp;&nbsp;&nbsp;LOS_QueueCreate
<LI><a href="#[dc]">&gt;&gt;</a>&nbsp;&nbsp;&nbsp;LOS_MemboxInit
<LI><a href="#[db]">&gt;&gt;</a>&nbsp;&nbsp;&nbsp;LOS_MemboxFree
<LI><a href="#[da]">&gt;&gt;</a>&nbsp;&nbsp;&nbsp;LOS_MemboxAlloc
<LI><a href="#[d0]">&gt;&gt;</a>&nbsp;&nbsp;&nbsp;LOS_MemAlloc
<LI><a href="#[105]">&gt;&gt;</a>&nbsp;&nbsp;&nbsp;LOS_TickHandler
<LI><a href="#[d6]">&gt;&gt;</a>&nbsp;&nbsp;&nbsp;LOS_MemInit
<LI><a href="#[f4]">&gt;&gt;</a>&nbsp;&nbsp;&nbsp;LOS_SemPend
<LI><a href="#[f3]">&gt;&gt;</a>&nbsp;&nbsp;&nbsp;LOS_SemDelete
<LI><a href="#[ef]">&gt;&gt;</a>&nbsp;&nbsp;&nbsp;LOS_SemCreate
<LI><a href="#[e7]">&gt;&gt;</a>&nbsp;&nbsp;&nbsp;LOS_QueueDelete
<LI><a href="#[138]">&gt;&gt;</a>&nbsp;&nbsp;&nbsp;sys_arch_protect
</UL>

<P><STRONG><a name="[339]"></a>LOS_IntUnLock</STRONG> (Thumb, 0 bytes, Stack size unknown bytes, los_dispatch_keil.o(.text), UNUSED)

<P><STRONG><a name="[c0]"></a>LOS_IntRestore</STRONG> (Thumb, 0 bytes, Stack size unknown bytes, los_dispatch_keil.o(.text))
<BR><BR>[Called By]<UL><LI><a href="#[e3]">&gt;&gt;</a>&nbsp;&nbsp;&nbsp;LOS_MuxPost
<LI><a href="#[e1]">&gt;&gt;</a>&nbsp;&nbsp;&nbsp;LOS_MuxPend
<LI><a href="#[dd]">&gt;&gt;</a>&nbsp;&nbsp;&nbsp;LOS_MuxCreate
<LI><a href="#[c4]">&gt;&gt;</a>&nbsp;&nbsp;&nbsp;LOS_EventWrite
<LI><a href="#[c1]">&gt;&gt;</a>&nbsp;&nbsp;&nbsp;LOS_EventRead
<LI><a href="#[be]">&gt;&gt;</a>&nbsp;&nbsp;&nbsp;LOS_EventPoll
<LI><a href="#[f5]">&gt;&gt;</a>&nbsp;&nbsp;&nbsp;LOS_SemPost
<LI><a href="#[b6]">&gt;&gt;</a>&nbsp;&nbsp;&nbsp;LOS_Schedule
<LI><a href="#[d3]">&gt;&gt;</a>&nbsp;&nbsp;&nbsp;LOS_MemFree
<LI><a href="#[d2]">&gt;&gt;</a>&nbsp;&nbsp;&nbsp;LOS_MemAllocAlign
<LI><a href="#[2f0]">&gt;&gt;</a>&nbsp;&nbsp;&nbsp;osTaskSelfDelete
<LI><a href="#[92]">&gt;&gt;</a>&nbsp;&nbsp;&nbsp;osTaskEntry
<LI><a href="#[100]">&gt;&gt;</a>&nbsp;&nbsp;&nbsp;LOS_TaskYield
<LI><a href="#[103]">&gt;&gt;</a>&nbsp;&nbsp;&nbsp;LOS_TaskUnlock
<LI><a href="#[102]">&gt;&gt;</a>&nbsp;&nbsp;&nbsp;LOS_TaskLock
<LI><a href="#[101]">&gt;&gt;</a>&nbsp;&nbsp;&nbsp;LOS_TaskDelete
<LI><a href="#[ff]">&gt;&gt;</a>&nbsp;&nbsp;&nbsp;LOS_TaskDelay
<LI><a href="#[f9]">&gt;&gt;</a>&nbsp;&nbsp;&nbsp;LOS_TaskCreateOnly
<LI><a href="#[f8]">&gt;&gt;</a>&nbsp;&nbsp;&nbsp;LOS_TaskCreate
<LI><a href="#[ec]">&gt;&gt;</a>&nbsp;&nbsp;&nbsp;LOS_QueueWrite
<LI><a href="#[e9]">&gt;&gt;</a>&nbsp;&nbsp;&nbsp;LOS_QueueRead
<LI><a href="#[e4]">&gt;&gt;</a>&nbsp;&nbsp;&nbsp;LOS_QueueCreate
<LI><a href="#[dc]">&gt;&gt;</a>&nbsp;&nbsp;&nbsp;LOS_MemboxInit
<LI><a href="#[db]">&gt;&gt;</a>&nbsp;&nbsp;&nbsp;LOS_MemboxFree
<LI><a href="#[da]">&gt;&gt;</a>&nbsp;&nbsp;&nbsp;LOS_MemboxAlloc
<LI><a href="#[d0]">&gt;&gt;</a>&nbsp;&nbsp;&nbsp;LOS_MemAlloc
<LI><a href="#[105]">&gt;&gt;</a>&nbsp;&nbsp;&nbsp;LOS_TickHandler
<LI><a href="#[d6]">&gt;&gt;</a>&nbsp;&nbsp;&nbsp;LOS_MemInit
<LI><a href="#[f4]">&gt;&gt;</a>&nbsp;&nbsp;&nbsp;LOS_SemPend
<LI><a href="#[f3]">&gt;&gt;</a>&nbsp;&nbsp;&nbsp;LOS_SemDelete
<LI><a href="#[ef]">&gt;&gt;</a>&nbsp;&nbsp;&nbsp;LOS_SemCreate
<LI><a href="#[e7]">&gt;&gt;</a>&nbsp;&nbsp;&nbsp;LOS_QueueDelete
<LI><a href="#[139]">&gt;&gt;</a>&nbsp;&nbsp;&nbsp;sys_arch_unprotect
</UL>

<P><STRONG><a name="[ee]"></a>osTaskSchedule</STRONG> (Thumb, 0 bytes, Stack size unknown bytes, los_dispatch_keil.o(.text))
<BR><BR>[Called By]<UL><LI><a href="#[fa]">&gt;&gt;</a>&nbsp;&nbsp;&nbsp;osSchedule
<LI><a href="#[b6]">&gt;&gt;</a>&nbsp;&nbsp;&nbsp;LOS_Schedule
</UL>

<P><STRONG><a name="[4]"></a>PendSV_Handler</STRONG> (Thumb, 0 bytes, Stack size unknown bytes, los_dispatch_keil.o(.text))
<BR>[Address Reference Count : 2]<UL><LI> los_hwi.o(.vector.bss)
<LI> startup_gd32f4xx.o(RESET)
</UL>
<P><STRONG><a name="[2]"></a>Reset_Handler</STRONG> (Thumb, 8 bytes, Stack size 0 bytes, startup_gd32f4xx.o(.text))
<BR>[Address Reference Count : 2]<UL><LI> los_hwi.o(.vector.bss)
<LI> startup_gd32f4xx.o(RESET)
</UL>
<P><STRONG><a name="[10]"></a>SVC_Handler</STRONG> (Thumb, 2 bytes, Stack size 0 bytes, startup_gd32f4xx.o(.text))
<BR><BR>[Calls]<UL><LI><a href="#[10]">&gt;&gt;</a>&nbsp;&nbsp;&nbsp;SVC_Handler
</UL>
<BR>[Called By]<UL><LI><a href="#[10]">&gt;&gt;</a>&nbsp;&nbsp;&nbsp;SVC_Handler
</UL>
<BR>[Address Reference Count : 1]<UL><LI> startup_gd32f4xx.o(RESET)
</UL>
<P><STRONG><a name="[11]"></a>DebugMon_Handler</STRONG> (Thumb, 2 bytes, Stack size 0 bytes, startup_gd32f4xx.o(.text))
<BR><BR>[Calls]<UL><LI><a href="#[11]">&gt;&gt;</a>&nbsp;&nbsp;&nbsp;DebugMon_Handler
</UL>
<BR>[Called By]<UL><LI><a href="#[11]">&gt;&gt;</a>&nbsp;&nbsp;&nbsp;DebugMon_Handler
</UL>
<BR>[Address Reference Count : 1]<UL><LI> startup_gd32f4xx.o(RESET)
</UL>
<P><STRONG><a name="[24]"></a>ADC_IRQHandler</STRONG> (Thumb, 0 bytes, Stack size 0 bytes, startup_gd32f4xx.o(.text))
<BR><BR>[Calls]<UL><LI><a href="#[24]">&gt;&gt;</a>&nbsp;&nbsp;&nbsp;ADC_IRQHandler
</UL>
<BR>[Called By]<UL><LI><a href="#[24]">&gt;&gt;</a>&nbsp;&nbsp;&nbsp;ADC_IRQHandler
</UL>
<BR>[Address Reference Count : 1]<UL><LI> startup_gd32f4xx.o(RESET)
</UL>
<P><STRONG><a name="[28]"></a>CAN0_EWMC_IRQHandler</STRONG> (Thumb, 0 bytes, Stack size 0 bytes, startup_gd32f4xx.o(.text))
<BR>[Address Reference Count : 1]<UL><LI> startup_gd32f4xx.o(RESET)
</UL>
<P><STRONG><a name="[26]"></a>CAN0_RX0_IRQHandler</STRONG> (Thumb, 0 bytes, Stack size 0 bytes, startup_gd32f4xx.o(.text))
<BR>[Address Reference Count : 1]<UL><LI> startup_gd32f4xx.o(RESET)
</UL>
<P><STRONG><a name="[27]"></a>CAN0_RX1_IRQHandler</STRONG> (Thumb, 0 bytes, Stack size 0 bytes, startup_gd32f4xx.o(.text))
<BR>[Address Reference Count : 1]<UL><LI> startup_gd32f4xx.o(RESET)
</UL>
<P><STRONG><a name="[25]"></a>CAN0_TX_IRQHandler</STRONG> (Thumb, 0 bytes, Stack size 0 bytes, startup_gd32f4xx.o(.text))
<BR>[Address Reference Count : 1]<UL><LI> startup_gd32f4xx.o(RESET)
</UL>
<P><STRONG><a name="[54]"></a>CAN1_EWMC_IRQHandler</STRONG> (Thumb, 0 bytes, Stack size 0 bytes, startup_gd32f4xx.o(.text))
<BR>[Address Reference Count : 1]<UL><LI> startup_gd32f4xx.o(RESET)
</UL>
<P><STRONG><a name="[52]"></a>CAN1_RX0_IRQHandler</STRONG> (Thumb, 0 bytes, Stack size 0 bytes, startup_gd32f4xx.o(.text))
<BR>[Address Reference Count : 1]<UL><LI> startup_gd32f4xx.o(RESET)
</UL>
<P><STRONG><a name="[53]"></a>CAN1_RX1_IRQHandler</STRONG> (Thumb, 0 bytes, Stack size 0 bytes, startup_gd32f4xx.o(.text))
<BR>[Address Reference Count : 1]<UL><LI> startup_gd32f4xx.o(RESET)
</UL>
<P><STRONG><a name="[51]"></a>CAN1_TX_IRQHandler</STRONG> (Thumb, 0 bytes, Stack size 0 bytes, startup_gd32f4xx.o(.text))
<BR>[Address Reference Count : 1]<UL><LI> startup_gd32f4xx.o(RESET)
</UL>
<P><STRONG><a name="[60]"></a>DCI_IRQHandler</STRONG> (Thumb, 0 bytes, Stack size 0 bytes, startup_gd32f4xx.o(.text))
<BR>[Address Reference Count : 1]<UL><LI> startup_gd32f4xx.o(RESET)
</UL>
<P><STRONG><a name="[1d]"></a>DMA0_Channel0_IRQHandler</STRONG> (Thumb, 0 bytes, Stack size 0 bytes, startup_gd32f4xx.o(.text))
<BR>[Address Reference Count : 1]<UL><LI> startup_gd32f4xx.o(RESET)
</UL>
<P><STRONG><a name="[1e]"></a>DMA0_Channel1_IRQHandler</STRONG> (Thumb, 0 bytes, Stack size 0 bytes, startup_gd32f4xx.o(.text))
<BR>[Address Reference Count : 1]<UL><LI> startup_gd32f4xx.o(RESET)
</UL>
<P><STRONG><a name="[1f]"></a>DMA0_Channel2_IRQHandler</STRONG> (Thumb, 0 bytes, Stack size 0 bytes, startup_gd32f4xx.o(.text))
<BR>[Address Reference Count : 1]<UL><LI> startup_gd32f4xx.o(RESET)
</UL>
<P><STRONG><a name="[20]"></a>DMA0_Channel3_IRQHandler</STRONG> (Thumb, 0 bytes, Stack size 0 bytes, startup_gd32f4xx.o(.text))
<BR>[Address Reference Count : 1]<UL><LI> startup_gd32f4xx.o(RESET)
</UL>
<P><STRONG><a name="[21]"></a>DMA0_Channel4_IRQHandler</STRONG> (Thumb, 0 bytes, Stack size 0 bytes, startup_gd32f4xx.o(.text))
<BR>[Address Reference Count : 1]<UL><LI> startup_gd32f4xx.o(RESET)
</UL>
<P><STRONG><a name="[22]"></a>DMA0_Channel5_IRQHandler</STRONG> (Thumb, 0 bytes, Stack size 0 bytes, startup_gd32f4xx.o(.text))
<BR>[Address Reference Count : 1]<UL><LI> startup_gd32f4xx.o(RESET)
</UL>
<P><STRONG><a name="[23]"></a>DMA0_Channel6_IRQHandler</STRONG> (Thumb, 0 bytes, Stack size 0 bytes, startup_gd32f4xx.o(.text))
<BR>[Address Reference Count : 1]<UL><LI> startup_gd32f4xx.o(RESET)
</UL>
<P><STRONG><a name="[41]"></a>DMA0_Channel7_IRQHandler</STRONG> (Thumb, 0 bytes, Stack size 0 bytes, startup_gd32f4xx.o(.text))
<BR>[Address Reference Count : 1]<UL><LI> startup_gd32f4xx.o(RESET)
</UL>
<P><STRONG><a name="[4a]"></a>DMA1_Channel0_IRQHandler</STRONG> (Thumb, 0 bytes, Stack size 0 bytes, startup_gd32f4xx.o(.text))
<BR>[Address Reference Count : 1]<UL><LI> startup_gd32f4xx.o(RESET)
</UL>
<P><STRONG><a name="[4b]"></a>DMA1_Channel1_IRQHandler</STRONG> (Thumb, 0 bytes, Stack size 0 bytes, startup_gd32f4xx.o(.text))
<BR>[Address Reference Count : 1]<UL><LI> startup_gd32f4xx.o(RESET)
</UL>
<P><STRONG><a name="[4c]"></a>DMA1_Channel2_IRQHandler</STRONG> (Thumb, 0 bytes, Stack size 0 bytes, startup_gd32f4xx.o(.text))
<BR>[Address Reference Count : 1]<UL><LI> startup_gd32f4xx.o(RESET)
</UL>
<P><STRONG><a name="[4d]"></a>DMA1_Channel3_IRQHandler</STRONG> (Thumb, 0 bytes, Stack size 0 bytes, startup_gd32f4xx.o(.text))
<BR>[Address Reference Count : 1]<UL><LI> startup_gd32f4xx.o(RESET)
</UL>
<P><STRONG><a name="[4e]"></a>DMA1_Channel4_IRQHandler</STRONG> (Thumb, 0 bytes, Stack size 0 bytes, startup_gd32f4xx.o(.text))
<BR>[Address Reference Count : 1]<UL><LI> startup_gd32f4xx.o(RESET)
</UL>
<P><STRONG><a name="[56]"></a>DMA1_Channel5_IRQHandler</STRONG> (Thumb, 0 bytes, Stack size 0 bytes, startup_gd32f4xx.o(.text))
<BR>[Address Reference Count : 1]<UL><LI> startup_gd32f4xx.o(RESET)
</UL>
<P><STRONG><a name="[57]"></a>DMA1_Channel6_IRQHandler</STRONG> (Thumb, 0 bytes, Stack size 0 bytes, startup_gd32f4xx.o(.text))
<BR>[Address Reference Count : 1]<UL><LI> startup_gd32f4xx.o(RESET)
</UL>
<P><STRONG><a name="[58]"></a>DMA1_Channel7_IRQHandler</STRONG> (Thumb, 0 bytes, Stack size 0 bytes, startup_gd32f4xx.o(.text))
<BR>[Address Reference Count : 1]<UL><LI> startup_gd32f4xx.o(RESET)
</UL>
<P><STRONG><a name="[50]"></a>ENET_WKUP_IRQHandler</STRONG> (Thumb, 0 bytes, Stack size 0 bytes, startup_gd32f4xx.o(.text))
<BR>[Address Reference Count : 1]<UL><LI> startup_gd32f4xx.o(RESET)
</UL>
<P><STRONG><a name="[42]"></a>EXMC_IRQHandler</STRONG> (Thumb, 0 bytes, Stack size 0 bytes, startup_gd32f4xx.o(.text))
<BR>[Address Reference Count : 1]<UL><LI> startup_gd32f4xx.o(RESET)
</UL>
<P><STRONG><a name="[18]"></a>EXTI0_IRQHandler</STRONG> (Thumb, 0 bytes, Stack size 0 bytes, startup_gd32f4xx.o(.text))
<BR>[Address Reference Count : 1]<UL><LI> startup_gd32f4xx.o(RESET)
</UL>
<P><STRONG><a name="[19]"></a>EXTI1_IRQHandler</STRONG> (Thumb, 0 bytes, Stack size 0 bytes, startup_gd32f4xx.o(.text))
<BR>[Address Reference Count : 1]<UL><LI> startup_gd32f4xx.o(RESET)
</UL>
<P><STRONG><a name="[1a]"></a>EXTI2_IRQHandler</STRONG> (Thumb, 0 bytes, Stack size 0 bytes, startup_gd32f4xx.o(.text))
<BR>[Address Reference Count : 1]<UL><LI> startup_gd32f4xx.o(RESET)
</UL>
<P><STRONG><a name="[1b]"></a>EXTI3_IRQHandler</STRONG> (Thumb, 0 bytes, Stack size 0 bytes, startup_gd32f4xx.o(.text))
<BR>[Address Reference Count : 1]<UL><LI> startup_gd32f4xx.o(RESET)
</UL>
<P><STRONG><a name="[1c]"></a>EXTI4_IRQHandler</STRONG> (Thumb, 0 bytes, Stack size 0 bytes, startup_gd32f4xx.o(.text))
<BR>[Address Reference Count : 1]<UL><LI> startup_gd32f4xx.o(RESET)
</UL>
<P><STRONG><a name="[29]"></a>EXTI5_9_IRQHandler</STRONG> (Thumb, 0 bytes, Stack size 0 bytes, startup_gd32f4xx.o(.text))
<BR>[Address Reference Count : 1]<UL><LI> startup_gd32f4xx.o(RESET)
</UL>
<P><STRONG><a name="[16]"></a>FMC_IRQHandler</STRONG> (Thumb, 0 bytes, Stack size 0 bytes, startup_gd32f4xx.o(.text))
<BR>[Address Reference Count : 1]<UL><LI> startup_gd32f4xx.o(RESET)
</UL>
<P><STRONG><a name="[62]"></a>FPU_IRQHandler</STRONG> (Thumb, 0 bytes, Stack size 0 bytes, startup_gd32f4xx.o(.text))
<BR>[Address Reference Count : 1]<UL><LI> startup_gd32f4xx.o(RESET)
</UL>
<P><STRONG><a name="[32]"></a>I2C0_ER_IRQHandler</STRONG> (Thumb, 0 bytes, Stack size 0 bytes, startup_gd32f4xx.o(.text))
<BR>[Address Reference Count : 1]<UL><LI> startup_gd32f4xx.o(RESET)
</UL>
<P><STRONG><a name="[31]"></a>I2C0_EV_IRQHandler</STRONG> (Thumb, 0 bytes, Stack size 0 bytes, startup_gd32f4xx.o(.text))
<BR>[Address Reference Count : 1]<UL><LI> startup_gd32f4xx.o(RESET)
</UL>
<P><STRONG><a name="[34]"></a>I2C1_ER_IRQHandler</STRONG> (Thumb, 0 bytes, Stack size 0 bytes, startup_gd32f4xx.o(.text))
<BR>[Address Reference Count : 1]<UL><LI> startup_gd32f4xx.o(RESET)
</UL>
<P><STRONG><a name="[33]"></a>I2C1_EV_IRQHandler</STRONG> (Thumb, 0 bytes, Stack size 0 bytes, startup_gd32f4xx.o(.text))
<BR>[Address Reference Count : 1]<UL><LI> startup_gd32f4xx.o(RESET)
</UL>
<P><STRONG><a name="[5b]"></a>I2C2_ER_IRQHandler</STRONG> (Thumb, 0 bytes, Stack size 0 bytes, startup_gd32f4xx.o(.text))
<BR>[Address Reference Count : 1]<UL><LI> startup_gd32f4xx.o(RESET)
</UL>
<P><STRONG><a name="[5a]"></a>I2C2_EV_IRQHandler</STRONG> (Thumb, 0 bytes, Stack size 0 bytes, startup_gd32f4xx.o(.text))
<BR>[Address Reference Count : 1]<UL><LI> startup_gd32f4xx.o(RESET)
</UL>
<P><STRONG><a name="[6a]"></a>IPA_IRQHandler</STRONG> (Thumb, 0 bytes, Stack size 0 bytes, startup_gd32f4xx.o(.text))
<BR>[Address Reference Count : 1]<UL><LI> startup_gd32f4xx.o(RESET)
</UL>
<P><STRONG><a name="[13]"></a>LVD_IRQHandler</STRONG> (Thumb, 0 bytes, Stack size 0 bytes, startup_gd32f4xx.o(.text))
<BR>[Address Reference Count : 1]<UL><LI> startup_gd32f4xx.o(RESET)
</UL>
<P><STRONG><a name="[17]"></a>RCU_CTC_IRQHandler</STRONG> (Thumb, 0 bytes, Stack size 0 bytes, startup_gd32f4xx.o(.text))
<BR>[Address Reference Count : 1]<UL><LI> startup_gd32f4xx.o(RESET)
</UL>
<P><STRONG><a name="[3b]"></a>RTC_Alarm_IRQHandler</STRONG> (Thumb, 0 bytes, Stack size 0 bytes, startup_gd32f4xx.o(.text))
<BR>[Address Reference Count : 1]<UL><LI> startup_gd32f4xx.o(RESET)
</UL>
<P><STRONG><a name="[15]"></a>RTC_WKUP_IRQHandler</STRONG> (Thumb, 0 bytes, Stack size 0 bytes, startup_gd32f4xx.o(.text))
<BR>[Address Reference Count : 1]<UL><LI> startup_gd32f4xx.o(RESET)
</UL>
<P><STRONG><a name="[43]"></a>SDIO_IRQHandler</STRONG> (Thumb, 0 bytes, Stack size 0 bytes, startup_gd32f4xx.o(.text))
<BR>[Address Reference Count : 1]<UL><LI> startup_gd32f4xx.o(RESET)
</UL>
<P><STRONG><a name="[35]"></a>SPI0_IRQHandler</STRONG> (Thumb, 0 bytes, Stack size 0 bytes, startup_gd32f4xx.o(.text))
<BR>[Address Reference Count : 1]<UL><LI> startup_gd32f4xx.o(RESET)
</UL>
<P><STRONG><a name="[36]"></a>SPI1_IRQHandler</STRONG> (Thumb, 0 bytes, Stack size 0 bytes, startup_gd32f4xx.o(.text))
<BR>[Address Reference Count : 1]<UL><LI> startup_gd32f4xx.o(RESET)
</UL>
<P><STRONG><a name="[45]"></a>SPI2_IRQHandler</STRONG> (Thumb, 0 bytes, Stack size 0 bytes, startup_gd32f4xx.o(.text))
<BR>[Address Reference Count : 1]<UL><LI> startup_gd32f4xx.o(RESET)
</UL>
<P><STRONG><a name="[65]"></a>SPI3_IRQHandler</STRONG> (Thumb, 0 bytes, Stack size 0 bytes, startup_gd32f4xx.o(.text))
<BR>[Address Reference Count : 1]<UL><LI> startup_gd32f4xx.o(RESET)
</UL>
<P><STRONG><a name="[66]"></a>SPI4_IRQHandler</STRONG> (Thumb, 0 bytes, Stack size 0 bytes, startup_gd32f4xx.o(.text))
<BR>[Address Reference Count : 1]<UL><LI> startup_gd32f4xx.o(RESET)
</UL>
<P><STRONG><a name="[67]"></a>SPI5_IRQHandler</STRONG> (Thumb, 0 bytes, Stack size 0 bytes, startup_gd32f4xx.o(.text))
<BR>[Address Reference Count : 1]<UL><LI> startup_gd32f4xx.o(RESET)
</UL>
<P><STRONG><a name="[14]"></a>TAMPER_STAMP_IRQHandler</STRONG> (Thumb, 0 bytes, Stack size 0 bytes, startup_gd32f4xx.o(.text))
<BR>[Address Reference Count : 1]<UL><LI> startup_gd32f4xx.o(RESET)
</UL>
<P><STRONG><a name="[2a]"></a>TIMER0_BRK_TIMER8_IRQHandler</STRONG> (Thumb, 0 bytes, Stack size 0 bytes, startup_gd32f4xx.o(.text))
<BR>[Address Reference Count : 1]<UL><LI> startup_gd32f4xx.o(RESET)
</UL>
<P><STRONG><a name="[2d]"></a>TIMER0_CC_IRQHandler</STRONG> (Thumb, 0 bytes, Stack size 0 bytes, startup_gd32f4xx.o(.text))
<BR>[Address Reference Count : 1]<UL><LI> startup_gd32f4xx.o(RESET)
</UL>
<P><STRONG><a name="[2c]"></a>TIMER0_TRG_CMT_TIMER10_IRQHandler</STRONG> (Thumb, 0 bytes, Stack size 0 bytes, startup_gd32f4xx.o(.text))
<BR>[Address Reference Count : 1]<UL><LI> startup_gd32f4xx.o(RESET)
</UL>
<P><STRONG><a name="[2b]"></a>TIMER0_UP_TIMER9_IRQHandler</STRONG> (Thumb, 0 bytes, Stack size 0 bytes, startup_gd32f4xx.o(.text))
<BR>[Address Reference Count : 1]<UL><LI> startup_gd32f4xx.o(RESET)
</UL>
<P><STRONG><a name="[2e]"></a>TIMER1_IRQHandler</STRONG> (Thumb, 0 bytes, Stack size 0 bytes, startup_gd32f4xx.o(.text))
<BR>[Address Reference Count : 1]<UL><LI> startup_gd32f4xx.o(RESET)
</UL>
<P><STRONG><a name="[2f]"></a>TIMER2_IRQHandler</STRONG> (Thumb, 0 bytes, Stack size 0 bytes, startup_gd32f4xx.o(.text))
<BR>[Address Reference Count : 1]<UL><LI> startup_gd32f4xx.o(RESET)
</UL>
<P><STRONG><a name="[30]"></a>TIMER3_IRQHandler</STRONG> (Thumb, 0 bytes, Stack size 0 bytes, startup_gd32f4xx.o(.text))
<BR>[Address Reference Count : 1]<UL><LI> startup_gd32f4xx.o(RESET)
</UL>
<P><STRONG><a name="[44]"></a>TIMER4_IRQHandler</STRONG> (Thumb, 0 bytes, Stack size 0 bytes, startup_gd32f4xx.o(.text))
<BR>[Address Reference Count : 1]<UL><LI> startup_gd32f4xx.o(RESET)
</UL>
<P><STRONG><a name="[48]"></a>TIMER5_DAC_IRQHandler</STRONG> (Thumb, 0 bytes, Stack size 0 bytes, startup_gd32f4xx.o(.text))
<BR>[Address Reference Count : 1]<UL><LI> startup_gd32f4xx.o(RESET)
</UL>
<P><STRONG><a name="[49]"></a>TIMER6_IRQHandler</STRONG> (Thumb, 0 bytes, Stack size 0 bytes, startup_gd32f4xx.o(.text))
<BR>[Address Reference Count : 1]<UL><LI> startup_gd32f4xx.o(RESET)
</UL>
<P><STRONG><a name="[3d]"></a>TIMER7_BRK_TIMER11_IRQHandler</STRONG> (Thumb, 0 bytes, Stack size 0 bytes, startup_gd32f4xx.o(.text))
<BR>[Address Reference Count : 1]<UL><LI> startup_gd32f4xx.o(RESET)
</UL>
<P><STRONG><a name="[40]"></a>TIMER7_CC_IRQHandler</STRONG> (Thumb, 0 bytes, Stack size 0 bytes, startup_gd32f4xx.o(.text))
<BR>[Address Reference Count : 1]<UL><LI> startup_gd32f4xx.o(RESET)
</UL>
<P><STRONG><a name="[3f]"></a>TIMER7_TRG_CMT_TIMER13_IRQHandler</STRONG> (Thumb, 0 bytes, Stack size 0 bytes, startup_gd32f4xx.o(.text))
<BR>[Address Reference Count : 1]<UL><LI> startup_gd32f4xx.o(RESET)
</UL>
<P><STRONG><a name="[3e]"></a>TIMER7_UP_TIMER12_IRQHandler</STRONG> (Thumb, 0 bytes, Stack size 0 bytes, startup_gd32f4xx.o(.text))
<BR>[Address Reference Count : 1]<UL><LI> startup_gd32f4xx.o(RESET)
</UL>
<P><STRONG><a name="[69]"></a>TLI_ER_IRQHandler</STRONG> (Thumb, 0 bytes, Stack size 0 bytes, startup_gd32f4xx.o(.text))
<BR>[Address Reference Count : 1]<UL><LI> startup_gd32f4xx.o(RESET)
</UL>
<P><STRONG><a name="[68]"></a>TLI_IRQHandler</STRONG> (Thumb, 0 bytes, Stack size 0 bytes, startup_gd32f4xx.o(.text))
<BR>[Address Reference Count : 1]<UL><LI> startup_gd32f4xx.o(RESET)
</UL>
<P><STRONG><a name="[61]"></a>TRNG_IRQHandler</STRONG> (Thumb, 0 bytes, Stack size 0 bytes, startup_gd32f4xx.o(.text))
<BR>[Address Reference Count : 1]<UL><LI> startup_gd32f4xx.o(RESET)
</UL>
<P><STRONG><a name="[46]"></a>UART3_IRQHandler</STRONG> (Thumb, 0 bytes, Stack size 0 bytes, startup_gd32f4xx.o(.text))
<BR>[Address Reference Count : 1]<UL><LI> startup_gd32f4xx.o(RESET)
</UL>
<P><STRONG><a name="[47]"></a>UART4_IRQHandler</STRONG> (Thumb, 0 bytes, Stack size 0 bytes, startup_gd32f4xx.o(.text))
<BR>[Address Reference Count : 1]<UL><LI> startup_gd32f4xx.o(RESET)
</UL>
<P><STRONG><a name="[63]"></a>UART6_IRQHandler</STRONG> (Thumb, 0 bytes, Stack size 0 bytes, startup_gd32f4xx.o(.text))
<BR>[Address Reference Count : 1]<UL><LI> startup_gd32f4xx.o(RESET)
</UL>
<P><STRONG><a name="[64]"></a>UART7_IRQHandler</STRONG> (Thumb, 0 bytes, Stack size 0 bytes, startup_gd32f4xx.o(.text))
<BR>[Address Reference Count : 1]<UL><LI> startup_gd32f4xx.o(RESET)
</UL>
<P><STRONG><a name="[37]"></a>USART0_IRQHandler</STRONG> (Thumb, 0 bytes, Stack size 0 bytes, startup_gd32f4xx.o(.text))
<BR>[Address Reference Count : 1]<UL><LI> startup_gd32f4xx.o(RESET)
</UL>
<P><STRONG><a name="[38]"></a>USART1_IRQHandler</STRONG> (Thumb, 0 bytes, Stack size 0 bytes, startup_gd32f4xx.o(.text))
<BR>[Address Reference Count : 1]<UL><LI> startup_gd32f4xx.o(RESET)
</UL>
<P><STRONG><a name="[39]"></a>USART2_IRQHandler</STRONG> (Thumb, 0 bytes, Stack size 0 bytes, startup_gd32f4xx.o(.text))
<BR>[Address Reference Count : 1]<UL><LI> startup_gd32f4xx.o(RESET)
</UL>
<P><STRONG><a name="[59]"></a>USART5_IRQHandler</STRONG> (Thumb, 0 bytes, Stack size 0 bytes, startup_gd32f4xx.o(.text))
<BR>[Address Reference Count : 1]<UL><LI> startup_gd32f4xx.o(RESET)
</UL>
<P><STRONG><a name="[55]"></a>USBFS_IRQHandler</STRONG> (Thumb, 0 bytes, Stack size 0 bytes, startup_gd32f4xx.o(.text))
<BR>[Address Reference Count : 1]<UL><LI> startup_gd32f4xx.o(RESET)
</UL>
<P><STRONG><a name="[3c]"></a>USBFS_WKUP_IRQHandler</STRONG> (Thumb, 0 bytes, Stack size 0 bytes, startup_gd32f4xx.o(.text))
<BR>[Address Reference Count : 1]<UL><LI> startup_gd32f4xx.o(RESET)
</UL>
<P><STRONG><a name="[5d]"></a>USBHS_EP1_In_IRQHandler</STRONG> (Thumb, 0 bytes, Stack size 0 bytes, startup_gd32f4xx.o(.text))
<BR>[Address Reference Count : 1]<UL><LI> startup_gd32f4xx.o(RESET)
</UL>
<P><STRONG><a name="[5c]"></a>USBHS_EP1_Out_IRQHandler</STRONG> (Thumb, 0 bytes, Stack size 0 bytes, startup_gd32f4xx.o(.text))
<BR>[Address Reference Count : 1]<UL><LI> startup_gd32f4xx.o(RESET)
</UL>
<P><STRONG><a name="[5f]"></a>USBHS_IRQHandler</STRONG> (Thumb, 0 bytes, Stack size 0 bytes, startup_gd32f4xx.o(.text))
<BR>[Address Reference Count : 1]<UL><LI> startup_gd32f4xx.o(RESET)
</UL>
<P><STRONG><a name="[5e]"></a>USBHS_WKUP_IRQHandler</STRONG> (Thumb, 0 bytes, Stack size 0 bytes, startup_gd32f4xx.o(.text))
<BR>[Address Reference Count : 1]<UL><LI> startup_gd32f4xx.o(RESET)
</UL>
<P><STRONG><a name="[12]"></a>WWDGT_IRQHandler</STRONG> (Thumb, 0 bytes, Stack size 0 bytes, startup_gd32f4xx.o(.text))
<BR>[Address Reference Count : 1]<UL><LI> startup_gd32f4xx.o(RESET)
</UL>
<P><STRONG><a name="[a1]"></a>__aeabi_uldivmod</STRONG> (Thumb, 98 bytes, Stack size 40 bytes, uldiv.o(.text))
<BR><BR>[Stack]<UL><LI>Max Depth = 40<LI>Call Chain = __aeabi_uldivmod
</UL>
<BR>[Calls]<UL><LI><a href="#[a2]">&gt;&gt;</a>&nbsp;&nbsp;&nbsp;__aeabi_llsr
<LI><a href="#[a3]">&gt;&gt;</a>&nbsp;&nbsp;&nbsp;__aeabi_llsl
</UL>
<BR>[Called By]<UL><LI><a href="#[cf]">&gt;&gt;</a>&nbsp;&nbsp;&nbsp;LOS_MS2Tick
<LI><a href="#[15f]">&gt;&gt;</a>&nbsp;&nbsp;&nbsp;coap_send_transaction
<LI><a href="#[109]">&gt;&gt;</a>&nbsp;&nbsp;&nbsp;_printf_core
<LI><a href="#[114]">&gt;&gt;</a>&nbsp;&nbsp;&nbsp;_fp_digits
</UL>

<P><STRONG><a name="[2b7]"></a>rand</STRONG> (Thumb, 20 bytes, Stack size 0 bytes, rand.o(.text))
<BR><BR>[Called By]<UL><LI><a href="#[166]">&gt;&gt;</a>&nbsp;&nbsp;&nbsp;oc_random_value
</UL>

<P><STRONG><a name="[2b6]"></a>srand</STRONG> (Thumb, 6 bytes, Stack size 0 bytes, rand.o(.text))
<BR><BR>[Called By]<UL><LI><a href="#[2b5]">&gt;&gt;</a>&nbsp;&nbsp;&nbsp;oc_random_init
</UL>

<P><STRONG><a name="[33a]"></a>____aeabi_memcpy8$ret$move</STRONG> (Thumb, 0 bytes, Stack size 8 bytes, memmove.o(.text), UNUSED)

<P><STRONG><a name="[33b]"></a>___aeabi_memmove4$ret</STRONG> (Thumb, 0 bytes, Stack size 8 bytes, memmove.o(.text), UNUSED)

<P><STRONG><a name="[33c]"></a>___aeabi_memmove8$ret</STRONG> (Thumb, 0 bytes, Stack size 8 bytes, memmove.o(.text), UNUSED)

<P><STRONG><a name="[11c]"></a>__aeabi_memcpy</STRONG> (Thumb, 66 bytes, Stack size 8 bytes, memmove.o(.text))
<BR><BR>[Stack]<UL><LI>Max Depth = 8<LI>Call Chain = __aeabi_memcpy
</UL>
<BR>[Called By]<UL><LI><a href="#[258]">&gt;&gt;</a>&nbsp;&nbsp;&nbsp;lwip_recvfrom
<LI><a href="#[1d4]">&gt;&gt;</a>&nbsp;&nbsp;&nbsp;tcp_write
<LI><a href="#[1fe]">&gt;&gt;</a>&nbsp;&nbsp;&nbsp;pbuf_copy
<LI><a href="#[25c]">&gt;&gt;</a>&nbsp;&nbsp;&nbsp;pbuf_copy_partial
<LI><a href="#[22d]">&gt;&gt;</a>&nbsp;&nbsp;&nbsp;ip_output_if_opt
<LI><a href="#[222]">&gt;&gt;</a>&nbsp;&nbsp;&nbsp;icmp_send_response
<LI><a href="#[7a]">&gt;&gt;</a>&nbsp;&nbsp;&nbsp;low_level_output
<LI><a href="#[205]">&gt;&gt;</a>&nbsp;&nbsp;&nbsp;low_level_input
<LI><a href="#[170]">&gt;&gt;</a>&nbsp;&nbsp;&nbsp;coap_separate_accept
<LI><a href="#[16d]">&gt;&gt;</a>&nbsp;&nbsp;&nbsp;coap_notify_observers
<LI><a href="#[11a]">&gt;&gt;</a>&nbsp;&nbsp;&nbsp;_oc_copy_string_to_string_array
<LI><a href="#[13e]">&gt;&gt;</a>&nbsp;&nbsp;&nbsp;oc_new_string
<LI><a href="#[290]">&gt;&gt;</a>&nbsp;&nbsp;&nbsp;oc_store_uri
<LI><a href="#[8c]">&gt;&gt;</a>&nbsp;&nbsp;&nbsp;oc_core_platform_handler
<LI><a href="#[8b]">&gt;&gt;</a>&nbsp;&nbsp;&nbsp;oc_core_device_handler
<LI><a href="#[125]">&gt;&gt;</a>&nbsp;&nbsp;&nbsp;add_observer
<LI><a href="#[181]">&gt;&gt;</a>&nbsp;&nbsp;&nbsp;coap_send_empty_ack
<LI><a href="#[175]">&gt;&gt;</a>&nbsp;&nbsp;&nbsp;coap_set_token
<LI><a href="#[17b]">&gt;&gt;</a>&nbsp;&nbsp;&nbsp;coap_parse_message
<LI><a href="#[18c]">&gt;&gt;</a>&nbsp;&nbsp;&nbsp;coap_serialize_array_option
<LI><a href="#[16b]">&gt;&gt;</a>&nbsp;&nbsp;&nbsp;coap_new_transaction
<LI><a href="#[140]">&gt;&gt;</a>&nbsp;&nbsp;&nbsp;append_to_buffer
</UL>

<P><STRONG><a name="[20f]"></a>__aeabi_memcpy4</STRONG> (Thumb, 0 bytes, Stack size 8 bytes, memmove.o(.text))
<BR><BR>[Stack]<UL><LI>Max Depth = 8<LI>Call Chain = __aeabi_memcpy4
</UL>
<BR>[Called By]<UL><LI><a href="#[20d]">&gt;&gt;</a>&nbsp;&nbsp;&nbsp;finalize_payload
</UL>

<P><STRONG><a name="[16a]"></a>__aeabi_memmove</STRONG> (Thumb, 0 bytes, Stack size 8 bytes, memmove.o(.text))
<BR><BR>[Stack]<UL><LI>Max Depth = 8<LI>Call Chain = __aeabi_memmove
</UL>
<BR>[Called By]<UL><LI><a href="#[297]">&gt;&gt;</a>&nbsp;&nbsp;&nbsp;oc_mmem_free
<LI><a href="#[169]">&gt;&gt;</a>&nbsp;&nbsp;&nbsp;coap_merge_multi_option
<LI><a href="#[177]">&gt;&gt;</a>&nbsp;&nbsp;&nbsp;coap_serialize_message
</UL>

<P><STRONG><a name="[70]"></a>memcpy</STRONG> (Thumb, 0 bytes, Stack size 8 bytes, memmove.o(.text))
<BR><BR>[Stack]<UL><LI>Max Depth = 8<LI>Call Chain = memcpy
</UL>
<BR>[Address Reference Count : 1]<UL><LI> cborparser.o(i._cbor_value_copy_string)
</UL>
<P><STRONG><a name="[33d]"></a>memmove</STRONG> (Thumb, 0 bytes, Stack size 8 bytes, memmove.o(.text), UNUSED)

<P><STRONG><a name="[a5]"></a>__aeabi_memset</STRONG> (Thumb, 14 bytes, Stack size 0 bytes, memseta.o(.text))
<BR><BR>[Called By]<UL><LI><a href="#[a6]">&gt;&gt;</a>&nbsp;&nbsp;&nbsp;_memset$wrapper
<LI><a href="#[a4]">&gt;&gt;</a>&nbsp;&nbsp;&nbsp;__aeabi_memclr
</UL>

<P><STRONG><a name="[33e]"></a>__aeabi_memset4</STRONG> (Thumb, 0 bytes, Stack size 0 bytes, memseta.o(.text), UNUSED)

<P><STRONG><a name="[33f]"></a>__aeabi_memset8</STRONG> (Thumb, 0 bytes, Stack size 0 bytes, memseta.o(.text), UNUSED)

<P><STRONG><a name="[a4]"></a>__aeabi_memclr</STRONG> (Thumb, 4 bytes, Stack size 0 bytes, memseta.o(.text))
<BR><BR>[Calls]<UL><LI><a href="#[a5]">&gt;&gt;</a>&nbsp;&nbsp;&nbsp;__aeabi_memset
</UL>
<BR>[Called By]<UL><LI><a href="#[22d]">&gt;&gt;</a>&nbsp;&nbsp;&nbsp;ip_output_if_opt
</UL>

<P><STRONG><a name="[168]"></a>__aeabi_memclr4</STRONG> (Thumb, 0 bytes, Stack size 0 bytes, memseta.o(.text))
<BR><BR>[Called By]<UL><LI><a href="#[2d8]">&gt;&gt;</a>&nbsp;&nbsp;&nbsp;osTaskInit
<LI><a href="#[2d4]">&gt;&gt;</a>&nbsp;&nbsp;&nbsp;osIdleTaskCreate
<LI><a href="#[2eb]">&gt;&gt;</a>&nbsp;&nbsp;&nbsp;osSwTmrTaskCreate
<LI><a href="#[2dc]">&gt;&gt;</a>&nbsp;&nbsp;&nbsp;osSwTmrInit
<LI><a href="#[2db]">&gt;&gt;</a>&nbsp;&nbsp;&nbsp;osQueueInit
<LI><a href="#[e5]">&gt;&gt;</a>&nbsp;&nbsp;&nbsp;osQueueCreate
<LI><a href="#[26e]">&gt;&gt;</a>&nbsp;&nbsp;&nbsp;osThreadCreate
<LI><a href="#[2fa]">&gt;&gt;</a>&nbsp;&nbsp;&nbsp;udp_new
<LI><a href="#[2f8]">&gt;&gt;</a>&nbsp;&nbsp;&nbsp;raw_new
<LI><a href="#[310]">&gt;&gt;</a>&nbsp;&nbsp;&nbsp;tcp_alloc
<LI><a href="#[16d]">&gt;&gt;</a>&nbsp;&nbsp;&nbsp;coap_notify_observers
<LI><a href="#[17b]">&gt;&gt;</a>&nbsp;&nbsp;&nbsp;coap_parse_message
<LI><a href="#[167]">&gt;&gt;</a>&nbsp;&nbsp;&nbsp;coap_init_message
</UL>

<P><STRONG><a name="[340]"></a>__aeabi_memclr8</STRONG> (Thumb, 0 bytes, Stack size 0 bytes, memseta.o(.text), UNUSED)

<P><STRONG><a name="[a6]"></a>_memset$wrapper</STRONG> (Thumb, 18 bytes, Stack size 8 bytes, memseta.o(.text), UNUSED)
<BR><BR>[Calls]<UL><LI><a href="#[a5]">&gt;&gt;</a>&nbsp;&nbsp;&nbsp;__aeabi_memset
</UL>

<P><STRONG><a name="[11b]"></a>strlen</STRONG> (Thumb, 14 bytes, Stack size 0 bytes, strlen.o(.text))
<BR><BR>[Called By]<UL><LI><a href="#[11a]">&gt;&gt;</a>&nbsp;&nbsp;&nbsp;_oc_copy_string_to_string_array
<LI><a href="#[28c]">&gt;&gt;</a>&nbsp;&nbsp;&nbsp;oc_ri_get_query_value
<LI><a href="#[28d]">&gt;&gt;</a>&nbsp;&nbsp;&nbsp;process_device_object
<LI><a href="#[20a]">&gt;&gt;</a>&nbsp;&nbsp;&nbsp;filter_resource
<LI><a href="#[13e]">&gt;&gt;</a>&nbsp;&nbsp;&nbsp;oc_new_string
<LI><a href="#[121]">&gt;&gt;</a>&nbsp;&nbsp;&nbsp;_oc_string_array_add_item
<LI><a href="#[290]">&gt;&gt;</a>&nbsp;&nbsp;&nbsp;oc_store_uri
<LI><a href="#[28f]">&gt;&gt;</a>&nbsp;&nbsp;&nbsp;oc_core_init_platform
<LI><a href="#[282]">&gt;&gt;</a>&nbsp;&nbsp;&nbsp;oc_core_add_new_device
<LI><a href="#[95]">&gt;&gt;</a>&nbsp;&nbsp;&nbsp;get_light
<LI><a href="#[21e]">&gt;&gt;</a>&nbsp;&nbsp;&nbsp;oc_process_baseline_interface
</UL>

<P><STRONG><a name="[2be]"></a>memchr</STRONG> (Thumb, 20 bytes, Stack size 0 bytes, memchr.o(.text))
<BR><BR>[Called By]<UL><LI><a href="#[2bd]">&gt;&gt;</a>&nbsp;&nbsp;&nbsp;oc_ri_get_query_nth_key_value
</UL>

<P><STRONG><a name="[178]"></a>memcmp</STRONG> (Thumb, 26 bytes, Stack size 12 bytes, memcmp.o(.text))
<BR><BR>[Stack]<UL><LI>Max Depth = 12<LI>Call Chain = memcmp
</UL>
<BR>[Called By]<UL><LI><a href="#[201]">&gt;&gt;</a>&nbsp;&nbsp;&nbsp;ethernet_input
<LI><a href="#[170]">&gt;&gt;</a>&nbsp;&nbsp;&nbsp;coap_separate_accept
<LI><a href="#[17a]">&gt;&gt;</a>&nbsp;&nbsp;&nbsp;coap_remove_observer_by_token
<LI><a href="#[16d]">&gt;&gt;</a>&nbsp;&nbsp;&nbsp;coap_notify_observers
<LI><a href="#[184]">&gt;&gt;</a>&nbsp;&nbsp;&nbsp;coap_remove_observer_by_client
<LI><a href="#[126]">&gt;&gt;</a>&nbsp;&nbsp;&nbsp;coap_remove_observer_handle_by_uri
<LI><a href="#[182]">&gt;&gt;</a>&nbsp;&nbsp;&nbsp;coap_remove_observer_by_mid
</UL>

<P><STRONG><a name="[20b]"></a>strncmp</STRONG> (Thumb, 30 bytes, Stack size 12 bytes, strncmp.o(.text))
<BR><BR>[Stack]<UL><LI>Max Depth = 12<LI>Call Chain = strncmp
</UL>
<BR>[Called By]<UL><LI><a href="#[180]">&gt;&gt;</a>&nbsp;&nbsp;&nbsp;oc_ri_invoke_coap_entity_handler
<LI><a href="#[2bc]">&gt;&gt;</a>&nbsp;&nbsp;&nbsp;oc_ri_get_interface_mask
<LI><a href="#[20a]">&gt;&gt;</a>&nbsp;&nbsp;&nbsp;filter_resource
<LI><a href="#[282]">&gt;&gt;</a>&nbsp;&nbsp;&nbsp;oc_core_add_new_device
</UL>

<P><STRONG><a name="[a7]"></a>strncasecmp</STRONG> (Thumb, 50 bytes, Stack size 24 bytes, strncasecmp.o(.text))
<BR><BR>[Stack]<UL><LI>Max Depth = 24<LI>Call Chain = strncasecmp
</UL>
<BR>[Calls]<UL><LI><a href="#[a8]">&gt;&gt;</a>&nbsp;&nbsp;&nbsp;tolower
</UL>
<BR>[Called By]<UL><LI><a href="#[28c]">&gt;&gt;</a>&nbsp;&nbsp;&nbsp;oc_ri_get_query_value
</UL>

<P><STRONG><a name="[a9]"></a>__aeabi_dadd</STRONG> (Thumb, 322 bytes, Stack size 48 bytes, dadd.o(.text), UNUSED)
<BR><BR>[Calls]<UL><LI><a href="#[aa]">&gt;&gt;</a>&nbsp;&nbsp;&nbsp;__aeabi_lasr
<LI><a href="#[a3]">&gt;&gt;</a>&nbsp;&nbsp;&nbsp;__aeabi_llsl
<LI><a href="#[ac]">&gt;&gt;</a>&nbsp;&nbsp;&nbsp;_double_round
<LI><a href="#[ab]">&gt;&gt;</a>&nbsp;&nbsp;&nbsp;_double_epilogue
</UL>
<BR>[Called By]<UL><LI><a href="#[ad]">&gt;&gt;</a>&nbsp;&nbsp;&nbsp;__aeabi_dsub
<LI><a href="#[ae]">&gt;&gt;</a>&nbsp;&nbsp;&nbsp;__aeabi_drsub
<LI><a href="#[114]">&gt;&gt;</a>&nbsp;&nbsp;&nbsp;_fp_digits
</UL>

<P><STRONG><a name="[ad]"></a>__aeabi_dsub</STRONG> (Thumb, 6 bytes, Stack size 0 bytes, dadd.o(.text), UNUSED)
<BR><BR>[Calls]<UL><LI><a href="#[a9]">&gt;&gt;</a>&nbsp;&nbsp;&nbsp;__aeabi_dadd
</UL>

<P><STRONG><a name="[ae]"></a>__aeabi_drsub</STRONG> (Thumb, 6 bytes, Stack size 0 bytes, dadd.o(.text), UNUSED)
<BR><BR>[Calls]<UL><LI><a href="#[a9]">&gt;&gt;</a>&nbsp;&nbsp;&nbsp;__aeabi_dadd
</UL>

<P><STRONG><a name="[af]"></a>__aeabi_ddiv</STRONG> (Thumb, 222 bytes, Stack size 32 bytes, ddiv.o(.text), UNUSED)
<BR><BR>[Calls]<UL><LI><a href="#[ac]">&gt;&gt;</a>&nbsp;&nbsp;&nbsp;_double_round
</UL>
<BR>[Called By]<UL><LI><a href="#[114]">&gt;&gt;</a>&nbsp;&nbsp;&nbsp;_fp_digits
</UL>

<P><STRONG><a name="[b0]"></a>__aeabi_d2ulz</STRONG> (Thumb, 48 bytes, Stack size 0 bytes, dfixul.o(.text), UNUSED)
<BR><BR>[Calls]<UL><LI><a href="#[a2]">&gt;&gt;</a>&nbsp;&nbsp;&nbsp;__aeabi_llsr
<LI><a href="#[a3]">&gt;&gt;</a>&nbsp;&nbsp;&nbsp;__aeabi_llsl
</UL>
<BR>[Called By]<UL><LI><a href="#[114]">&gt;&gt;</a>&nbsp;&nbsp;&nbsp;_fp_digits
</UL>

<P><STRONG><a name="[341]"></a>__aeabi_uidiv</STRONG> (Thumb, 0 bytes, Stack size 12 bytes, uidiv.o(.text), UNUSED)

<P><STRONG><a name="[124]"></a>__aeabi_uidivmod</STRONG> (Thumb, 44 bytes, Stack size 12 bytes, uidiv.o(.text), UNUSED)
<BR><BR>[Called By]<UL><LI><a href="#[109]">&gt;&gt;</a>&nbsp;&nbsp;&nbsp;_printf_core
</UL>

<P><STRONG><a name="[a3]"></a>__aeabi_llsl</STRONG> (Thumb, 30 bytes, Stack size 0 bytes, llshl.o(.text))
<BR><BR>[Called By]<UL><LI><a href="#[b0]">&gt;&gt;</a>&nbsp;&nbsp;&nbsp;__aeabi_d2ulz
<LI><a href="#[a1]">&gt;&gt;</a>&nbsp;&nbsp;&nbsp;__aeabi_uldivmod
<LI><a href="#[ab]">&gt;&gt;</a>&nbsp;&nbsp;&nbsp;_double_epilogue
<LI><a href="#[a9]">&gt;&gt;</a>&nbsp;&nbsp;&nbsp;__aeabi_dadd
</UL>

<P><STRONG><a name="[342]"></a>_ll_shift_l</STRONG> (Thumb, 0 bytes, Stack size 0 bytes, llshl.o(.text), UNUSED)

<P><STRONG><a name="[a2]"></a>__aeabi_llsr</STRONG> (Thumb, 32 bytes, Stack size 0 bytes, llushr.o(.text))
<BR><BR>[Called By]<UL><LI><a href="#[b0]">&gt;&gt;</a>&nbsp;&nbsp;&nbsp;__aeabi_d2ulz
<LI><a href="#[a1]">&gt;&gt;</a>&nbsp;&nbsp;&nbsp;__aeabi_uldivmod
<LI><a href="#[ab]">&gt;&gt;</a>&nbsp;&nbsp;&nbsp;_double_epilogue
</UL>

<P><STRONG><a name="[343]"></a>_ll_ushift_r</STRONG> (Thumb, 0 bytes, Stack size 0 bytes, llushr.o(.text), UNUSED)

<P><STRONG><a name="[aa]"></a>__aeabi_lasr</STRONG> (Thumb, 36 bytes, Stack size 0 bytes, llsshr.o(.text), UNUSED)
<BR><BR>[Called By]<UL><LI><a href="#[a9]">&gt;&gt;</a>&nbsp;&nbsp;&nbsp;__aeabi_dadd
</UL>

<P><STRONG><a name="[344]"></a>_ll_sshift_r</STRONG> (Thumb, 0 bytes, Stack size 0 bytes, llsshr.o(.text), UNUSED)

<P><STRONG><a name="[a8]"></a>tolower</STRONG> (Thumb, 12 bytes, Stack size 0 bytes, tolower.o(.text))
<BR><BR>[Called By]<UL><LI><a href="#[a7]">&gt;&gt;</a>&nbsp;&nbsp;&nbsp;strncasecmp
</UL>

<P><STRONG><a name="[345]"></a>__I$use$fp</STRONG> (Thumb, 0 bytes, Stack size 8 bytes, iusefp.o(.text), UNUSED)

<P><STRONG><a name="[ac]"></a>_double_round</STRONG> (Thumb, 30 bytes, Stack size 8 bytes, depilogue.o(.text), UNUSED)
<BR><BR>[Called By]<UL><LI><a href="#[af]">&gt;&gt;</a>&nbsp;&nbsp;&nbsp;__aeabi_ddiv
<LI><a href="#[ab]">&gt;&gt;</a>&nbsp;&nbsp;&nbsp;_double_epilogue
<LI><a href="#[a9]">&gt;&gt;</a>&nbsp;&nbsp;&nbsp;__aeabi_dadd
</UL>

<P><STRONG><a name="[ab]"></a>_double_epilogue</STRONG> (Thumb, 156 bytes, Stack size 32 bytes, depilogue.o(.text), UNUSED)
<BR><BR>[Calls]<UL><LI><a href="#[a2]">&gt;&gt;</a>&nbsp;&nbsp;&nbsp;__aeabi_llsr
<LI><a href="#[a3]">&gt;&gt;</a>&nbsp;&nbsp;&nbsp;__aeabi_llsl
<LI><a href="#[ac]">&gt;&gt;</a>&nbsp;&nbsp;&nbsp;_double_round
</UL>
<BR>[Called By]<UL><LI><a href="#[b1]">&gt;&gt;</a>&nbsp;&nbsp;&nbsp;__aeabi_dmul
<LI><a href="#[a9]">&gt;&gt;</a>&nbsp;&nbsp;&nbsp;__aeabi_dadd
</UL>

<P><STRONG><a name="[b1]"></a>__aeabi_dmul</STRONG> (Thumb, 228 bytes, Stack size 48 bytes, dmul.o(.text), UNUSED)
<BR><BR>[Calls]<UL><LI><a href="#[ab]">&gt;&gt;</a>&nbsp;&nbsp;&nbsp;_double_epilogue
</UL>
<BR>[Called By]<UL><LI><a href="#[114]">&gt;&gt;</a>&nbsp;&nbsp;&nbsp;_fp_digits
</UL>

<P><STRONG><a name="[115]"></a>__aeabi_cdrcmple</STRONG> (Thumb, 48 bytes, Stack size 0 bytes, cdrcmple.o(.text), UNUSED)
<BR><BR>[Called By]<UL><LI><a href="#[114]">&gt;&gt;</a>&nbsp;&nbsp;&nbsp;_fp_digits
</UL>

<P><STRONG><a name="[a0]"></a>__scatterload</STRONG> (Thumb, 28 bytes, Stack size 0 bytes, init.o(.text))
<BR><BR>[Calls]<UL><LI><a href="#[b2]">&gt;&gt;</a>&nbsp;&nbsp;&nbsp;__main_after_scatterload
</UL>
<BR>[Called By]<UL><LI><a href="#[9f]">&gt;&gt;</a>&nbsp;&nbsp;&nbsp;_main_scatterload
</UL>

<P><STRONG><a name="[346]"></a>__scatterload_rt2</STRONG> (Thumb, 0 bytes, Stack size 0 bytes, init.o(.text), UNUSED)

<P><STRONG><a name="[347]"></a>__decompress</STRONG> (Thumb, 0 bytes, Stack size unknown bytes, __dczerorl2.o(.text), UNUSED)

<P><STRONG><a name="[348]"></a>__decompress1</STRONG> (Thumb, 86 bytes, Stack size unknown bytes, __dczerorl2.o(.text), UNUSED)

<P><STRONG><a name="[e]"></a>BusFault_Handler</STRONG> (Thumb, 4 bytes, Stack size 0 bytes, gd32f4xx_it.o(i.BusFault_Handler))
<BR>[Address Reference Count : 1]<UL><LI> startup_gd32f4xx.o(RESET)
</UL>
<P><STRONG><a name="[4f]"></a>ENET_IRQHandler</STRONG> (Thumb, 46 bytes, Stack size 8 bytes, gd32f4xx_it.o(i.ENET_IRQHandler))
<BR><BR>[Stack]<UL><LI>Max Depth = 64 + Unknown Stack Size
<LI>Call Chain = ENET_IRQHandler &rArr; sys_sem_signal &rArr; LOS_SemPost &rArr; osTimerListDelete
</UL>
<BR>[Calls]<UL><LI><a href="#[b6]">&gt;&gt;</a>&nbsp;&nbsp;&nbsp;LOS_Schedule
<LI><a href="#[b3]">&gt;&gt;</a>&nbsp;&nbsp;&nbsp;enet_interrupt_flag_get
<LI><a href="#[b5]">&gt;&gt;</a>&nbsp;&nbsp;&nbsp;enet_interrupt_flag_clear
<LI><a href="#[b4]">&gt;&gt;</a>&nbsp;&nbsp;&nbsp;sys_sem_signal
</UL>
<BR>[Address Reference Count : 1]<UL><LI> startup_gd32f4xx.o(RESET)
</UL>
<P><STRONG><a name="[3a]"></a>EXTI10_15_IRQHandler</STRONG> (Thumb, 28 bytes, Stack size 8 bytes, los_bsp_key.o(i.EXTI10_15_IRQHandler))
<BR><BR>[Stack]<UL><LI>Max Depth = 8<LI>Call Chain = EXTI10_15_IRQHandler
</UL>
<BR>[Calls]<UL><LI><a href="#[b8]">&gt;&gt;</a>&nbsp;&nbsp;&nbsp;gd_eval_led_toggle
<LI><a href="#[b7]">&gt;&gt;</a>&nbsp;&nbsp;&nbsp;exti_interrupt_flag_get
<LI><a href="#[b9]">&gt;&gt;</a>&nbsp;&nbsp;&nbsp;exti_interrupt_flag_clear
</UL>
<BR>[Address Reference Count : 1]<UL><LI> startup_gd32f4xx.o(RESET)
</UL>
<P><STRONG><a name="[c]"></a>HardFault_Handler</STRONG> (Thumb, 4 bytes, Stack size 0 bytes, gd32f4xx_it.o(i.HardFault_Handler))
<BR>[Address Reference Count : 1]<UL><LI> startup_gd32f4xx.o(RESET)
</UL>
<P><STRONG><a name="[fb]"></a>LOS_Align</STRONG> (Thumb, 28 bytes, Stack size 0 bytes, los_misc.o(i.LOS_Align))
<BR><BR>[Called By]<UL><LI><a href="#[f9]">&gt;&gt;</a>&nbsp;&nbsp;&nbsp;LOS_TaskCreateOnly
</UL>

<P><STRONG><a name="[d7]"></a>LOS_DLnkInitMultiHead</STRONG> (Thumb, 30 bytes, Stack size 8 bytes, los_multipledlinkhead.o(i.LOS_DLnkInitMultiHead))
<BR><BR>[Stack]<UL><LI>Max Depth = 8<LI>Call Chain = LOS_DLnkInitMultiHead
</UL>
<BR>[Called By]<UL><LI><a href="#[d6]">&gt;&gt;</a>&nbsp;&nbsp;&nbsp;LOS_MemInit
</UL>

<P><STRONG><a name="[ba]"></a>LOS_DLnkMultiHead</STRONG> (Thumb, 42 bytes, Stack size 24 bytes, los_multipledlinkhead.o(i.LOS_DLnkMultiHead))
<BR><BR>[Stack]<UL><LI>Max Depth = 24<LI>Call Chain = LOS_DLnkMultiHead
</UL>
<BR>[Calls]<UL><LI><a href="#[bb]">&gt;&gt;</a>&nbsp;&nbsp;&nbsp;LOS_Log2
</UL>
<BR>[Called By]<UL><LI><a href="#[d6]">&gt;&gt;</a>&nbsp;&nbsp;&nbsp;LOS_MemInit
<LI><a href="#[2df]">&gt;&gt;</a>&nbsp;&nbsp;&nbsp;osMemSpitNode
<LI><a href="#[d5]">&gt;&gt;</a>&nbsp;&nbsp;&nbsp;osMemFreeNode
<LI><a href="#[2de]">&gt;&gt;</a>&nbsp;&nbsp;&nbsp;osMemFindSuitableFreeBlock
</UL>

<P><STRONG><a name="[bc]"></a>LOS_EnableTick</STRONG> (Thumb, 18 bytes, Stack size 8 bytes, los_config.o(i.LOS_EnableTick))
<BR><BR>[Stack]<UL><LI>Max Depth = 24<LI>Call Chain = LOS_EnableTick &rArr; osTickStart
</UL>
<BR>[Calls]<UL><LI><a href="#[bd]">&gt;&gt;</a>&nbsp;&nbsp;&nbsp;osTickStart
</UL>
<BR>[Called By]<UL><LI><a href="#[6b]">&gt;&gt;</a>&nbsp;&nbsp;&nbsp;main
</UL>

<P><STRONG><a name="[305]"></a>LOS_EventInit</STRONG> (Thumb, 24 bytes, Stack size 0 bytes, los_event.o(i.LOS_EventInit))
<BR><BR>[Called By]<UL><LI><a href="#[23b]">&gt;&gt;</a>&nbsp;&nbsp;&nbsp;simpleserverstart
</UL>

<P><STRONG><a name="[be]"></a>LOS_EventPoll</STRONG> (Thumb, 80 bytes, Stack size 24 bytes, los_event.o(i.LOS_EventPoll))
<BR><BR>[Stack]<UL><LI>Max Depth = 24 + Unknown Stack Size
<LI>Call Chain = LOS_EventPoll
</UL>
<BR>[Calls]<UL><LI><a href="#[c0]">&gt;&gt;</a>&nbsp;&nbsp;&nbsp;LOS_IntRestore
<LI><a href="#[bf]">&gt;&gt;</a>&nbsp;&nbsp;&nbsp;LOS_IntLock
</UL>
<BR>[Called By]<UL><LI><a href="#[c1]">&gt;&gt;</a>&nbsp;&nbsp;&nbsp;LOS_EventRead
</UL>

<P><STRONG><a name="[c1]"></a>LOS_EventRead</STRONG> (Thumb, 330 bytes, Stack size 40 bytes, los_event.o(i.LOS_EventRead))
<BR><BR>[Stack]<UL><LI>Max Depth = 88 + Unknown Stack Size
<LI>Call Chain = LOS_EventRead &rArr; osTaskAdd2TimerList &rArr; LOS_ListTailInsert
</UL>
<BR>[Calls]<UL><LI><a href="#[be]">&gt;&gt;</a>&nbsp;&nbsp;&nbsp;LOS_EventPoll
<LI><a href="#[b6]">&gt;&gt;</a>&nbsp;&nbsp;&nbsp;LOS_Schedule
<LI><a href="#[c3]">&gt;&gt;</a>&nbsp;&nbsp;&nbsp;osTaskAdd2TimerList
<LI><a href="#[c0]">&gt;&gt;</a>&nbsp;&nbsp;&nbsp;LOS_IntRestore
<LI><a href="#[bf]">&gt;&gt;</a>&nbsp;&nbsp;&nbsp;LOS_IntLock
<LI><a href="#[c2]">&gt;&gt;</a>&nbsp;&nbsp;&nbsp;LOS_PriqueueDequeue
</UL>
<BR>[Called By]<UL><LI><a href="#[23b]">&gt;&gt;</a>&nbsp;&nbsp;&nbsp;simpleserverstart
</UL>

<P><STRONG><a name="[c4]"></a>LOS_EventWrite</STRONG> (Thumb, 244 bytes, Stack size 32 bytes, los_event.o(i.LOS_EventWrite))
<BR><BR>[Stack]<UL><LI>Max Depth = 56 + Unknown Stack Size
<LI>Call Chain = LOS_EventWrite &rArr; osTimerListDelete
</UL>
<BR>[Calls]<UL><LI><a href="#[b6]">&gt;&gt;</a>&nbsp;&nbsp;&nbsp;LOS_Schedule
<LI><a href="#[c5]">&gt;&gt;</a>&nbsp;&nbsp;&nbsp;osTimerListDelete
<LI><a href="#[c0]">&gt;&gt;</a>&nbsp;&nbsp;&nbsp;LOS_IntRestore
<LI><a href="#[bf]">&gt;&gt;</a>&nbsp;&nbsp;&nbsp;LOS_IntLock
<LI><a href="#[c6]">&gt;&gt;</a>&nbsp;&nbsp;&nbsp;LOS_PriqueueEnqueue
</UL>
<BR>[Called By]<UL><LI><a href="#[9d]">&gt;&gt;</a>&nbsp;&nbsp;&nbsp;signal_event_loop
</UL>

<P><STRONG><a name="[c7]"></a>LOS_KernelInit</STRONG> (Thumb, 18 bytes, Stack size 8 bytes, los_config.o(i.LOS_KernelInit))
<BR><BR>[Stack]<UL><LI>Max Depth = 280 + Unknown Stack Size
<LI>Call Chain = LOS_KernelInit &rArr; osMain &rArr; osSwTmrInit &rArr; osSwTmrTaskCreate &rArr; LOS_TaskCreate &rArr; LOS_TaskCreateOnly &rArr; LOS_MemAllocAlign &rArr; osMemAllocWithCheck &rArr; osMemSpitNode &rArr; LOS_DLnkMultiHead
</UL>
<BR>[Calls]<UL><LI><a href="#[c8]">&gt;&gt;</a>&nbsp;&nbsp;&nbsp;osMain
</UL>
<BR>[Called By]<UL><LI><a href="#[6b]">&gt;&gt;</a>&nbsp;&nbsp;&nbsp;main
</UL>

<P><STRONG><a name="[cf]"></a>LOS_MS2Tick</STRONG> (Thumb, 40 bytes, Stack size 16 bytes, los_sys.o(i.LOS_MS2Tick))
<BR><BR>[Stack]<UL><LI>Max Depth = 56<LI>Call Chain = LOS_MS2Tick &rArr; __aeabi_uldivmod
</UL>
<BR>[Calls]<UL><LI><a href="#[a1]">&gt;&gt;</a>&nbsp;&nbsp;&nbsp;__aeabi_uldivmod
</UL>
<BR>[Called By]<UL><LI><a href="#[2e8]">&gt;&gt;</a>&nbsp;&nbsp;&nbsp;osMessagePut
<LI><a href="#[2e7]">&gt;&gt;</a>&nbsp;&nbsp;&nbsp;osMessageGet
<LI><a href="#[241]">&gt;&gt;</a>&nbsp;&nbsp;&nbsp;osDelay
</UL>

<P><STRONG><a name="[d0]"></a>LOS_MemAlloc</STRONG> (Thumb, 58 bytes, Stack size 24 bytes, los_memory.o(i.LOS_MemAlloc))
<BR><BR>[Stack]<UL><LI>Max Depth = 104 + Unknown Stack Size
<LI>Call Chain = LOS_MemAlloc &rArr; osMemAllocWithCheck &rArr; osMemSpitNode &rArr; LOS_DLnkMultiHead
</UL>
<BR>[Calls]<UL><LI><a href="#[c0]">&gt;&gt;</a>&nbsp;&nbsp;&nbsp;LOS_IntRestore
<LI><a href="#[bf]">&gt;&gt;</a>&nbsp;&nbsp;&nbsp;LOS_IntLock
<LI><a href="#[d1]">&gt;&gt;</a>&nbsp;&nbsp;&nbsp;osMemAllocWithCheck
</UL>
<BR>[Called By]<UL><LI><a href="#[2da]">&gt;&gt;</a>&nbsp;&nbsp;&nbsp;osMuxInit
<LI><a href="#[2d8]">&gt;&gt;</a>&nbsp;&nbsp;&nbsp;osTaskInit
<LI><a href="#[2dc]">&gt;&gt;</a>&nbsp;&nbsp;&nbsp;osSwTmrInit
<LI><a href="#[2e9]">&gt;&gt;</a>&nbsp;&nbsp;&nbsp;osPriqueueInit
<LI><a href="#[2d9]">&gt;&gt;</a>&nbsp;&nbsp;&nbsp;osSemInit
<LI><a href="#[2db]">&gt;&gt;</a>&nbsp;&nbsp;&nbsp;osQueueInit
<LI><a href="#[e5]">&gt;&gt;</a>&nbsp;&nbsp;&nbsp;osQueueCreate
</UL>

<P><STRONG><a name="[d2]"></a>LOS_MemAllocAlign</STRONG> (Thumb, 108 bytes, Stack size 40 bytes, los_memory.o(i.LOS_MemAllocAlign))
<BR><BR>[Stack]<UL><LI>Max Depth = 120 + Unknown Stack Size
<LI>Call Chain = LOS_MemAllocAlign &rArr; osMemAllocWithCheck &rArr; osMemSpitNode &rArr; LOS_DLnkMultiHead
</UL>
<BR>[Calls]<UL><LI><a href="#[c0]">&gt;&gt;</a>&nbsp;&nbsp;&nbsp;LOS_IntRestore
<LI><a href="#[bf]">&gt;&gt;</a>&nbsp;&nbsp;&nbsp;LOS_IntLock
<LI><a href="#[d1]">&gt;&gt;</a>&nbsp;&nbsp;&nbsp;osMemAllocWithCheck
</UL>
<BR>[Called By]<UL><LI><a href="#[f9]">&gt;&gt;</a>&nbsp;&nbsp;&nbsp;LOS_TaskCreateOnly
</UL>

<P><STRONG><a name="[d3]"></a>LOS_MemFree</STRONG> (Thumb, 84 bytes, Stack size 32 bytes, los_memory.o(i.LOS_MemFree))
<BR><BR>[Stack]<UL><LI>Max Depth = 84 + Unknown Stack Size
<LI>Call Chain = LOS_MemFree &rArr; osMemCheckUsedNode &rArr; osMemIsNodeValid
</UL>
<BR>[Calls]<UL><LI><a href="#[c0]">&gt;&gt;</a>&nbsp;&nbsp;&nbsp;LOS_IntRestore
<LI><a href="#[bf]">&gt;&gt;</a>&nbsp;&nbsp;&nbsp;LOS_IntLock
<LI><a href="#[d5]">&gt;&gt;</a>&nbsp;&nbsp;&nbsp;osMemFreeNode
<LI><a href="#[d4]">&gt;&gt;</a>&nbsp;&nbsp;&nbsp;osMemCheckUsedNode
</UL>
<BR>[Called By]<UL><LI><a href="#[101]">&gt;&gt;</a>&nbsp;&nbsp;&nbsp;LOS_TaskDelete
<LI><a href="#[f9]">&gt;&gt;</a>&nbsp;&nbsp;&nbsp;LOS_TaskCreateOnly
<LI><a href="#[e7]">&gt;&gt;</a>&nbsp;&nbsp;&nbsp;LOS_QueueDelete
</UL>

<P><STRONG><a name="[d6]"></a>LOS_MemInit</STRONG> (Thumb, 166 bytes, Stack size 32 bytes, los_memory.o(i.LOS_MemInit))
<BR><BR>[Stack]<UL><LI>Max Depth = 56 + Unknown Stack Size
<LI>Call Chain = LOS_MemInit &rArr; LOS_DLnkMultiHead
</UL>
<BR>[Calls]<UL><LI><a href="#[c0]">&gt;&gt;</a>&nbsp;&nbsp;&nbsp;LOS_IntRestore
<LI><a href="#[bf]">&gt;&gt;</a>&nbsp;&nbsp;&nbsp;LOS_IntLock
<LI><a href="#[ba]">&gt;&gt;</a>&nbsp;&nbsp;&nbsp;LOS_DLnkMultiHead
<LI><a href="#[d7]">&gt;&gt;</a>&nbsp;&nbsp;&nbsp;LOS_DLnkInitMultiHead
<LI><a href="#[d9]">&gt;&gt;</a>&nbsp;&nbsp;&nbsp;osMemSetMagicNumAndTaskid
<LI><a href="#[d8]">&gt;&gt;</a>&nbsp;&nbsp;&nbsp;LOS_ListAdd
</UL>
<BR>[Called By]<UL><LI><a href="#[2d7]">&gt;&gt;</a>&nbsp;&nbsp;&nbsp;osMemSystemInit
</UL>

<P><STRONG><a name="[da]"></a>LOS_MemboxAlloc</STRONG> (Thumb, 60 bytes, Stack size 24 bytes, los_membox.o(i.LOS_MemboxAlloc))
<BR><BR>[Stack]<UL><LI>Max Depth = 24 + Unknown Stack Size
<LI>Call Chain = LOS_MemboxAlloc
</UL>
<BR>[Calls]<UL><LI><a href="#[c0]">&gt;&gt;</a>&nbsp;&nbsp;&nbsp;LOS_IntRestore
<LI><a href="#[bf]">&gt;&gt;</a>&nbsp;&nbsp;&nbsp;LOS_IntLock
</UL>
<BR>[Called By]<UL><LI><a href="#[2ec]">&gt;&gt;</a>&nbsp;&nbsp;&nbsp;osSwTmrTimeoutHandle
</UL>

<P><STRONG><a name="[db]"></a>LOS_MemboxFree</STRONG> (Thumb, 158 bytes, Stack size 32 bytes, los_membox.o(i.LOS_MemboxFree))
<BR><BR>[Stack]<UL><LI>Max Depth = 32 + Unknown Stack Size
<LI>Call Chain = LOS_MemboxFree
</UL>
<BR>[Calls]<UL><LI><a href="#[c0]">&gt;&gt;</a>&nbsp;&nbsp;&nbsp;LOS_IntRestore
<LI><a href="#[bf]">&gt;&gt;</a>&nbsp;&nbsp;&nbsp;LOS_IntLock
</UL>
<BR>[Called By]<UL><LI><a href="#[90]">&gt;&gt;</a>&nbsp;&nbsp;&nbsp;osSwTmrTask
<LI><a href="#[2ec]">&gt;&gt;</a>&nbsp;&nbsp;&nbsp;osSwTmrTimeoutHandle
</UL>

<P><STRONG><a name="[dc]"></a>LOS_MemboxInit</STRONG> (Thumb, 128 bytes, Stack size 32 bytes, los_membox.o(i.LOS_MemboxInit))
<BR><BR>[Stack]<UL><LI>Max Depth = 32 + Unknown Stack Size
<LI>Call Chain = LOS_MemboxInit
</UL>
<BR>[Calls]<UL><LI><a href="#[c0]">&gt;&gt;</a>&nbsp;&nbsp;&nbsp;LOS_IntRestore
<LI><a href="#[bf]">&gt;&gt;</a>&nbsp;&nbsp;&nbsp;LOS_IntLock
</UL>
<BR>[Called By]<UL><LI><a href="#[2dc]">&gt;&gt;</a>&nbsp;&nbsp;&nbsp;osSwTmrInit
</UL>

<P><STRONG><a name="[dd]"></a>LOS_MuxCreate</STRONG> (Thumb, 90 bytes, Stack size 24 bytes, los_mux.o(i.LOS_MuxCreate))
<BR><BR>[Stack]<UL><LI>Max Depth = 24 + Unknown Stack Size
<LI>Call Chain = LOS_MuxCreate
</UL>
<BR>[Calls]<UL><LI><a href="#[e0]">&gt;&gt;</a>&nbsp;&nbsp;&nbsp;LOS_ListInit
<LI><a href="#[de]">&gt;&gt;</a>&nbsp;&nbsp;&nbsp;LOS_ListEmpty
<LI><a href="#[df]">&gt;&gt;</a>&nbsp;&nbsp;&nbsp;LOS_ListDelete
<LI><a href="#[c0]">&gt;&gt;</a>&nbsp;&nbsp;&nbsp;LOS_IntRestore
<LI><a href="#[bf]">&gt;&gt;</a>&nbsp;&nbsp;&nbsp;LOS_IntLock
</UL>
<BR>[Called By]<UL><LI><a href="#[29c]">&gt;&gt;</a>&nbsp;&nbsp;&nbsp;oc_network_event_handler_mutex_init
</UL>

<P><STRONG><a name="[e1]"></a>LOS_MuxPend</STRONG> (Thumb, 308 bytes, Stack size 32 bytes, los_mux.o(i.LOS_MuxPend))
<BR><BR>[Stack]<UL><LI>Max Depth = 80 + Unknown Stack Size
<LI>Call Chain = LOS_MuxPend &rArr; osTaskAdd2TimerList &rArr; LOS_ListTailInsert
</UL>
<BR>[Calls]<UL><LI><a href="#[cb]">&gt;&gt;</a>&nbsp;&nbsp;&nbsp;LOS_ListTailInsert
<LI><a href="#[b6]">&gt;&gt;</a>&nbsp;&nbsp;&nbsp;LOS_Schedule
<LI><a href="#[e2]">&gt;&gt;</a>&nbsp;&nbsp;&nbsp;osTaskPriModify
<LI><a href="#[c3]">&gt;&gt;</a>&nbsp;&nbsp;&nbsp;osTaskAdd2TimerList
<LI><a href="#[c0]">&gt;&gt;</a>&nbsp;&nbsp;&nbsp;LOS_IntRestore
<LI><a href="#[bf]">&gt;&gt;</a>&nbsp;&nbsp;&nbsp;LOS_IntLock
<LI><a href="#[c2]">&gt;&gt;</a>&nbsp;&nbsp;&nbsp;LOS_PriqueueDequeue
</UL>
<BR>[Called By]<UL><LI><a href="#[23b]">&gt;&gt;</a>&nbsp;&nbsp;&nbsp;simpleserverstart
<LI><a href="#[9d]">&gt;&gt;</a>&nbsp;&nbsp;&nbsp;signal_event_loop
</UL>

<P><STRONG><a name="[e3]"></a>LOS_MuxPost</STRONG> (Thumb, 238 bytes, Stack size 24 bytes, los_mux.o(i.LOS_MuxPost))
<BR><BR>[Stack]<UL><LI>Max Depth = 48 + Unknown Stack Size
<LI>Call Chain = LOS_MuxPost &rArr; osTimerListDelete
</UL>
<BR>[Calls]<UL><LI><a href="#[de]">&gt;&gt;</a>&nbsp;&nbsp;&nbsp;LOS_ListEmpty
<LI><a href="#[df]">&gt;&gt;</a>&nbsp;&nbsp;&nbsp;LOS_ListDelete
<LI><a href="#[b6]">&gt;&gt;</a>&nbsp;&nbsp;&nbsp;LOS_Schedule
<LI><a href="#[c5]">&gt;&gt;</a>&nbsp;&nbsp;&nbsp;osTimerListDelete
<LI><a href="#[e2]">&gt;&gt;</a>&nbsp;&nbsp;&nbsp;osTaskPriModify
<LI><a href="#[c0]">&gt;&gt;</a>&nbsp;&nbsp;&nbsp;LOS_IntRestore
<LI><a href="#[bf]">&gt;&gt;</a>&nbsp;&nbsp;&nbsp;LOS_IntLock
<LI><a href="#[c6]">&gt;&gt;</a>&nbsp;&nbsp;&nbsp;LOS_PriqueueEnqueue
</UL>
<BR>[Called By]<UL><LI><a href="#[23b]">&gt;&gt;</a>&nbsp;&nbsp;&nbsp;simpleserverstart
<LI><a href="#[9d]">&gt;&gt;</a>&nbsp;&nbsp;&nbsp;signal_event_loop
</UL>

<P><STRONG><a name="[c2]"></a>LOS_PriqueueDequeue</STRONG> (Thumb, 24 bytes, Stack size 0 bytes, los_priqueue.o(i.LOS_PriqueueDequeue))
<BR><BR>[Called By]<UL><LI><a href="#[ea]">&gt;&gt;</a>&nbsp;&nbsp;&nbsp;osQueuePend
<LI><a href="#[e1]">&gt;&gt;</a>&nbsp;&nbsp;&nbsp;LOS_MuxPend
<LI><a href="#[c1]">&gt;&gt;</a>&nbsp;&nbsp;&nbsp;LOS_EventRead
<LI><a href="#[2f0]">&gt;&gt;</a>&nbsp;&nbsp;&nbsp;osTaskSelfDelete
<LI><a href="#[e2]">&gt;&gt;</a>&nbsp;&nbsp;&nbsp;osTaskPriModify
<LI><a href="#[92]">&gt;&gt;</a>&nbsp;&nbsp;&nbsp;osTaskEntry
<LI><a href="#[101]">&gt;&gt;</a>&nbsp;&nbsp;&nbsp;LOS_TaskDelete
<LI><a href="#[ff]">&gt;&gt;</a>&nbsp;&nbsp;&nbsp;LOS_TaskDelay
<LI><a href="#[f4]">&gt;&gt;</a>&nbsp;&nbsp;&nbsp;LOS_SemPend
</UL>

<P><STRONG><a name="[c6]"></a>LOS_PriqueueEnqueue</STRONG> (Thumb, 32 bytes, Stack size 8 bytes, los_priqueue.o(i.LOS_PriqueueEnqueue))
<BR><BR>[Stack]<UL><LI>Max Depth = 8<LI>Call Chain = LOS_PriqueueEnqueue
</UL>
<BR>[Called By]<UL><LI><a href="#[eb]">&gt;&gt;</a>&nbsp;&nbsp;&nbsp;osQueueWakeUp
<LI><a href="#[e3]">&gt;&gt;</a>&nbsp;&nbsp;&nbsp;LOS_MuxPost
<LI><a href="#[c4]">&gt;&gt;</a>&nbsp;&nbsp;&nbsp;LOS_EventWrite
<LI><a href="#[f5]">&gt;&gt;</a>&nbsp;&nbsp;&nbsp;LOS_SemPost
<LI><a href="#[2f3]">&gt;&gt;</a>&nbsp;&nbsp;&nbsp;osTaskScan
<LI><a href="#[e2]">&gt;&gt;</a>&nbsp;&nbsp;&nbsp;osTaskPriModify
<LI><a href="#[100]">&gt;&gt;</a>&nbsp;&nbsp;&nbsp;LOS_TaskYield
<LI><a href="#[f8]">&gt;&gt;</a>&nbsp;&nbsp;&nbsp;LOS_TaskCreate
</UL>

<P><STRONG><a name="[104]"></a>LOS_PriqueueSize</STRONG> (Thumb, 36 bytes, Stack size 0 bytes, los_priqueue.o(i.LOS_PriqueueSize))
<BR><BR>[Called By]<UL><LI><a href="#[100]">&gt;&gt;</a>&nbsp;&nbsp;&nbsp;LOS_TaskYield
</UL>

<P><STRONG><a name="[ed]"></a>LOS_PriqueueTop</STRONG> (Thumb, 54 bytes, Stack size 0 bytes, los_priqueue.o(i.LOS_PriqueueTop))
<BR><BR>[Called By]<UL><LI><a href="#[b6]">&gt;&gt;</a>&nbsp;&nbsp;&nbsp;LOS_Schedule
<LI><a href="#[2f0]">&gt;&gt;</a>&nbsp;&nbsp;&nbsp;osTaskSelfDelete
<LI><a href="#[101]">&gt;&gt;</a>&nbsp;&nbsp;&nbsp;LOS_TaskDelete
<LI><a href="#[f8]">&gt;&gt;</a>&nbsp;&nbsp;&nbsp;LOS_TaskCreate
</UL>

<P><STRONG><a name="[e4]"></a>LOS_QueueCreate</STRONG> (Thumb, 118 bytes, Stack size 40 bytes, los_queue.o(i.LOS_QueueCreate))
<BR><BR>[Stack]<UL><LI>Max Depth = 176 + Unknown Stack Size
<LI>Call Chain = LOS_QueueCreate &rArr; osQueueCreate &rArr; LOS_MemAlloc &rArr; osMemAllocWithCheck &rArr; osMemSpitNode &rArr; LOS_DLnkMultiHead
</UL>
<BR>[Calls]<UL><LI><a href="#[e6]">&gt;&gt;</a>&nbsp;&nbsp;&nbsp;LOS_ListInit
<LI><a href="#[c0]">&gt;&gt;</a>&nbsp;&nbsp;&nbsp;LOS_IntRestore
<LI><a href="#[bf]">&gt;&gt;</a>&nbsp;&nbsp;&nbsp;LOS_IntLock
<LI><a href="#[e5]">&gt;&gt;</a>&nbsp;&nbsp;&nbsp;osQueueCreate
</UL>
<BR>[Called By]<UL><LI><a href="#[2dc]">&gt;&gt;</a>&nbsp;&nbsp;&nbsp;osSwTmrInit
<LI><a href="#[2e5]">&gt;&gt;</a>&nbsp;&nbsp;&nbsp;osMessageCreate
</UL>

<P><STRONG><a name="[e7]"></a>LOS_QueueDelete</STRONG> (Thumb, 162 bytes, Stack size 24 bytes, los_queue.o(i.LOS_QueueDelete))
<BR><BR>[Stack]<UL><LI>Max Depth = 108 + Unknown Stack Size
<LI>Call Chain = LOS_QueueDelete &rArr; LOS_MemFree &rArr; osMemCheckUsedNode &rArr; osMemIsNodeValid
</UL>
<BR>[Calls]<UL><LI><a href="#[e8]">&gt;&gt;</a>&nbsp;&nbsp;&nbsp;LOS_ListEmpty
<LI><a href="#[d3]">&gt;&gt;</a>&nbsp;&nbsp;&nbsp;LOS_MemFree
<LI><a href="#[c0]">&gt;&gt;</a>&nbsp;&nbsp;&nbsp;LOS_IntRestore
<LI><a href="#[bf]">&gt;&gt;</a>&nbsp;&nbsp;&nbsp;LOS_IntLock
</UL>
<BR>[Called By]<UL><LI><a href="#[2e6]">&gt;&gt;</a>&nbsp;&nbsp;&nbsp;osMessageDelete
</UL>

<P><STRONG><a name="[e9]"></a>LOS_QueueRead</STRONG> (Thumb, 282 bytes, Stack size 48 bytes, los_queue.o(i.LOS_QueueRead))
<BR><BR>[Stack]<UL><LI>Max Depth = 120 + Unknown Stack Size
[...]
<LI><a href="#[127]">&gt;&gt;</a>&nbsp;&nbsp;&nbsp;oc_list_add
<LI><a href="#[126]">&gt;&gt;</a>&nbsp;&nbsp;&nbsp;coap_remove_observer_handle_by_uri
<LI><a href="#[11c]">&gt;&gt;</a>&nbsp;&nbsp;&nbsp;__aeabi_memcpy
</UL>
<BR>[Called By]<UL><LI><a href="#[179]">&gt;&gt;</a>&nbsp;&nbsp;&nbsp;coap_observe_handler
</UL>

<P><STRONG><a name="[126]"></a>coap_remove_observer_handle_by_uri</STRONG> (Thumb, 110 bytes, Stack size 32 bytes, observe.o(i.coap_remove_observer_handle_by_uri))
<BR><BR>[Stack]<UL><LI>Max Depth = 44<LI>Call Chain = coap_remove_observer_handle_by_uri &rArr; oc_memb_free
</UL>
<BR>[Calls]<UL><LI><a href="#[117]">&gt;&gt;</a>&nbsp;&nbsp;&nbsp;oc_memb_free
<LI><a href="#[163]">&gt;&gt;</a>&nbsp;&nbsp;&nbsp;oc_list_remove
<LI><a href="#[15d]">&gt;&gt;</a>&nbsp;&nbsp;&nbsp;oc_list_head
<LI><a href="#[178]">&gt;&gt;</a>&nbsp;&nbsp;&nbsp;memcmp
</UL>
<BR>[Called By]<UL><LI><a href="#[125]">&gt;&gt;</a>&nbsp;&nbsp;&nbsp;add_observer
</UL>

<P><STRONG><a name="[12b]"></a>add_timer</STRONG> (Thumb, 64 bytes, Stack size 16 bytes, oc_etimer.o(i.add_timer))
<BR><BR>[Stack]<UL><LI>Max Depth = 48<LI>Call Chain = add_timer &rArr; update_time &rArr; oc_clock_time
</UL>
<BR>[Calls]<UL><LI><a href="#[12c]">&gt;&gt;</a>&nbsp;&nbsp;&nbsp;oc_etimer_request_poll
<LI><a href="#[12d]">&gt;&gt;</a>&nbsp;&nbsp;&nbsp;update_time
</UL>
<BR>[Called By]<UL><LI><a href="#[12a]">&gt;&gt;</a>&nbsp;&nbsp;&nbsp;oc_etimer_set
<LI><a href="#[187]">&gt;&gt;</a>&nbsp;&nbsp;&nbsp;oc_etimer_restart
</UL>

<P><STRONG><a name="[a]"></a>process_thread_oc_etimer_process</STRONG> (Thumb, 222 bytes, Stack size 32 bytes, oc_etimer.o(i.process_thread_oc_etimer_process))
<BR><BR>[Stack]<UL><LI>Max Depth = 68<LI>Call Chain = process_thread_oc_etimer_process &rArr; oc_process_post &rArr; oc_message_unref &rArr; oc_memb_free
</UL>
<BR>[Calls]<UL><LI><a href="#[2b2]">&gt;&gt;</a>&nbsp;&nbsp;&nbsp;oc_process_post
<LI><a href="#[12c]">&gt;&gt;</a>&nbsp;&nbsp;&nbsp;oc_etimer_request_poll
<LI><a href="#[2cf]">&gt;&gt;</a>&nbsp;&nbsp;&nbsp;oc_timer_expired
<LI><a href="#[12d]">&gt;&gt;</a>&nbsp;&nbsp;&nbsp;update_time
</UL>
<BR>[Address Reference Count : 1]<UL><LI> oc_etimer.o(.data)
</UL>
<P><STRONG><a name="[12d]"></a>update_time</STRONG> (Thumb, 120 bytes, Stack size 24 bytes, oc_etimer.o(i.update_time))
<BR><BR>[Stack]<UL><LI>Max Depth = 32<LI>Call Chain = update_time &rArr; oc_clock_time
</UL>
<BR>[Calls]<UL><LI><a href="#[285]">&gt;&gt;</a>&nbsp;&nbsp;&nbsp;oc_clock_time
</UL>
<BR>[Called By]<UL><LI><a href="#[161]">&gt;&gt;</a>&nbsp;&nbsp;&nbsp;oc_etimer_stop
<LI><a href="#[a]">&gt;&gt;</a>&nbsp;&nbsp;&nbsp;process_thread_oc_etimer_process
<LI><a href="#[12b]">&gt;&gt;</a>&nbsp;&nbsp;&nbsp;add_timer
</UL>

<P><STRONG><a name="[143]"></a>call_process</STRONG> (Thumb, 74 bytes, Stack size 24 bytes, oc_process.o(i.call_process))
<BR><BR>[Stack]<UL><LI>Max Depth = 24 + In Cycle
<LI>Call Chain = call_process &rArr;  exit_process (Cycle)
</UL>
<BR>[Calls]<UL><LI><a href="#[144]">&gt;&gt;</a>&nbsp;&nbsp;&nbsp;exit_process
</UL>
<BR>[Called By]<UL><LI><a href="#[2b3]">&gt;&gt;</a>&nbsp;&nbsp;&nbsp;oc_process_post_synch
<LI><a href="#[144]">&gt;&gt;</a>&nbsp;&nbsp;&nbsp;exit_process
<LI><a href="#[1cc]">&gt;&gt;</a>&nbsp;&nbsp;&nbsp;do_poll
<LI><a href="#[1cb]">&gt;&gt;</a>&nbsp;&nbsp;&nbsp;do_event
</UL>

<P><STRONG><a name="[1cb]"></a>do_event</STRONG> (Thumb, 194 bytes, Stack size 8 bytes, oc_process.o(i.do_event))
<BR><BR>[Stack]<UL><LI>Max Depth = 40<LI>Call Chain = do_event &rArr; do_poll &rArr; call_process &rArr;  exit_process (Cycle)
</UL>
<BR>[Calls]<UL><LI><a href="#[1cc]">&gt;&gt;</a>&nbsp;&nbsp;&nbsp;do_poll
<LI><a href="#[143]">&gt;&gt;</a>&nbsp;&nbsp;&nbsp;call_process
</UL>
<BR>[Called By]<UL><LI><a href="#[29f]">&gt;&gt;</a>&nbsp;&nbsp;&nbsp;oc_process_run
</UL>

<P><STRONG><a name="[1cc]"></a>do_poll</STRONG> (Thumb, 44 bytes, Stack size 8 bytes, oc_process.o(i.do_poll))
<BR><BR>[Stack]<UL><LI>Max Depth = 32<LI>Call Chain = do_poll &rArr; call_process &rArr;  exit_process (Cycle)
</UL>
<BR>[Calls]<UL><LI><a href="#[143]">&gt;&gt;</a>&nbsp;&nbsp;&nbsp;call_process
</UL>
<BR>[Called By]<UL><LI><a href="#[29f]">&gt;&gt;</a>&nbsp;&nbsp;&nbsp;oc_process_run
<LI><a href="#[1cb]">&gt;&gt;</a>&nbsp;&nbsp;&nbsp;do_event
</UL>

<P><STRONG><a name="[144]"></a>exit_process</STRONG> (Thumb, 150 bytes, Stack size 24 bytes, oc_process.o(i.exit_process))
<BR><BR>[Stack]<UL><LI>Max Depth = 48<LI>Call Chain = exit_process &rArr; call_process &rArr;  exit_process (Cycle)
</UL>
<BR>[Calls]<UL><LI><a href="#[207]">&gt;&gt;</a>&nbsp;&nbsp;&nbsp;oc_process_is_running
<LI><a href="#[143]">&gt;&gt;</a>&nbsp;&nbsp;&nbsp;call_process
</UL>
<BR>[Called By]<UL><LI><a href="#[2ae]">&gt;&gt;</a>&nbsp;&nbsp;&nbsp;oc_process_exit
<LI><a href="#[143]">&gt;&gt;</a>&nbsp;&nbsp;&nbsp;call_process
</UL>

<P><STRONG><a name="[13f]"></a>append_byte_to_buffer</STRONG> (Thumb, 16 bytes, Stack size 16 bytes, cborencoder.o(i.append_byte_to_buffer))
<BR><BR>[Stack]<UL><LI>Max Depth = 40<LI>Call Chain = append_byte_to_buffer &rArr; append_to_buffer &rArr; __aeabi_memcpy
</UL>
<BR>[Calls]<UL><LI><a href="#[140]">&gt;&gt;</a>&nbsp;&nbsp;&nbsp;append_to_buffer
</UL>
<BR>[Called By]<UL><LI><a href="#[14b]">&gt;&gt;</a>&nbsp;&nbsp;&nbsp;cbor_encoder_close_container
<LI><a href="#[14d]">&gt;&gt;</a>&nbsp;&nbsp;&nbsp;create_container
</UL>

<P><STRONG><a name="[140]"></a>append_to_buffer</STRONG> (Thumb, 94 bytes, Stack size 16 bytes, cborencoder.o(i.append_to_buffer))
<BR><BR>[Stack]<UL><LI>Max Depth = 24<LI>Call Chain = append_to_buffer &rArr; __aeabi_memcpy
</UL>
<BR>[Calls]<UL><LI><a href="#[11c]">&gt;&gt;</a>&nbsp;&nbsp;&nbsp;__aeabi_memcpy
</UL>
<BR>[Called By]<UL><LI><a href="#[149]">&gt;&gt;</a>&nbsp;&nbsp;&nbsp;encode_string
<LI><a href="#[197]">&gt;&gt;</a>&nbsp;&nbsp;&nbsp;encode_number_no_update
<LI><a href="#[13f]">&gt;&gt;</a>&nbsp;&nbsp;&nbsp;append_byte_to_buffer
</UL>

<P><STRONG><a name="[14d]"></a>create_container</STRONG> (Thumb, 84 bytes, Stack size 32 bytes, cborencoder.o(i.create_container))
<BR><BR>[Stack]<UL><LI>Max Depth = 120<LI>Call Chain = create_container &rArr; encode_number_no_update &rArr; put64 &rArr; htonll
</UL>
<BR>[Calls]<UL><LI><a href="#[197]">&gt;&gt;</a>&nbsp;&nbsp;&nbsp;encode_number_no_update
<LI><a href="#[13f]">&gt;&gt;</a>&nbsp;&nbsp;&nbsp;append_byte_to_buffer
</UL>
<BR>[Called By]<UL><LI><a href="#[14e]">&gt;&gt;</a>&nbsp;&nbsp;&nbsp;cbor_encoder_create_map
<LI><a href="#[14c]">&gt;&gt;</a>&nbsp;&nbsp;&nbsp;cbor_encoder_create_array
</UL>

<P><STRONG><a name="[146]"></a>encode_number</STRONG> (Thumb, 30 bytes, Stack size 24 bytes, cborencoder.o(i.encode_number))
<BR><BR>[Stack]<UL><LI>Max Depth = 112<LI>Call Chain = encode_number &rArr; encode_number_no_update &rArr; put64 &rArr; htonll
</UL>
<BR>[Calls]<UL><LI><a href="#[197]">&gt;&gt;</a>&nbsp;&nbsp;&nbsp;encode_number_no_update
</UL>
<BR>[Called By]<UL><LI><a href="#[14a]">&gt;&gt;</a>&nbsp;&nbsp;&nbsp;cbor_encode_uint
<LI><a href="#[147]">&gt;&gt;</a>&nbsp;&nbsp;&nbsp;cbor_encode_simple_value
<LI><a href="#[145]">&gt;&gt;</a>&nbsp;&nbsp;&nbsp;cbor_encode_int
<LI><a href="#[149]">&gt;&gt;</a>&nbsp;&nbsp;&nbsp;encode_string
</UL>

<P><STRONG><a name="[197]"></a>encode_number_no_update</STRONG> (Thumb, 128 bytes, Stack size 48 bytes, cborencoder.o(i.encode_number_no_update))
<BR><BR>[Stack]<UL><LI>Max Depth = 88<LI>Call Chain = encode_number_no_update &rArr; put64 &rArr; htonll
</UL>
<BR>[Calls]<UL><LI><a href="#[1d6]">&gt;&gt;</a>&nbsp;&nbsp;&nbsp;put64
<LI><a href="#[140]">&gt;&gt;</a>&nbsp;&nbsp;&nbsp;append_to_buffer
</UL>
<BR>[Called By]<UL><LI><a href="#[146]">&gt;&gt;</a>&nbsp;&nbsp;&nbsp;encode_number
<LI><a href="#[14d]">&gt;&gt;</a>&nbsp;&nbsp;&nbsp;create_container
</UL>

<P><STRONG><a name="[149]"></a>encode_string</STRONG> (Thumb, 52 bytes, Stack size 32 bytes, cborencoder.o(i.encode_string))
<BR><BR>[Stack]<UL><LI>Max Depth = 144<LI>Call Chain = encode_string &rArr; encode_number &rArr; encode_number_no_update &rArr; put64 &rArr; htonll
</UL>
<BR>[Calls]<UL><LI><a href="#[146]">&gt;&gt;</a>&nbsp;&nbsp;&nbsp;encode_number
<LI><a href="#[140]">&gt;&gt;</a>&nbsp;&nbsp;&nbsp;append_to_buffer
</UL>
<BR>[Called By]<UL><LI><a href="#[148]">&gt;&gt;</a>&nbsp;&nbsp;&nbsp;cbor_encode_text_string
</UL>

<P><STRONG><a name="[1d6]"></a>put64</STRONG> (Thumb, 28 bytes, Stack size 24 bytes, cborencoder.o(i.put64))
<BR><BR>[Stack]<UL><LI>Max Depth = 40<LI>Call Chain = put64 &rArr; htonll
</UL>
<BR>[Calls]<UL><LI><a href="#[220]">&gt;&gt;</a>&nbsp;&nbsp;&nbsp;htonll
</UL>
<BR>[Called By]<UL><LI><a href="#[197]">&gt;&gt;</a>&nbsp;&nbsp;&nbsp;encode_number_no_update
</UL>

<P><STRONG><a name="[12e]"></a>advance_internal</STRONG> (Thumb, 108 bytes, Stack size 24 bytes, cborparser.o(i.advance_internal))
<BR><BR>[Stack]<UL><LI>Max Depth = 88<LI>Call Chain = advance_internal &rArr; extract_number &rArr; get64 &rArr; ntohll &rArr; lwip_ntohl
</UL>
<BR>[Calls]<UL><LI><a href="#[110]">&gt;&gt;</a>&nbsp;&nbsp;&nbsp;__aeabi_assert
<LI><a href="#[130]">&gt;&gt;</a>&nbsp;&nbsp;&nbsp;preparse_next_value
<LI><a href="#[12f]">&gt;&gt;</a>&nbsp;&nbsp;&nbsp;extract_number
</UL>
<BR>[Called By]<UL><LI><a href="#[131]">&gt;&gt;</a>&nbsp;&nbsp;&nbsp;advance_recursive
</UL>

<P><STRONG><a name="[131]"></a>advance_recursive</STRONG> (Thumb, 120 bytes, Stack size 40 bytes, cborparser.o(i.advance_recursive))
<BR><BR>[Stack]<UL><LI>Max Depth = 224 + In Cycle
<LI>Call Chain = advance_recursive &rArr;  advance_recursive (Cycle)
</UL>
<BR>[Calls]<UL><LI><a href="#[134]">&gt;&gt;</a>&nbsp;&nbsp;&nbsp;cbor_value_enter_container
<LI><a href="#[10d]">&gt;&gt;</a>&nbsp;&nbsp;&nbsp;_cbor_value_copy_string
<LI><a href="#[136]">&gt;&gt;</a>&nbsp;&nbsp;&nbsp;cbor_value_leave_container
<LI><a href="#[132]">&gt;&gt;</a>&nbsp;&nbsp;&nbsp;is_fixed_type
<LI><a href="#[133]">&gt;&gt;</a>&nbsp;&nbsp;&nbsp;cbor_value_is_container
<LI><a href="#[135]">&gt;&gt;</a>&nbsp;&nbsp;&nbsp;cbor_value_at_end
<LI><a href="#[131]">&gt;&gt;</a>&nbsp;&nbsp;&nbsp;advance_recursive
<LI><a href="#[12e]">&gt;&gt;</a>&nbsp;&nbsp;&nbsp;advance_internal
</UL>
<BR>[Called By]<UL><LI><a href="#[151]">&gt;&gt;</a>&nbsp;&nbsp;&nbsp;cbor_value_advance
<LI><a href="#[131]">&gt;&gt;</a>&nbsp;&nbsp;&nbsp;advance_recursive
</UL>

<P><STRONG><a name="[135]"></a>cbor_value_at_end</STRONG> (Thumb, 14 bytes, Stack size 0 bytes, cborparser.o(i.cbor_value_at_end))
<BR><BR>[Called By]<UL><LI><a href="#[131]">&gt;&gt;</a>&nbsp;&nbsp;&nbsp;advance_recursive
</UL>

<P><STRONG><a name="[133]"></a>cbor_value_is_container</STRONG> (Thumb, 22 bytes, Stack size 0 bytes, cborparser.o(i.cbor_value_is_container))
<BR><BR>[Called By]<UL><LI><a href="#[134]">&gt;&gt;</a>&nbsp;&nbsp;&nbsp;cbor_value_enter_container
<LI><a href="#[136]">&gt;&gt;</a>&nbsp;&nbsp;&nbsp;cbor_value_leave_container
<LI><a href="#[131]">&gt;&gt;</a>&nbsp;&nbsp;&nbsp;advance_recursive
</UL>

<P><STRONG><a name="[240]"></a>cbor_value_is_text_string</STRONG> (Thumb, 16 bytes, Stack size 0 bytes, cborparser.o(i.cbor_value_is_text_string))
<BR><BR>[Called By]<UL><LI><a href="#[10e]">&gt;&gt;</a>&nbsp;&nbsp;&nbsp;iterate_string_chunks
</UL>

<P><STRONG><a name="[208]"></a>extract_length</STRONG> (Thumb, 60 bytes, Stack size 32 bytes, cborparser.o(i.extract_length))
<BR><BR>[Stack]<UL><LI>Max Depth = 96<LI>Call Chain = extract_length &rArr; extract_number &rArr; get64 &rArr; ntohll &rArr; lwip_ntohl
</UL>
<BR>[Calls]<UL><LI><a href="#[12f]">&gt;&gt;</a>&nbsp;&nbsp;&nbsp;extract_number
</UL>
<BR>[Called By]<UL><LI><a href="#[10e]">&gt;&gt;</a>&nbsp;&nbsp;&nbsp;iterate_string_chunks
</UL>

<P><STRONG><a name="[12f]"></a>extract_number</STRONG> (Thumb, 146 bytes, Stack size 24 bytes, cborparser.o(i.extract_number))
<BR><BR>[Stack]<UL><LI>Max Depth = 64<LI>Call Chain = extract_number &rArr; get64 &rArr; ntohll &rArr; lwip_ntohl
</UL>
<BR>[Calls]<UL><LI><a href="#[112]">&gt;&gt;</a>&nbsp;&nbsp;&nbsp;get64
<LI><a href="#[111]">&gt;&gt;</a>&nbsp;&nbsp;&nbsp;get32
<LI><a href="#[209]">&gt;&gt;</a>&nbsp;&nbsp;&nbsp;get16
</UL>
<BR>[Called By]<UL><LI><a href="#[134]">&gt;&gt;</a>&nbsp;&nbsp;&nbsp;cbor_value_enter_container
<LI><a href="#[208]">&gt;&gt;</a>&nbsp;&nbsp;&nbsp;extract_length
<LI><a href="#[12e]">&gt;&gt;</a>&nbsp;&nbsp;&nbsp;advance_internal
</UL>

<P><STRONG><a name="[209]"></a>get16</STRONG> (Thumb, 18 bytes, Stack size 16 bytes, cborparser.o(i.get16))
<BR><BR>[Stack]<UL><LI>Max Depth = 20<LI>Call Chain = get16 &rArr; lwip_ntohs
</UL>
<BR>[Calls]<UL><LI><a href="#[21c]">&gt;&gt;</a>&nbsp;&nbsp;&nbsp;lwip_ntohs
</UL>
<BR>[Called By]<UL><LI><a href="#[150]">&gt;&gt;</a>&nbsp;&nbsp;&nbsp;preparse_value
<LI><a href="#[12f]">&gt;&gt;</a>&nbsp;&nbsp;&nbsp;extract_number
</UL>

<P><STRONG><a name="[111]"></a>get32</STRONG> (Thumb, 14 bytes, Stack size 16 bytes, cborparser.o(i.get32))
<BR><BR>[Stack]<UL><LI>Max Depth = 20<LI>Call Chain = get32 &rArr; lwip_ntohl
</UL>
<BR>[Calls]<UL><LI><a href="#[1aa]">&gt;&gt;</a>&nbsp;&nbsp;&nbsp;lwip_ntohl
</UL>
<BR>[Called By]<UL><LI><a href="#[10f]">&gt;&gt;</a>&nbsp;&nbsp;&nbsp;_cbor_value_decode_int64_internal
<LI><a href="#[12f]">&gt;&gt;</a>&nbsp;&nbsp;&nbsp;extract_number
</UL>

<P><STRONG><a name="[112]"></a>get64</STRONG> (Thumb, 24 bytes, Stack size 16 bytes, cborparser.o(i.get64))
<BR><BR>[Stack]<UL><LI>Max Depth = 40<LI>Call Chain = get64 &rArr; ntohll &rArr; lwip_ntohl
</UL>
<BR>[Calls]<UL><LI><a href="#[21d]">&gt;&gt;</a>&nbsp;&nbsp;&nbsp;ntohll
</UL>
<BR>[Called By]<UL><LI><a href="#[10f]">&gt;&gt;</a>&nbsp;&nbsp;&nbsp;_cbor_value_decode_int64_internal
<LI><a href="#[12f]">&gt;&gt;</a>&nbsp;&nbsp;&nbsp;extract_number
</UL>

<P><STRONG><a name="[132]"></a>is_fixed_type</STRONG> (Thumb, 26 bytes, Stack size 0 bytes, cborparser.o(i.is_fixed_type))
<BR><BR>[Called By]<UL><LI><a href="#[150]">&gt;&gt;</a>&nbsp;&nbsp;&nbsp;preparse_value
<LI><a href="#[131]">&gt;&gt;</a>&nbsp;&nbsp;&nbsp;advance_recursive
</UL>

<P><STRONG><a name="[71]"></a>iterate_noop</STRONG> (Thumb, 6 bytes, Stack size 0 bytes, cborparser.o(i.iterate_noop))
<BR>[Address Reference Count : 1]<UL><LI> cborparser.o(i._cbor_value_copy_string)
</UL>
<P><STRONG><a name="[10e]"></a>iterate_string_chunks</STRONG> (Thumb, 410 bytes, Stack size 48 bytes, cborparser.o(i.iterate_string_chunks))
<BR><BR>[Stack]<UL><LI>Max Depth = 144<LI>Call Chain = iterate_string_chunks &rArr; extract_length &rArr; extract_number &rArr; get64 &rArr; ntohll &rArr; lwip_ntohl
</UL>
<BR>[Calls]<UL><LI><a href="#[110]">&gt;&gt;</a>&nbsp;&nbsp;&nbsp;__aeabi_assert
<LI><a href="#[130]">&gt;&gt;</a>&nbsp;&nbsp;&nbsp;preparse_next_value
<LI><a href="#[208]">&gt;&gt;</a>&nbsp;&nbsp;&nbsp;extract_length
<LI><a href="#[240]">&gt;&gt;</a>&nbsp;&nbsp;&nbsp;cbor_value_is_text_string
</UL>
<BR>[Called By]<UL><LI><a href="#[10d]">&gt;&gt;</a>&nbsp;&nbsp;&nbsp;_cbor_value_copy_string
</UL>

<P><STRONG><a name="[130]"></a>preparse_next_value</STRONG> (Thumb, 80 bytes, Stack size 8 bytes, cborparser.o(i.preparse_next_value))
<BR><BR>[Stack]<UL><LI>Max Depth = 60<LI>Call Chain = preparse_next_value &rArr; preparse_value &rArr; get16 &rArr; lwip_ntohs
</UL>
<BR>[Calls]<UL><LI><a href="#[150]">&gt;&gt;</a>&nbsp;&nbsp;&nbsp;preparse_value
</UL>
<BR>[Called By]<UL><LI><a href="#[136]">&gt;&gt;</a>&nbsp;&nbsp;&nbsp;cbor_value_leave_container
<LI><a href="#[10e]">&gt;&gt;</a>&nbsp;&nbsp;&nbsp;iterate_string_chunks
<LI><a href="#[12e]">&gt;&gt;</a>&nbsp;&nbsp;&nbsp;advance_internal
</UL>

<P><STRONG><a name="[150]"></a>preparse_value</STRONG> (Thumb, 334 bytes, Stack size 32 bytes, cborparser.o(i.preparse_value))
<BR><BR>[Stack]<UL><LI>Max Depth = 52<LI>Call Chain = preparse_value &rArr; get16 &rArr; lwip_ntohs
</UL>
<BR>[Calls]<UL><LI><a href="#[110]">&gt;&gt;</a>&nbsp;&nbsp;&nbsp;__aeabi_assert
<LI><a href="#[132]">&gt;&gt;</a>&nbsp;&nbsp;&nbsp;is_fixed_type
<LI><a href="#[209]">&gt;&gt;</a>&nbsp;&nbsp;&nbsp;get16
</UL>
<BR>[Called By]<UL><LI><a href="#[134]">&gt;&gt;</a>&nbsp;&nbsp;&nbsp;cbor_value_enter_container
<LI><a href="#[14f]">&gt;&gt;</a>&nbsp;&nbsp;&nbsp;cbor_parser_init
<LI><a href="#[130]">&gt;&gt;</a>&nbsp;&nbsp;&nbsp;preparse_next_value
</UL>

<P><STRONG><a name="[191]"></a>connectivity_ipv4_init</STRONG> (Thumb, 232 bytes, Stack size 32 bytes, ipadapter.o(i.connectivity_ipv4_init))
<BR><BR>[Stack]<UL><LI>Max Depth = 352 + Unknown Stack Size
<LI>Call Chain = connectivity_ipv4_init &rArr; lwip_socket &rArr; netconn_new_with_proto_and_callback &rArr; netconn_alloc &rArr; sys_mbox_new &rArr; osMessageCreate &rArr; LOS_QueueCreate &rArr; osQueueCreate &rArr; LOS_MemAlloc &rArr; osMemAllocWithCheck &rArr; osMemSpitNode &rArr; LOS_DLnkMultiHead
</UL>
<BR>[Calls]<UL><LI><a href="#[193]">&gt;&gt;</a>&nbsp;&nbsp;&nbsp;lwip_socket
<LI><a href="#[192]">&gt;&gt;</a>&nbsp;&nbsp;&nbsp;lwip_htons
<LI><a href="#[194]">&gt;&gt;</a>&nbsp;&nbsp;&nbsp;lwip_bind
<LI><a href="#[195]">&gt;&gt;</a>&nbsp;&nbsp;&nbsp;lwip_htonl
<LI><a href="#[196]">&gt;&gt;</a>&nbsp;&nbsp;&nbsp;lwip_setsockopt
</UL>
<BR>[Called By]<UL><LI><a href="#[287]">&gt;&gt;</a>&nbsp;&nbsp;&nbsp;oc_connectivity_init
</UL>

<P><STRONG><a name="[8a]"></a>network_event_thread</STRONG> (Thumb, 544 bytes, Stack size 96 bytes, ipadapter.o(i.network_event_thread))
<BR><BR>[Stack]<UL><LI>Max Depth = 496 + Unknown Stack Size
<LI>Call Chain = network_event_thread &rArr; lwip_recvfrom &rArr; netconn_recv &rArr; netconn_recv_data &rArr; sys_arch_mbox_fetch &rArr; osMessageGet &rArr; LOS_QueueRead &rArr; osQueuePend &rArr; osTaskAdd2TimerList &rArr; LOS_ListTailInsert
</UL>
<BR>[Calls]<UL><LI><a href="#[258]">&gt;&gt;</a>&nbsp;&nbsp;&nbsp;lwip_recvfrom
<LI><a href="#[21c]">&gt;&gt;</a>&nbsp;&nbsp;&nbsp;lwip_ntohs
<LI><a href="#[25e]">&gt;&gt;</a>&nbsp;&nbsp;&nbsp;lwip_select
<LI><a href="#[16c]">&gt;&gt;</a>&nbsp;&nbsp;&nbsp;oc_allocate_message
<LI><a href="#[27f]">&gt;&gt;</a>&nbsp;&nbsp;&nbsp;oc_network_event
<LI><a href="#[199]">&gt;&gt;</a>&nbsp;&nbsp;&nbsp;__2printf
</UL>
<BR>[Address Reference Count : 1]<UL><LI> ipadapter.o(i.oc_connectivity_init)
</UL>
<P><STRONG><a name="[114]"></a>_fp_digits</STRONG> (Thumb, 334 bytes, Stack size 56 bytes, printfa.o(i._fp_digits), UNUSED)
<BR><BR>[Calls]<UL><LI><a href="#[af]">&gt;&gt;</a>&nbsp;&nbsp;&nbsp;__aeabi_ddiv
<LI><a href="#[b0]">&gt;&gt;</a>&nbsp;&nbsp;&nbsp;__aeabi_d2ulz
<LI><a href="#[a1]">&gt;&gt;</a>&nbsp;&nbsp;&nbsp;__aeabi_uldivmod
<LI><a href="#[b1]">&gt;&gt;</a>&nbsp;&nbsp;&nbsp;__aeabi_dmul
<LI><a href="#[a9]">&gt;&gt;</a>&nbsp;&nbsp;&nbsp;__aeabi_dadd
<LI><a href="#[115]">&gt;&gt;</a>&nbsp;&nbsp;&nbsp;__aeabi_cdrcmple
</UL>
<BR>[Called By]<UL><LI><a href="#[109]">&gt;&gt;</a>&nbsp;&nbsp;&nbsp;_printf_core
</UL>

<P><STRONG><a name="[109]"></a>_printf_core</STRONG> (Thumb, 1744 bytes, Stack size 136 bytes, printfa.o(i._printf_core), UNUSED)
<BR><BR>[Calls]<UL><LI><a href="#[a1]">&gt;&gt;</a>&nbsp;&nbsp;&nbsp;__aeabi_uldivmod
<LI><a href="#[124]">&gt;&gt;</a>&nbsp;&nbsp;&nbsp;__aeabi_uidivmod
<LI><a href="#[122]">&gt;&gt;</a>&nbsp;&nbsp;&nbsp;_printf_pre_padding
<LI><a href="#[123]">&gt;&gt;</a>&nbsp;&nbsp;&nbsp;_printf_post_padding
<LI><a href="#[114]">&gt;&gt;</a>&nbsp;&nbsp;&nbsp;_fp_digits
</UL>
<BR>[Called By]<UL><LI><a href="#[10a]">&gt;&gt;</a>&nbsp;&nbsp;&nbsp;__0snprintf
<LI><a href="#[108]">&gt;&gt;</a>&nbsp;&nbsp;&nbsp;__0printf
</UL>

<P><STRONG><a name="[123]"></a>_printf_post_padding</STRONG> (Thumb, 36 bytes, Stack size 24 bytes, printfa.o(i._printf_post_padding), UNUSED)
<BR><BR>[Called By]<UL><LI><a href="#[109]">&gt;&gt;</a>&nbsp;&nbsp;&nbsp;_printf_core
</UL>

<P><STRONG><a name="[122]"></a>_printf_pre_padding</STRONG> (Thumb, 46 bytes, Stack size 24 bytes, printfa.o(i._printf_pre_padding), UNUSED)
<BR><BR>[Called By]<UL><LI><a href="#[109]">&gt;&gt;</a>&nbsp;&nbsp;&nbsp;_printf_core
</UL>

<P><STRONG><a name="[6f]"></a>_snputc</STRONG> (Thumb, 22 bytes, Stack size 0 bytes, printfa.o(i._snputc))
<BR>[Address Reference Count : 1]<UL><LI> printfa.o(i.__0snprintf)
</UL><P>
<H3>
Undefined Global Symbols
</H3><HR></body></html>
