Component: ARM Compiler 5.06 update 1 (build 61) Tool: armlink [4d35a8]

==============================================================================

Section Cross References

    los_priqueue.o(i.LOS_PriqueueEnqueue) refers to los_priqueue.o(.data) for g_pstLosPriorityQueueList
    los_priqueue.o(i.LOS_PriqueueSize) refers to los_priqueue.o(.data) for g_pstLosPriorityQueueList
    los_priqueue.o(i.LOS_PriqueueTop) refers to los_priqueue.o(.data) for g_pstLosPriorityQueueList
    los_priqueue.o(i.LOS_PriqueueTotalSize) refers to los_priqueue.o(i.LOS_PriqueueSize) for LOS_PriqueueSize
    los_priqueue.o(i.osPriqueueInit) refers to los_memory.o(i.LOS_MemAlloc) for LOS_MemAlloc
    los_priqueue.o(i.osPriqueueInit) refers to los_config.o(.data) for m_aucSysMem0
    los_priqueue.o(i.osPriqueueInit) refers to los_priqueue.o(.data) for g_pstLosPriorityQueueList
    los_swtmr.o(i.LOS_SwtmrCreate) refers to los_dispatch_keil.o(.text) for LOS_IntLock
    los_swtmr.o(i.LOS_SwtmrCreate) refers to los_swtmr.o(.data) for m_pstSwtmrFreeList
    los_swtmr.o(i.LOS_SwtmrDelete) refers to los_dispatch_keil.o(.text) for LOS_IntLock
    los_swtmr.o(i.LOS_SwtmrDelete) refers to los_swtmr.o(i.osSwtmrStop) for osSwtmrStop
    los_swtmr.o(i.LOS_SwtmrDelete) refers to los_swtmr.o(i.osSwtmrDelete) for osSwtmrDelete
    los_swtmr.o(i.LOS_SwtmrDelete) refers to los_swtmr.o(.data) for m_pstSwtmrCBArray
    los_swtmr.o(i.LOS_SwtmrStart) refers to los_dispatch_keil.o(.text) for LOS_IntLock
    los_swtmr.o(i.LOS_SwtmrStart) refers to los_swtmr.o(i.osSwtmrStop) for osSwtmrStop
    los_swtmr.o(i.LOS_SwtmrStart) refers to los_swtmr.o(i.osSwTmrStart) for osSwTmrStart
    los_swtmr.o(i.LOS_SwtmrStart) refers to los_swtmr.o(.data) for m_pstSwtmrCBArray
    los_swtmr.o(i.LOS_SwtmrStop) refers to los_dispatch_keil.o(.text) for LOS_IntLock
    los_swtmr.o(i.LOS_SwtmrStop) refers to los_swtmr.o(i.osSwtmrStop) for osSwtmrStop
    los_swtmr.o(i.LOS_SwtmrStop) refers to los_swtmr.o(.data) for m_pstSwtmrCBArray
    los_swtmr.o(i.osSwTmrAdjust) refers to los_swtmr.o(i.osSwTmrTimeoutHandle) for osSwTmrTimeoutHandle
    los_swtmr.o(i.osSwTmrAdjust) refers to los_swtmr.o(.data) for m_pstSwtmrSortList
    los_swtmr.o(i.osSwTmrGetNextTimeout) refers to los_swtmr.o(.data) for m_pstSwtmrSortList
    los_swtmr.o(i.osSwTmrInit) refers to los_memory.o(i.LOS_MemAlloc) for LOS_MemAlloc
    los_swtmr.o(i.osSwTmrInit) refers to memseta.o(.text) for __aeabi_memclr4
    los_swtmr.o(i.osSwTmrInit) refers to los_membox.o(i.LOS_MemboxInit) for LOS_MemboxInit
    los_swtmr.o(i.osSwTmrInit) refers to los_queue.o(i.LOS_QueueCreate) for LOS_QueueCreate
    los_swtmr.o(i.osSwTmrInit) refers to los_swtmr.o(i.osSwTmrTaskCreate) for osSwTmrTaskCreate
    los_swtmr.o(i.osSwTmrInit) refers to los_swtmr.o(.data) for m_pstSwtmrSortList
    los_swtmr.o(i.osSwTmrInit) refers to los_config.o(.data) for m_aucSysMem0
    los_swtmr.o(i.osSwTmrInit) refers to los_swtmr.o(.bss) for m_aucSwTmrHandlerPool
    los_swtmr.o(i.osSwTmrStart) refers to los_swtmr.o(.data) for m_pstSwtmrSortList
    los_swtmr.o(i.osSwTmrTask) refers to los_queue.o(i.LOS_QueueRead) for LOS_QueueRead
    los_swtmr.o(i.osSwTmrTask) refers to los_membox.o(i.LOS_MemboxFree) for LOS_MemboxFree
    los_swtmr.o(i.osSwTmrTask) refers to los_swtmr.o(.data) for m_uwSwTmrHandlerQueue
    los_swtmr.o(i.osSwTmrTask) refers to los_swtmr.o(.bss) for m_aucSwTmrHandlerPool
    los_swtmr.o(i.osSwTmrTaskCreate) refers to memseta.o(.text) for __aeabi_memclr4
    los_swtmr.o(i.osSwTmrTaskCreate) refers to los_task.o(i.LOS_TaskCreate) for LOS_TaskCreate
    los_swtmr.o(i.osSwTmrTaskCreate) refers to los_swtmr.o(i.osSwTmrTask) for osSwTmrTask
    los_swtmr.o(i.osSwTmrTaskCreate) refers to los_task.o(.data) for g_uwSwtmrTaskID
    los_swtmr.o(i.osSwTmrTimeoutHandle) refers to los_membox.o(i.LOS_MemboxAlloc) for LOS_MemboxAlloc
    los_swtmr.o(i.osSwTmrTimeoutHandle) refers to los_queue.o(i.LOS_QueueWrite) for LOS_QueueWrite
    los_swtmr.o(i.osSwTmrTimeoutHandle) refers to los_membox.o(i.LOS_MemboxFree) for LOS_MemboxFree
    los_swtmr.o(i.osSwTmrTimeoutHandle) refers to los_swtmr.o(i.osSwtmrDelete) for osSwtmrDelete
    los_swtmr.o(i.osSwTmrTimeoutHandle) refers to los_swtmr.o(i.osSwTmrStart) for osSwTmrStart
    los_swtmr.o(i.osSwTmrTimeoutHandle) refers to los_swtmr.o(.data) for m_pstSwtmrSortList
    los_swtmr.o(i.osSwTmrTimeoutHandle) refers to los_swtmr.o(.bss) for m_aucSwTmrHandlerPool
    los_swtmr.o(i.osSwtmrDelete) refers to los_swtmr.o(.data) for m_pstSwtmrFreeList
    los_swtmr.o(i.osSwtmrScan) refers to los_swtmr.o(i.osSwTmrTimeoutHandle) for osSwTmrTimeoutHandle
    los_swtmr.o(i.osSwtmrScan) refers to los_swtmr.o(.data) for m_pstSwtmrSortList
    los_swtmr.o(i.osSwtmrStop) refers to los_swtmr.o(.data) for m_pstSwtmrSortList
    los_sys.o(i.LOS_MS2Tick) refers to uldiv.o(.text) for __aeabi_uldivmod
    los_sys.o(i.LOS_Reboot) refers to los_dispatch_keil.o(.text) for LOS_IntLock
[...]
    g_uwCyclePerSec                          0x20000464   Data           4  los_tick.o(.data)
    g_stTaskTimeSlice                        0x20000468   Data           8  los_timeslice.o(.data)
    g_pstAllMux                              0x20000470   Data           4  los_mux.o(.data)
    g_stUnusedMuxList                        0x20000474   Data           8  los_mux.o(.data)
    g_pstAllQueue                            0x2000047c   Data           4  los_queue.o(.data)
    g_stUnusedSemList                        0x20000480   Data           8  los_sem.o(.data)
    g_pstAllSem                              0x20000488   Data           4  los_sem.o(.data)
    g_uwCyclesPerTick                        0x2000048c   Data           4  los_hw_tick.o(.data)
    g_vuwIntCount                            0x20000490   Data           4  los_hwi.o(.data)
    m_aucSysMem0                             0x20000494   Data           4  los_config.o(.data)
    g_sys_mem_addr_end                       0x20000498   Data           4  los_config.o(.data)
    dma_current_txdesc                       0x200004a0   Data           4  gd32f4xx_enet.o(.data)
    dma_current_rxdesc                       0x200004a4   Data           4  gd32f4xx_enet.o(.data)
    dma_current_ptp_txdesc                   0x200004a8   Data           4  gd32f4xx_enet.o(.data)
    dma_current_ptp_rxdesc                   0x200004ac   Data           4  gd32f4xx_enet.o(.data)
    netif_list                               0x20000548   Data           4  netif.o(.data)
    netif_default                            0x2000054c   Data           4  netif.o(.data)
    tcp_ticks                                0x2000055c   Data           4  tcp.o(.data)
    tcp_bound_pcbs                           0x20000560   Data           4  tcp.o(.data)
    tcp_listen_pcbs                          0x20000564   Data           4  tcp.o(.data)
    tcp_active_pcbs                          0x20000568   Data           4  tcp.o(.data)
    tcp_tw_pcbs                              0x2000056c   Data           4  tcp.o(.data)
    tcp_tmp_pcb                              0x20000570   Data           4  tcp.o(.data)
    tcp_active_pcbs_changed                  0x20000574   Data           1  tcp.o(.data)
    tcp_input_pcb                            0x20000598   Data           4  tcp_in.o(.data)
    udp_pcbs                                 0x200005a0   Data           4  udp.o(.data)
    current_netif                            0x200005b0   Data           4  ip.o(.data)
    current_header                           0x200005b4   Data           4  ip.o(.data)
    current_iphdr_src                        0x200005b8   Data           4  ip.o(.data)
    current_iphdr_dest                       0x200005bc   Data           4  ip.o(.data)
    g_rx_semaphore                           0x200005c8   Data           4  ethernetif.o(.data)
    message_buffer_handler                   0x200005d4   Data          16  oc_buffer.o(.data)
    oc_network_events                        0x2000060c   Data          16  oc_network_events.o(.data)
    g_err                                    0x2000062c   Data           4  oc_rep.o(.data)
    timed_callback_events                    0x2000066c   Data          16  oc_ri.o(.data)
    oc_events                                0x2000067c   Data           6  oc_ri.o(.data)
    power                                    0x20000688   Data           4  simpleserver.o(.data)
    quits                                    0x20000690   Data           4  simpleserver.o(.data)
    coap_status_code                         0x20000696   Data           1  coap_1.o(.data)
    coap_error_message                       0x20000698   Data           4  coap_1.o(.data)
    coap_engine                              0x2000069c   Data          16  engine.o(.data)
    observe_counter                          0x200006b0   Data           8  observe.o(.data)
    oc_etimer_process                        0x20000710   Data          16  oc_etimer.o(.data)
    oc_process_list                          0x20000748   Data           4  oc_process.o(.data)
    oc_process_current                       0x2000074c   Data           4  oc_process.o(.data)
    __stdout                                 0x2000078c   Data           4  stdout.o(.data)
    m_aucSwTmrHandlerPool                    0x20000790   Data         208  los_swtmr.o(.bss)
    g_ucMemStart                             0x20000860   Data       45056  los_memory.o(.bss)
    g_TskMemUsedInfo                         0x2000b860   Data          64  los_memstat.o(.bss)
    rxdesc_tab                               0x2000b8a0   Data          80  gd32f4xx_enet.o(.bss)
    txdesc_tab                               0x2000b8f0   Data          80  gd32f4xx_enet.o(.bss)
    rx_buff                                  0x2000b940   Data        7620  gd32f4xx_enet.o(.bss)
    tx_buff                                  0x2000d704   Data        7620  gd32f4xx_enet.o(.bss)
    g_mynetif                                0x2000f504   Data          56  netconf.o(.bss)
    ram_heap                                 0x2000f59c   Data        5140  mem.o(.bss)
    oc_device_info                           0x20014fa8   Data          28  oc_core_res.o(.bss)
    g_encoder                                0x20015b08   Data          16  oc_rep.o(.bss)
    root_map                                 0x20015b18   Data          16  oc_rep.o(.bss)
    links_array                              0x20015b28   Data          16  oc_rep.o(.bss)
    name                                     0x20015d10   Data          12  simpleserver.o(.bss)
    handle_events                            0x20015d1c   Data          12  simpleserver.o(.bss)
    __initial_sp                             0x20016db0   Data           0  startup_gd32f4xx.o(STACK)



==============================================================================

Memory Map of the image

  Image Entry point : 0x080001a9

  Load Region LR_IROM1 (Base: 0x08000000, Size: 0x0001a7e8, Max: 0x00300000, ABSOLUTE, COMPRESSED[0x0001a164])

    Execution Region ER_IROM1 (Base: 0x08000000, Size: 0x0001a058, Max: 0x00300000, ABSOLUTE)

    Base Addr    Size         Type   Attr      Idx    E Section Name        Object

    0x08000000   0x000001a8   Data   RO         8293    RESET               startup_gd32f4xx.o
    0x080001a8   0x00000000   Code   RO        13972  * .ARM.Collect$$$$00000000  mc_w.l(entry.o)
    0x080001a8   0x00000004   Code   RO        14369    .ARM.Collect$$$$00000001  mc_w.l(entry2.o)
    0x080001ac   0x00000004   Code   RO        14372    .ARM.Collect$$$$00000004  mc_w.l(entry5.o)
    0x080001b0   0x00000000   Code   RO        14374    .ARM.Collect$$$$00000008  mc_w.l(entry7b.o)
    0x080001b0   0x00000000   Code   RO        14376    .ARM.Collect$$$$0000000A  mc_w.l(entry8b.o)
    0x080001b0   0x00000008   Code   RO        14377    .ARM.Collect$$$$0000000B  mc_w.l(entry9a.o)
    0x080001b8   0x00000000   Code   RO        14379    .ARM.Collect$$$$0000000D  mc_w.l(entry10a.o)
    0x080001b8   0x00000000   Code   RO        14381    .ARM.Collect$$$$0000000F  mc_w.l(entry11a.o)
    0x080001b8   0x00000004   Code   RO        14370    .ARM.Collect$$$$00002712  mc_w.l(entry2.o)
    0x080001bc   0x000000ec   Code   RO         1220    .text               los_dispatch_keil.o
    0x080002a8   0x00000024   Code   RO         8294    .text               startup_gd32f4xx.o
    0x080002cc   0x00000062   Code   RO        13977    .text               mc_w.l(uldiv.o)
    0x0800032e   0x00000002   PAD
    0x08000330   0x00000024   Code   RO        14007    .text               mc_w.l(rand.o)
    0x08000354   0x00000042   Code   RO        14014    .text               mc_w.l(memmove.o)
    0x08000396   0x00000024   Code   RO        14018    .text               mc_w.l(memseta.o)
    0x080003ba   0x0000000e   Code   RO        14022    .text               mc_w.l(strlen.o)
    0x080003c8   0x00000014   Code   RO        14024    .text               mc_w.l(memchr.o)
    0x080003dc   0x0000001a   Code   RO        14026    .text               mc_w.l(memcmp.o)
    0x080003f6   0x0000001e   Code   RO        14030    .text               mc_w.l(strncmp.o)
    0x08000414   0x00000032   Code   RO        14040    .text               mc_w.l(strncasecmp.o)
    0x08000446   0x0000014e   Code   RO        14338    .text               mf_w.l(dadd.o)
    0x08000594   0x000000de   Code   RO        14340    .text               mf_w.l(ddiv.o)
    0x08000672   0x00000030   Code   RO        14348    .text               mf_w.l(dfixul.o)
    0x080006a2   0x0000002c   Code   RO        14384    .text               mc_w.l(uidiv.o)
    0x080006ce   0x0000001e   Code   RO        14386    .text               mc_w.l(llshl.o)
    0x080006ec   0x00000020   Code   RO        14388    .text               mc_w.l(llushr.o)
    0x0800070c   0x00000024   Code   RO        14390    .text               mc_w.l(llsshr.o)
    0x08000730   0x0000000c   Code   RO        14392    .text               mc_w.l(tolower.o)
    0x0800073c   0x00000000   Code   RO        14396    .text               mc_w.l(iusefp.o)
    0x0800073c   0x000000ba   Code   RO        14397    .text               mf_w.l(depilogue.o)
    0x080007f6   0x000000e4   Code   RO        14399    .text               mf_w.l(dmul.o)
    0x080008da   0x00000002   PAD
    0x080008dc   0x00000030   Code   RO        14403    .text               mf_w.l(cdrcmple.o)
    0x0800090c   0x00000024   Code   RO        14407    .text               mc_w.l(init.o)
    0x08000930   0x00000056   Code   RO        14417    .text               mc_w.l(__dczerorl2.o)
    0x08000986   0x00000004   Code   RO         7600    i.BusFault_Handler  gd32f4xx_it.o
    0x0800098a   0x00000002   PAD
    0x0800098c   0x00000038   Code   RO         7601    i.ENET_IRQHandler   gd32f4xx_it.o
    0x080009c4   0x0000001c   Code   RO         1819    i.EXTI10_15_IRQHandler  los_bsp_key.o
    0x080009e0   0x00000004   Code   RO         7602    i.HardFault_Handler  gd32f4xx_it.o
    0x080009e4   0x0000001c   Code   RO         1088    i.LOS_Align         los_misc.o
    0x08000a00   0x0000001e   Code   RO         1056    i.LOS_DLnkInitMultiHead  los_multipledlinkhead.o
    0x08000a1e   0x0000002a   Code   RO         1057    i.LOS_DLnkMultiHead  los_multipledlinkhead.o
    0x08000a48   0x00000012   Code   RO         1224    i.LOS_EnableTick    los_config.o
    0x08000a5a   0x00000002   PAD
    0x08000a5c   0x0000001c   Code   RO          574    i.LOS_EventInit     los_event.o
    0x08000a78   0x00000050   Code   RO          575    i.LOS_EventPoll     los_event.o
    0x08000ac8   0x0000015c   Code   RO          576    i.LOS_EventRead     los_event.o
    0x08000c24   0x000000f8   Code   RO          577    i.LOS_EventWrite    los_event.o
    0x08000d1c   0x00000012   Code   RO         1225    i.LOS_KernelInit    los_config.o
    0x08000d2e   0x0000000e   Code   RO          320    i.LOS_ListAdd       los_task.o
    0x08000d3c   0x0000000e   Code   RO          620    i.LOS_ListAdd       los_mux.o
    0x08000d4a   0x0000000e   Code   RO          694    i.LOS_ListAdd       los_queue.o
    0x08000d58   0x0000000e   Code   RO          799    i.LOS_ListAdd       los_sem.o
    0x08000d66   0x0000000e   Code   RO          902    i.LOS_ListAdd       los_memory.o
    0x08000d74   0x00000014   Code   RO          321    i.LOS_ListDelete    los_task.o
    0x08000d88   0x00000014   Code   RO          621    i.LOS_ListDelete    los_mux.o
    0x08000d9c   0x00000014   Code   RO          800    i.LOS_ListDelete    los_sem.o
    0x08000db0   0x00000014   Code   RO          903    i.LOS_ListDelete    los_memory.o
    0x08000dc4   0x00000010   Code   RO          322    i.LOS_ListEmpty     los_task.o
    0x08000dd4   0x00000010   Code   RO          622    i.LOS_ListEmpty     los_mux.o
    0x08000de4   0x00000010   Code   RO          695    i.LOS_ListEmpty     los_queue.o
    0x08000df4   0x00000010   Code   RO          801    i.LOS_ListEmpty     los_sem.o
    0x08000e04   0x00000006   Code   RO          323    i.LOS_ListInit      los_task.o
    0x08000e0a   0x00000006   Code   RO          623    i.LOS_ListInit      los_mux.o
    0x08000e10   0x00000006   Code   RO          696    i.LOS_ListInit      los_queue.o
    0x08000e16   0x00000006   Code   RO          802    i.LOS_ListInit      los_sem.o
    0x08000e1c   0x00000010   Code   RO          324    i.LOS_ListTailInsert  los_task.o
    0x08000e2c   0x00000010   Code   RO          624    i.LOS_ListTailInsert  los_mux.o
    0x08000e3c   0x00000010   Code   RO          803    i.LOS_ListTailInsert  los_sem.o
    0x08000e4c   0x00000144   Code   RO         1058    i.LOS_Log2          los_multipledlinkhead.o
    0x08000f90   0x00000028   Code   RO          249    i.LOS_MS2Tick       los_sys.o
    0x08000fb8   0x0000003a   Code   RO          904    i.LOS_MemAlloc      los_memory.o
    0x08000ff2   0x0000006c   Code   RO          905    i.LOS_MemAllocAlign  los_memory.o
    0x0800105e   0x00000054   Code   RO          906    i.LOS_MemFree       los_memory.o
    0x080010b2   0x000000a6   Code   RO          907    i.LOS_MemInit       los_memory.o
    0x08001158   0x00000040   Code   RO          869    i.LOS_MemboxAlloc   los_membox.o
    0x08001198   0x000000a4   Code   RO          871    i.LOS_MemboxFree    los_membox.o
    0x0800123c   0x00000080   Code   RO          872    i.LOS_MemboxInit    los_membox.o
    0x080012bc   0x00000064   Code   RO          625    i.LOS_MuxCreate     los_mux.o
    0x08001320   0x00000148   Code   RO          627    i.LOS_MuxPend       los_mux.o
    0x08001468   0x00000100   Code   RO          628    i.LOS_MuxPost       los_mux.o
    0x08001568   0x00000018   Code   RO            1    i.LOS_PriqueueDequeue  los_priqueue.o
    0x08001580   0x00000024   Code   RO            2    i.LOS_PriqueueEnqueue  los_priqueue.o
    0x080015a4   0x00000028   Code   RO            3    i.LOS_PriqueueSize  los_priqueue.o
    0x080015cc   0x0000003c   Code   RO            4    i.LOS_PriqueueTop   los_priqueue.o
    0x08001608   0x0000007c   Code   RO          697    i.LOS_QueueCreate   los_queue.o
    0x08001684   0x000000b0   Code   RO          698    i.LOS_QueueDelete   los_queue.o
    0x08001734   0x00000130   Code   RO          699    i.LOS_QueueRead     los_queue.o
    0x08001864   0x00000130   Code   RO          700    i.LOS_QueueWrite    los_queue.o
    0x08001994   0x00000040   Code   RO         1106    i.LOS_Schedule      los_hw.o
    0x080019d4   0x0000006c   Code   RO          804    i.LOS_SemCreate     los_sem.o
    0x08001a40   0x00000060   Code   RO          805    i.LOS_SemDelete     los_sem.o
    0x08001aa0   0x00000100   Code   RO          806    i.LOS_SemPend       los_sem.o
    0x08001ba0   0x000000b8   Code   RO          807    i.LOS_SemPost       los_sem.o
    0x08001c58   0x0000000c   Code   RO         1137    i.LOS_SetTickSycle  los_hw_tick.o
    0x08001c64   0x0000000a   Code   RO         1226    i.LOS_Start         los_config.o
    0x08001c6e   0x00000002   PAD
    0x08001c70   0x0000009c   Code   RO          325    i.LOS_TaskCreate    los_task.o
    0x08001d0c   0x00000184   Code   RO          326    i.LOS_TaskCreateOnly  los_task.o
    0x08001e90   0x00000080   Code   RO          327    i.LOS_TaskDelay     los_task.o
    0x08001f10   0x00000168   Code   RO          328    i.LOS_TaskDelete    los_task.o
    0x08002078   0x00000020   Code   RO          329    i.LOS_TaskLock      los_task.o
    0x08002098   0x0000003c   Code   RO          334    i.LOS_TaskUnlock    los_task.o
    0x080020d4   0x00000084   Code   RO          335    i.LOS_TaskYield     los_task.o
    0x08002158   0x0000000c   Code   RO          252    i.LOS_TickCountGet  los_sys.o
    0x08002164   0x00000038   Code   RO         1138    i.LOS_TickHandler   los_hw_tick.o
    0x0800219c   0x00000002   Code   RO         1629    i.LosAdapIntInit    los_bsp_adapter.o
    0x0800219e   0x00000004   Code   RO         7603    i.MemManage_Handler  gd32f4xx_it.o
    0x080021a2   0x00000002   Code   RO         7604    i.NMI_Handler       gd32f4xx_it.o
    0x080021a4   0x00000008   Code   RO         1632    i.SysTick_Handler   los_bsp_adapter.o
    0x080021ac   0x00000060   Code   RO         7555    i.SystemInit        system_gd32f4xx.o
    0x0800220c   0x00000004   Code   RO         7605    i.UsageFault_Handler  gd32f4xx_it.o
    0x08002210   0x00000020   Code   RO        14275    i.__0printf         mc_w.l(printfa.o)
    0x08002230   0x00000028   Code   RO        14276    i.__0snprintf       mc_w.l(printfa.o)
    0x08002258   0x00000002   Code   RO        13775    i.__aeabi_assert    abort.o
    0x0800225a   0x00000002   PAD
    0x0800225c   0x00000008   Code   RO        14331    i.__aeabi_errno_addr  mc_w.l(errno.o)
    0x08002264   0x0000000e   Code   RO        14411    i.__scatterload_copy  mc_w.l(handlers.o)
    0x08002272   0x00000002   Code   RO        14412    i.__scatterload_null  mc_w.l(handlers.o)
    0x08002274   0x0000000e   Code   RO        14413    i.__scatterload_zeroinit  mc_w.l(handlers.o)
    0x08002282   0x00000002   PAD
    0x08002284   0x00000014   Code   RO        11650    i._alloc_rep        oc_rep.o
    0x08002298   0x00000048   Code   RO        13347    i._cbor_value_copy_string  cborparser.o
    0x080022e0   0x000000fc   Code   RO        13348    i._cbor_value_decode_int64_internal  cborparser.o
    0x080023dc   0x0000001a   Code   RO        11651    i._cbor_value_extract_int64_helper  oc_rep.o
    0x080023f6   0x00000002   PAD
    0x080023f8   0x00000164   Code   RO        14282    i._fp_digits        mc_w.l(printfa.o)
    0x0800255c   0x00000014   Code   RO        11652    i._free_rep         oc_rep.o
    0x08002570   0x00000034   Code   RO        11452    i._oc_alloc_string_array  oc_helpers.o
    0x080025a4   0x00000050   Code   RO        11453    i._oc_copy_string_to_string_array  oc_helpers.o
    0x080025f4   0x00000010   Code   RO        11454    i._oc_free_array    oc_helpers.o
    0x08002604   0x0000003e   Code   RO        11455    i._oc_new_array     oc_helpers.o
    0x08002642   0x00000002   PAD
    0x08002644   0x00000018   Code   RO        11542    i._oc_signal_event_loop  oc_main.o
    0x0800265c   0x00000042   Code   RO        11456    i._oc_string_array_add_item  oc_helpers.o
    0x0800269e   0x00000002   PAD
    0x080026a0   0x000006dc   Code   RO        14283    i._printf_core      mc_w.l(printfa.o)
    0x08002d7c   0x00000024   Code   RO        14284    i._printf_post_padding  mc_w.l(printfa.o)
    0x08002da0   0x0000002e   Code   RO        14285    i._printf_pre_padding  mc_w.l(printfa.o)
    0x08002dce   0x00000016   Code   RO        14286    i._snputc           mc_w.l(printfa.o)
    0x08002de4   0x00000002   Code   RO        13776    i.abort_impl        abort.o
    0x08002de6   0x00000002   PAD
    0x08002de8   0x0000009c   Code   RO        12572    i.add_observer      observe.o
    0x08002e84   0x00000070   Code   RO        11761    i.add_periodic_observe_callback  oc_ri.o
    0x08002ef4   0x00000048   Code   RO        12776    i.add_timer         oc_etimer.o
    0x08002f3c   0x0000010c   Code   RO        13350    i.advance_internal  cborparser.o
    0x08003048   0x00000078   Code   RO        13351    i.advance_recursive  cborparser.o
    0x080030c0   0x000000ac   Code   RO         8696    i.alloc_socket      sockets.o
    0x0800316c   0x0000001c   Code   RO        11762    i.allocate_events   oc_ri.o
    0x08003188   0x00000070   Code   RO        12164    i.app_init          simpleserver.o
    0x080031f8   0x00000010   Code   RO        13176    i.append_byte_to_buffer  cborencoder.o
    0x08003208   0x0000005e   Code   RO        13177    i.append_to_buffer  cborencoder.o
    0x08003266   0x00000002   PAD
    0x08003268   0x00000020   Code   RO         9260    i.arp_timer         lwip_timers.o
    0x08003288   0x00000050   Code   RO        13036    i.call_process      oc_process.o
    0x080032d8   0x0000002c   Code   RO        13180    i.cbor_encode_int   cborencoder.o
    0x08003304   0x00000024   Code   RO        13182    i.cbor_encode_simple_value  cborencoder.o
    0x08003328   0x00000016   Code   RO        13184    i.cbor_encode_text_string  cborencoder.o
    0x0800333e   0x00000018   Code   RO        13185    i.cbor_encode_uint  cborencoder.o
    0x08003356   0x0000002e   Code   RO        13186    i.cbor_encoder_close_container  cborencoder.o
    0x08003384   0x00000016   Code   RO        13187    i.cbor_encoder_create_array  cborencoder.o
    0x0800339a   0x00000026   Code   RO        13188    i.cbor_encoder_create_map  cborencoder.o
    0x080033c0   0x00000010   Code   RO        13189    i.cbor_encoder_init  cborencoder.o
    0x080033d0   0x0000002e   Code   RO        13352    i.cbor_parser_init  cborparser.o
    0x080033fe   0x00000002   PAD
    0x08003400   0x00000084   Code   RO        13353    i.cbor_value_advance  cborparser.o
    0x08003484   0x0000000e   Code   RO        11653    i.cbor_value_at_end  oc_rep.o
    0x08003492   0x0000000e   Code   RO        13355    i.cbor_value_at_end  cborparser.o
    0x080034a0   0x0000001a   Code   RO        13356    i.cbor_value_calculate_string_length  cborparser.o
    0x080034ba   0x00000002   PAD
    0x080034bc   0x00000094   Code   RO        11654    i.cbor_value_copy_byte_string  oc_rep.o
    0x08003550   0x00000094   Code   RO        11655    i.cbor_value_copy_text_string  oc_rep.o
    0x080035e4   0x00000144   Code   RO        13357    i.cbor_value_enter_container  cborparser.o
    0x08003728   0x000000a0   Code   RO        11656    i.cbor_value_get_array_length  oc_rep.o
    0x080037c8   0x00000088   Code   RO        11657    i.cbor_value_get_boolean  oc_rep.o
    0x08003850   0x000000d8   Code   RO        11658    i.cbor_value_get_double  oc_rep.o
    0x08003928   0x00000094   Code   RO        11659    i.cbor_value_get_int  oc_rep.o
    0x080039bc   0x00000010   Code   RO        11660    i.cbor_value_is_array  oc_rep.o
    0x080039cc   0x00000016   Code   RO        13361    i.cbor_value_is_container  cborparser.o
    0x080039e2   0x00000010   Code   RO        13363    i.cbor_value_is_text_string  cborparser.o
    0x080039f2   0x00000012   Code   RO        11661    i.cbor_value_is_valid  oc_rep.o
    0x08003a04   0x000000b8   Code   RO        13364    i.cbor_value_leave_container  cborparser.o
    0x08003abc   0x00000024   Code   RO        11763    i.check_event_callbacks  oc_ri.o
    0x08003ae0   0x00000038   Code   RO        12694    i.coap_check_transactions  transactions.o
    0x08003b18   0x00000030   Code   RO        12695    i.coap_clear_transaction  transactions.o
    0x08003b48   0x0000003a   Code   RO        12276    i.coap_get_header_block1  coap_1.o
    0x08003b82   0x00000036   Code   RO        12277    i.coap_get_header_block2  coap_1.o
    0x08003bb8   0x00000018   Code   RO        12279    i.coap_get_header_observe  coap_1.o
    0x08003bd0   0x0000001a   Code   RO        12282    i.coap_get_header_uri_path  coap_1.o
    0x08003bea   0x0000001e   Code   RO        12283    i.coap_get_header_uri_query  coap_1.o
    0x08003c08   0x00000014   Code   RO        12284    i.coap_get_mid      coap_1.o
    0x08003c1c   0x0000001e   Code   RO        12285    i.coap_get_payload  coap_1.o
    0x08003c3a   0x00000002   PAD
    0x08003c3c   0x0000002c   Code   RO        12696    i.coap_get_transaction_by_mid  transactions.o
    0x08003c68   0x00000010   Code   RO        12286    i.coap_init_connection  coap_1.o
    0x08003c78   0x00000022   Code   RO        12287    i.coap_init_message  coap_1.o
    0x08003c9a   0x00000016   Code   RO        12288    i.coap_log_2        coap_1.o
    0x08003cb0   0x00000040   Code   RO        12289    i.coap_merge_multi_option  coap_1.o
    0x08003cf0   0x00000058   Code   RO        12697    i.coap_new_transaction  transactions.o
    0x08003d48   0x000001c8   Code   RO        12573    i.coap_notify_observers  observe.o
    0x08003f10   0x00000062   Code   RO        12574    i.coap_observe_handler  observe.o
    0x08003f72   0x00000018   Code   RO        12290    i.coap_option_nibble  coap_1.o
    0x08003f8a   0x0000001a   Code   RO        12291    i.coap_parse_int_option  coap_1.o
    0x08003fa4   0x00000334   Code   RO        12292    i.coap_parse_message  coap_1.o
    0x080042d8   0x000001bc   Code   RO        12506    i.coap_receive      engine.o
    0x08004494   0x00000014   Code   RO        12698    i.coap_register_as_transaction_handler  transactions.o
    0x080044a8   0x00000020   Code   RO        12575    i.coap_remove_observer  observe.o
    0x080044c8   0x0000004c   Code   RO        12576    i.coap_remove_observer_by_client  observe.o
    0x08004514   0x00000058   Code   RO        12577    i.coap_remove_observer_by_mid  observe.o
    0x0800456c   0x00000068   Code   RO        12578    i.coap_remove_observer_by_token  observe.o
    0x080045d4   0x00000078   Code   RO        12579    i.coap_remove_observer_handle_by_uri  observe.o
    0x0800464c   0x0000003c   Code   RO        12507    i.coap_send_empty_ack  engine.o
    0x08004688   0x0000000c   Code   RO        12293    i.coap_send_message  coap_1.o
    0x08004694   0x000000bc   Code   RO        12699    i.coap_send_transaction  transactions.o
    0x08004750   0x00000104   Code   RO        12631    i.coap_separate_accept  separate.o
    0x08004854   0x0000001c   Code   RO        12632    i.coap_separate_clear  separate.o
    0x08004870   0x00000086   Code   RO        12294    i.coap_serialize_array_option  coap_1.o
    0x080048f6   0x00000074   Code   RO        12295    i.coap_serialize_int_option  coap_1.o
    0x0800496a   0x00000002   PAD
    0x0800496c   0x00000284   Code   RO        12296    i.coap_serialize_message  coap_1.o
    0x08004bf0   0x00000016   Code   RO        12299    i.coap_set_header_content_format  coap_1.o
    0x08004c06   0x00000014   Code   RO        12303    i.coap_set_header_observe  coap_1.o
    0x08004c1a   0x00000018   Code   RO        12304    i.coap_set_header_size1  coap_1.o
    0x08004c32   0x0000008c   Code   RO        12307    i.coap_set_option_header  coap_1.o
    0x08004cbe   0x00000022   Code   RO        12308    i.coap_set_payload  coap_1.o
    0x08004ce0   0x00000010   Code   RO        12309    i.coap_set_status_code  coap_1.o
    0x08004cf0   0x0000002a   Code   RO        12310    i.coap_set_token    coap_1.o
    0x08004d1a   0x00000002   PAD
    0x08004d1c   0x000000fc   Code   RO        13823    i.connectivity_ipv4_init  ipadapter.o
    0x08004e18   0x00000054   Code   RO        13190    i.create_container  cborencoder.o
    0x08004e6c   0x000000c8   Code   RO         9022    i.dhcp_arp_reply    dhcp.o
    0x08004f34   0x000001c8   Code   RO         9023    i.dhcp_bind         dhcp.o
    0x080050fc   0x00000046   Code   RO         9024    i.dhcp_check        dhcp.o
    0x08005142   0x00000002   PAD
    0x08005144   0x00000050   Code   RO         9026    i.dhcp_coarse_tmr   dhcp.o
    0x08005194   0x000002f8   Code   RO         9027    i.dhcp_create_msg   dhcp.o
    0x0800548c   0x00000094   Code   RO         9028    i.dhcp_decline      dhcp.o
    0x08005520   0x00000144   Code   RO         9029    i.dhcp_delete_msg   dhcp.o
    0x08005664   0x000000e4   Code   RO         9030    i.dhcp_discover     dhcp.o
    0x08005748   0x00000048   Code   RO         9031    i.dhcp_fine_tmr     dhcp.o
    0x08005790   0x000000b0   Code   RO         9037    i.dhcp_option       dhcp.o
    0x08005840   0x000000d4   Code   RO         9038    i.dhcp_option_byte  dhcp.o
    0x08005914   0x00000108   Code   RO         9039    i.dhcp_option_long  dhcp.o
    0x08005a1c   0x000000ac   Code   RO         9040    i.dhcp_option_short  dhcp.o
    0x08005ac8   0x00000188   Code   RO         9041    i.dhcp_option_trailer  dhcp.o
    0x08005c50   0x00000098   Code   RO         9043    i.dhcp_rebind       dhcp.o
    0x08005ce8   0x000000b8   Code   RO         9044    i.dhcp_reboot       dhcp.o
    0x08005da0   0x000000b8   Code   RO         9046    i.dhcp_release      dhcp.o
    0x08005e58   0x00000096   Code   RO         9047    i.dhcp_renew        dhcp.o
    0x08005eee   0x00000002   PAD
    0x08005ef0   0x00000104   Code   RO         9048    i.dhcp_select       dhcp.o
    0x08005ff4   0x00000010   Code   RO         9049    i.dhcp_set_state    dhcp.o
    0x08006004   0x00000028   Code   RO         9053    i.dhcp_t1_timeout   dhcp.o
    0x0800602c   0x00000028   Code   RO         9054    i.dhcp_t2_timeout   dhcp.o
    0x08006054   0x000000c4   Code   RO         9055    i.dhcp_timeout      dhcp.o
    0x08006118   0x00000020   Code   RO         9261    i.dhcp_timer_coarse  lwip_timers.o
    0x08006138   0x00000020   Code   RO         9262    i.dhcp_timer_fine   lwip_timers.o
    0x08006158   0x00000074   Code   RO         8439    i.do_bind           api_msg.o
    0x080061cc   0x000002cc   Code   RO         8441    i.do_close_internal  api_msg.o
    0x08006498   0x000001ec   Code   RO         8444    i.do_delconn        api_msg.o
    0x08006684   0x000000e8   Code   RO        13037    i.do_event          oc_process.o
    0x0800676c   0x00000144   Code   RO         8446    i.do_getaddr        api_msg.o
    0x080068b0   0x00000020   Code   RO         8449    i.do_newconn        api_msg.o
    0x080068d0   0x00000034   Code   RO        13038    i.do_poll           oc_process.o
    0x08006904   0x00000048   Code   RO         8450    i.do_recv           api_msg.o
    0x0800694c   0x000000a6   Code   RO         8451    i.do_send           api_msg.o
    0x080069f2   0x00000002   PAD
    0x080069f4   0x0000013c   Code   RO         8452    i.do_write          api_msg.o
    0x08006b30   0x00000300   Code   RO         8453    i.do_writemore      api_msg.o
    0x08006e30   0x0000003e   Code   RO        11764    i.does_interface_support_method  oc_ri.o
    0x08006e6e   0x0000001e   Code   RO        13191    i.encode_number     cborencoder.o
    0x08006e8c   0x00000080   Code   RO        13192    i.encode_number_no_update  cborencoder.o
    0x08006f0c   0x00000034   Code   RO        13193    i.encode_string     cborencoder.o
    0x08006f40   0x00000078   Code   RO         3253    i.enet_default_init  gd32f4xx_enet.o
    0x08006fb8   0x00000018   Code   RO         3254    i.enet_deinit       gd32f4xx_enet.o
    0x08006fd0   0x0000000e   Code   RO         3255    i.enet_delay        gd32f4xx_enet.o
    0x08006fde   0x00000002   PAD
    0x08006fe0   0x0000005c   Code   RO         3259    i.enet_desc_information_get  gd32f4xx_enet.o
    0x0800703c   0x000000c8   Code   RO         3261    i.enet_descriptors_chain_init  gd32f4xx_enet.o
    0x08007104   0x0000000c   Code   RO         3268    i.enet_enable       gd32f4xx_enet.o
    0x08007110   0x000000f8   Code   RO         3278    i.enet_frame_receive  gd32f4xx_enet.o
    0x08007208   0x000000cc   Code   RO         3279    i.enet_frame_transmit  gd32f4xx_enet.o
    0x080072d4   0x000001d0   Code   RO         7507    i.enet_gpio_config  gd32f4xx_enet_eval.o
    0x080074a4   0x00000364   Code   RO         3280    i.enet_init         gd32f4xx_enet.o
    0x08007808   0x00000164   Code   RO         3281    i.enet_initpara_config  gd32f4xx_enet.o
    0x0800796c   0x00000028   Code   RO         3282    i.enet_initpara_reset  gd32f4xx_enet.o
    0x08007994   0x00000048   Code   RO         3284    i.enet_interrupt_enable  gd32f4xx_enet.o
    0x080079dc   0x00000018   Code   RO         3285    i.enet_interrupt_flag_clear  gd32f4xx_enet.o
    0x080079f4   0x00000024   Code   RO         3286    i.enet_interrupt_flag_get  gd32f4xx_enet.o
    0x08007a18   0x00000030   Code   RO         3288    i.enet_mac_address_set  gd32f4xx_enet.o
    0x08007a48   0x0000004c   Code   RO         7508    i.enet_mac_dma_config  gd32f4xx_enet_eval.o
    0x08007a94   0x000000d8   Code   RO         3298    i.enet_phy_config   gd32f4xx_enet.o
    0x08007b6c   0x0000009c   Code   RO         3299    i.enet_phy_write_read  gd32f4xx_enet.o
    0x08007c08   0x0000000a   Code   RO         3317    i.enet_rx_desc_immediate_receive_complete_interrupt  gd32f4xx_enet.o
    0x08007c12   0x00000002   PAD
    0x08007c14   0x00000024   Code   RO         3319    i.enet_rx_enable    gd32f4xx_enet.o
    0x08007c38   0x0000003c   Code   RO         3323    i.enet_software_reset  gd32f4xx_enet.o
    0x08007c74   0x00000030   Code   RO         7509    i.enet_system_setup  gd32f4xx_enet_eval.o
    0x08007ca4   0x00000010   Code   RO         3324    i.enet_transmit_checksum_config  gd32f4xx_enet.o
    0x08007cb4   0x00000028   Code   RO         3326    i.enet_tx_enable    gd32f4xx_enet.o
    0x08007cdc   0x00000034   Code   RO         3327    i.enet_txfifo_flush  gd32f4xx_enet.o
    0x08007d10   0x000001b4   Code   RO         8454    i.err_tcp           api_msg.o
    0x08007ec4   0x000001e0   Code   RO        10473    i.etharp_arp_input  etharp.o
    0x080080a4   0x00000038   Code   RO        10474    i.etharp_cleanup_netif  etharp.o
    0x080080dc   0x00000308   Code   RO        10476    i.etharp_find_entry  etharp.o
    0x080083e4   0x00000078   Code   RO        10477    i.etharp_free_entry  etharp.o
    0x0800845c   0x00000224   Code   RO        10478    i.etharp_output     etharp.o
    0x08008680   0x0000012c   Code   RO        10479    i.etharp_output_to_arp_index  etharp.o
    0x080087ac   0x00000290   Code   RO        10480    i.etharp_query      etharp.o
    0x08008a3c   0x000001b8   Code   RO        10481    i.etharp_raw        etharp.o
    0x08008bf4   0x00000030   Code   RO        10482    i.etharp_request    etharp.o
    0x08008c24   0x000000c8   Code   RO        10483    i.etharp_send_ip    etharp.o
    0x08008cec   0x00000094   Code   RO        10484    i.etharp_tmr        etharp.o
    0x08008d80   0x00000170   Code   RO        10485    i.etharp_update_arp_entry  etharp.o
    0x08008ef0   0x00000160   Code   RO        10486    i.ethernet_input    etharp.o
    0x08009050   0x00000084   Code   RO        10568    i.ethernetif_init   ethernetif.o
    0x080090d4   0x00000050   Code   RO        10569    i.ethernetif_input  ethernetif.o
    0x08009124   0x000001f8   Code   RO         8697    i.event_callback    sockets.o
    0x0800931c   0x000000a0   Code   RO        13039    i.exit_process      oc_process.o
    0x080093bc   0x0000000c   Code   RO         4069    i.exti_interrupt_flag_clear  gd32f4xx_exti.o
    0x080093c8   0x00000024   Code   RO         4070    i.exti_interrupt_flag_get  gd32f4xx_exti.o
    0x080093ec   0x0000003c   Code   RO        13368    i.extract_length    cborparser.o
    0x08009428   0x00000092   Code   RO        13369    i.extract_number    cborparser.o
    0x080094ba   0x00000002   PAD
    0x080094bc   0x000001f4   Code   RO        11413    i.filter_resource   oc_discovery.o
    0x080096b0   0x00000058   Code   RO        11309    i.finalize_payload  oc_core_res.o
    0x08009708   0x00000024   Code   RO        10985    i.fputc             main.o
    0x0800972c   0x00000038   Code   RO         8698    i.free_socket       sockets.o
    0x08009764   0x000000b8   Code   RO         7445    i.gd_eval_com_init  gd32f450i_eval.o
    0x0800981c   0x00000054   Code   RO         7448    i.gd_eval_led_init  gd32f450i_eval.o
    0x08009870   0x00000018   Code   RO         7451    i.gd_eval_led_toggle  gd32f450i_eval.o
    0x08009888   0x00000012   Code   RO        13370    i.get16             cborparser.o
    0x0800989a   0x0000000e   Code   RO        13371    i.get32             cborparser.o
    0x080098a8   0x00000018   Code   RO        13372    i.get64             cborparser.o
    0x080098c0   0x0000013c   Code   RO        12165    i.get_light         simpleserver.o
    0x080099fc   0x00000034   Code   RO        11765    i.get_periodic_observe_callback  oc_ri.o
    0x08009a30   0x00000040   Code   RO        10616    i.get_prio          sys_arch.o
    0x08009a70   0x00000030   Code   RO         8699    i.get_socket        sockets.o
    0x08009aa0   0x0000005e   Code   RO         4451    i.gpio_af_set       gd32f4xx_gpio.o
    0x08009afe   0x0000004e   Code   RO         4459    i.gpio_mode_set     gd32f4xx_gpio.o
    0x08009b4c   0x00000042   Code   RO         4461    i.gpio_output_options_set  gd32f4xx_gpio.o
    0x08009b8e   0x00000026   Code   RO         8980    i.htonll            def.o
    0x08009bb4   0x00000012   Code   RO        10203    i.icmp_dest_unreach  icmp.o
    0x08009bc6   0x00000002   PAD
    0x08009bc8   0x00000354   Code   RO        10204    i.icmp_input        icmp.o
    0x08009f1c   0x00000138   Code   RO        10205    i.icmp_send_response  icmp.o
    0x0800a054   0x0000002a   Code   RO        10226    i.igmp_delaying_member  igmp.o
    0x0800a07e   0x00000002   PAD
    0x0800a080   0x00000024   Code   RO        10228    i.igmp_init         igmp.o
    0x0800a0a4   0x00000140   Code   RO        10229    i.igmp_input        igmp.o
    0x0800a1e4   0x0000003c   Code   RO        10230    i.igmp_ip_output_if  igmp.o
    0x0800a220   0x00000208   Code   RO        10231    i.igmp_joingroup    igmp.o
    0x0800a428   0x000001d4   Code   RO        10232    i.igmp_leavegroup   igmp.o
    0x0800a5fc   0x0000002c   Code   RO        10233    i.igmp_lookfor_group  igmp.o
    0x0800a628   0x00000058   Code   RO        10234    i.igmp_lookup_group  igmp.o
    0x0800a680   0x00000048   Code   RO        10235    i.igmp_remove_group  igmp.o
    0x0800a6c8   0x00000028   Code   RO        10236    i.igmp_report_groups  igmp.o
    0x0800a6f0   0x0000014c   Code   RO        10237    i.igmp_send         igmp.o
    0x0800a83c   0x00000048   Code   RO        10238    i.igmp_start        igmp.o
    0x0800a884   0x0000001e   Code   RO        10239    i.igmp_start_timer  igmp.o
    0x0800a8a2   0x00000020   Code   RO        10241    i.igmp_timeout      igmp.o
    0x0800a8c2   0x00000002   PAD
    0x0800a8c4   0x0000001c   Code   RO         9263    i.igmp_timer        lwip_timers.o
    0x0800a8e0   0x0000002c   Code   RO        10242    i.igmp_tmr          igmp.o
    0x0800a90c   0x00000014   Code   RO        10335    i.inet_chksum       inet_chksum.o
    0x0800a920   0x00000056   Code   RO        10336    i.inet_chksum_pbuf  inet_chksum.o
    0x0800a976   0x00000002   PAD
    0x0800a978   0x0000004c   Code   RO        10986    i.init_task         main.o
    0x0800a9c4   0x0000004e   Code   RO        10413    i.ip4_addr_isbroadcast  ip_addr.o
    0x0800aa12   0x00000002   PAD
    0x0800aa14   0x0000022c   Code   RO        10371    i.ip_input          ip.o
    0x0800ac40   0x000000cc   Code   RO        10372    i.ip_output         ip.o
    0x0800ad0c   0x00000034   Code   RO        10373    i.ip_output_if      ip.o
    0x0800ad40   0x000001e0   Code   RO        10374    i.ip_output_if_opt  ip.o
    0x0800af20   0x00000058   Code   RO        10375    i.ip_route          ip.o
    0x0800af78   0x0000001a   Code   RO        13373    i.is_fixed_type     cborparser.o
    0x0800af92   0x00000006   Code   RO        13375    i.iterate_noop      cborparser.o
    0x0800af98   0x000001e0   Code   RO        13376    i.iterate_string_chunks  cborparser.o
    0x0800b178   0x00000012   Code   RO        10987    i.led_task          main.o
    0x0800b18a   0x00000002   PAD
    0x0800b18c   0x000000dc   Code   RO        10570    i.low_level_init    ethernetif.o
    0x0800b268   0x00000060   Code   RO        10571    i.low_level_input   ethernetif.o
    0x0800b2c8   0x00000080   Code   RO        10572    i.low_level_output  ethernetif.o
    0x0800b348   0x00000160   Code   RO         8701    i.lwip_bind         sockets.o
    0x0800b4a8   0x000000dc   Code   RO         8702    i.lwip_close        sockets.o
    0x0800b584   0x0000001a   Code   RO         8981    i.lwip_htonl        def.o
    0x0800b59e   0x0000000c   Code   RO         8982    i.lwip_htons        def.o
    0x0800b5aa   0x00000028   Code   RO         9226    i.lwip_init         init.o
    0x0800b5d2   0x0000000c   Code   RO         8983    i.lwip_ntohl        def.o
    0x0800b5de   0x0000000c   Code   RO         8984    i.lwip_ntohs        def.o
    0x0800b5ea   0x00000002   PAD
    0x0800b5ec   0x00000328   Code   RO         8714    i.lwip_recvfrom     sockets.o
    0x0800b914   0x00000434   Code   RO         8715    i.lwip_select       sockets.o
    0x0800bd48   0x000001ec   Code   RO         8716    i.lwip_selscan      sockets.o
    0x0800bf34   0x000000a0   Code   RO         8717    i.lwip_send         sockets.o
    0x0800bfd4   0x000001c4   Code   RO         8718    i.lwip_sendto       sockets.o
    0x0800c198   0x000001c0   Code   RO         8719    i.lwip_setsockopt   sockets.o
    0x0800c358   0x000002d4   Code   RO         8720    i.lwip_setsockopt_internal  sockets.o
    0x0800c62c   0x000000ac   Code   RO         8722    i.lwip_socket       sockets.o
    0x0800c6d8   0x00000002   Code   RO         8723    i.lwip_socket_init  sockets.o
    0x0800c6da   0x00000002   PAD
    0x0800c6dc   0x00000058   Code   RO         7791    i.lwip_stack_init   netconf.o
    0x0800c734   0x0000005e   Code   RO        10339    i.lwip_standard_chksum  inet_chksum.o
    0x0800c792   0x00000002   PAD
    0x0800c794   0x00000050   Code   RO        10988    i.main              main.o
    0x0800c7e4   0x00000180   Code   RO         9355    i.mem_free          mem.o
    0x0800c964   0x00000108   Code   RO         9356    i.mem_init          mem.o
    0x0800ca6c   0x000002a0   Code   RO         9357    i.mem_malloc        mem.o
    0x0800cd0c   0x00000204   Code   RO         9358    i.mem_trim          mem.o
    0x0800cf10   0x000000d8   Code   RO         9399    i.memp_free         memp.o
    0x0800cfe8   0x00000064   Code   RO         9400    i.memp_init         memp.o
    0x0800d04c   0x00000118   Code   RO         9401    i.memp_malloc       memp.o
    0x0800d164   0x00000020   Code   RO         8617    i.netbuf_delete     netbuf.o
    0x0800d184   0x000000b8   Code   RO         8619    i.netbuf_free       netbuf.o
    0x0800d23c   0x000000dc   Code   RO         8622    i.netbuf_ref        netbuf.o
    0x0800d318   0x00000074   Code   RO         8455    i.netconn_alloc     api_msg.o
    0x0800d38c   0x000000ec   Code   RO         8299    i.netconn_bind      api_lib.o
    0x0800d478   0x00000028   Code   RO         8303    i.netconn_delete    api_lib.o
    0x0800d4a0   0x00000160   Code   RO         8456    i.netconn_drain     api_msg.o
    0x0800d600   0x00000190   Code   RO         8457    i.netconn_free      api_msg.o
    0x0800d790   0x00000170   Code   RO         8305    i.netconn_getaddr   api_lib.o
    0x0800d900   0x000001b0   Code   RO         8308    i.netconn_new_with_proto_and_callback  api_lib.o
    0x0800dab0   0x000001d4   Code   RO         8309    i.netconn_recv      api_lib.o
    0x0800dc84   0x00000240   Code   RO         8310    i.netconn_recv_data  api_lib.o
    0x0800dec4   0x000000b8   Code   RO         8311    i.netconn_recv_tcp_pbuf  api_lib.o
    0x0800df7c   0x00000034   Code   RO         8312    i.netconn_recved    api_lib.o
    0x0800dfb0   0x000000e8   Code   RO         8313    i.netconn_send      api_lib.o
    0x0800e098   0x00000178   Code   RO         8316    i.netconn_write_partly  api_lib.o
    0x0800e210   0x00000130   Code   RO         9440    i.netif_add         netif.o
    0x0800e340   0x00000002   Code   RO         9442    i.netif_init        netif.o
    0x0800e342   0x00000028   Code   RO         9444    i.netif_set_addr    netif.o
    0x0800e36a   0x00000002   PAD
    0x0800e36c   0x00000010   Code   RO         9445    i.netif_set_default  netif.o
    0x0800e37c   0x0000002a   Code   RO         9446    i.netif_set_down    netif.o
    0x0800e3a6   0x00000010   Code   RO         9447    i.netif_set_gw      netif.o
    0x0800e3b6   0x00000002   PAD
    0x0800e3b8   0x00000084   Code   RO         9448    i.netif_set_ipaddr  netif.o
    0x0800e43c   0x00000010   Code   RO         9451    i.netif_set_netmask  netif.o
    0x0800e44c   0x00000046   Code   RO         9452    i.netif_set_up      netif.o
    0x0800e492   0x00000002   PAD
    0x0800e494   0x00000264   Code   RO        13824    i.network_event_thread  ipadapter.o
    0x0800e6f8   0x0000001e   Code   RO         8985    i.ntohll            def.o
    0x0800e716   0x00000018   Code   RO         7510    i.nvic_configuration  gd32f4xx_enet_eval.o
    0x0800e72e   0x00000002   PAD
    0x0800e730   0x000000a4   Code   RO         5016    i.nvic_irq_enable   gd32f4xx_misc.o
    0x0800e7d4   0x00000014   Code   RO         5017    i.nvic_priority_group_set  gd32f4xx_misc.o
    0x0800e7e8   0x00000014   Code   RO         5018    i.nvic_vector_table_set  gd32f4xx_misc.o
    0x0800e7fc   0x00000032   Code   RO        11969    i.oc_add_device     oc_server_api.o
    0x0800e82e   0x0000000c   Code   RO        11970    i.oc_add_resource   oc_server_api.o
    0x0800e83a   0x00000012   Code   RO        11457    i.oc_alloc_string   oc_helpers.o
    0x0800e84c   0x00000020   Code   RO        11076    i.oc_allocate_message  oc_buffer.o
    0x0800e86c   0x00000002   Code   RO        13793    i.oc_clock_init     clock.o
    0x0800e86e   0x00000008   Code   RO        13795    i.oc_clock_time     clock.o
    0x0800e876   0x00000002   PAD
    0x0800e878   0x00000070   Code   RO        13825    i.oc_connectivity_init  ipadapter.o
    0x0800e8e8   0x0000004c   Code   RO        13826    i.oc_connectivity_shutdown  ipadapter.o
    0x0800e934   0x00000300   Code   RO        11310    i.oc_core_add_new_device  oc_core_res.o
    0x0800ec34   0x00000088   Code   RO        11311    i.oc_core_device_handler  oc_core_res.o
    0x0800ecbc   0x00000100   Code   RO        11414    i.oc_core_discovery_handler  oc_discovery.o
    0x0800edbc   0x00000158   Code   RO        11312    i.oc_core_encode_interfaces_mask  oc_core_res.o
    0x0800ef14   0x00000014   Code   RO        11313    i.oc_core_get_device_id  oc_core_res.o
    0x0800ef28   0x0000000c   Code   RO        11314    i.oc_core_get_num_devices  oc_core_res.o
    0x0800ef34   0x00000014   Code   RO        11315    i.oc_core_get_resource_by_index  oc_core_res.o
    0x0800ef48   0x000001d4   Code   RO        11317    i.oc_core_init_platform  oc_core_res.o
    0x0800f11c   0x00000070   Code   RO        11318    i.oc_core_platform_handler  oc_core_res.o
    0x0800f18c   0x0000007c   Code   RO        11319    i.oc_core_populate_resource  oc_core_res.o
    0x0800f208   0x00000048   Code   RO        11415    i.oc_create_discovery_resource  oc_discovery.o
    0x0800f250   0x0000000e   Code   RO        12779    i.oc_etimer_expired  oc_etimer.o
    0x0800f25e   0x00000002   PAD
    0x0800f260   0x00000018   Code   RO        12780    i.oc_etimer_next_expiration_time  oc_etimer.o
    0x0800f278   0x00000014   Code   RO        12781    i.oc_etimer_pending  oc_etimer.o
    0x0800f28c   0x00000014   Code   RO        12782    i.oc_etimer_request_poll  oc_etimer.o
    0x0800f2a0   0x00000012   Code   RO        12785    i.oc_etimer_restart  oc_etimer.o
    0x0800f2b2   0x0000001a   Code   RO        12786    i.oc_etimer_set     oc_etimer.o
    0x0800f2cc   0x00000044   Code   RO        12788    i.oc_etimer_stop    oc_etimer.o
    0x0800f310   0x00000018   Code   RO        11459    i.oc_free           oc_helpers.o
    0x0800f328   0x00000088   Code   RO        11662    i.oc_free_rep       oc_rep.o
    0x0800f3b0   0x0000000e   Code   RO        11460    i.oc_free_string    oc_helpers.o
    0x0800f3be   0x0000003a   Code   RO        12134    i.oc_gen_uuid       oc_uuid.o
    0x0800f3f8   0x0000001e   Code   RO        11975    i.oc_init_platform  oc_server_api.o
    0x0800f416   0x0000001c   Code   RO        12883    i.oc_list_add       oc_list.o
    0x0800f432   0x00000006   Code   RO        12886    i.oc_list_head      oc_list.o
    0x0800f438   0x00000006   Code   RO        12887    i.oc_list_init      oc_list.o
    0x0800f43e   0x0000000c   Code   RO        12889    i.oc_list_item_next  oc_list.o
    0x0800f44a   0x00000010   Code   RO        12891    i.oc_list_pop       oc_list.o
    0x0800f45a   0x00000020   Code   RO        12893    i.oc_list_remove    oc_list.o
    0x0800f47a   0x0000001a   Code   RO        12894    i.oc_list_tail      oc_list.o
    0x0800f494   0x00000080   Code   RO        11543    i.oc_main_init      oc_main.o
    0x0800f514   0x00000022   Code   RO        11544    i.oc_main_poll      oc_main.o
    0x0800f536   0x00000002   PAD
    0x0800f538   0x00000028   Code   RO        11545    i.oc_main_shutdown  oc_main.o
    0x0800f560   0x00000038   Code   RO        11462    i.oc_malloc         oc_helpers.o
    0x0800f598   0x0000002c   Code   RO        12964    i.oc_memb_alloc     oc_memb.o
    0x0800f5c4   0x00000038   Code   RO        12965    i.oc_memb_free      oc_memb.o
    0x0800f5fc   0x0000000e   Code   RO        11077    i.oc_message_add_ref  oc_buffer.o
    0x0800f60a   0x00000002   PAD
    0x0800f60c   0x00000024   Code   RO        11078    i.oc_message_unref  oc_buffer.o
    0x0800f630   0x000000dc   Code   RO        13003    i.oc_mmem_alloc     oc_mmem.o
    0x0800f70c   0x00000114   Code   RO        13004    i.oc_mmem_free      oc_mmem.o
    0x0800f820   0x0000005c   Code   RO        13005    i.oc_mmem_init      oc_mmem.o
    0x0800f87c   0x0000002c   Code   RO        11604    i.oc_network_event  oc_network_events.o
    0x0800f8a8   0x00000010   Code   RO        13827    i.oc_network_event_handler_mutex_init  ipadapter.o
    0x0800f8b8   0x00000002   Code   RO        13828    i.oc_network_event_handler_mutex_lock  ipadapter.o
    0x0800f8ba   0x00000002   Code   RO        13829    i.oc_network_event_handler_mutex_unlock  ipadapter.o
    0x0800f8bc   0x00000036   Code   RO        11978    i.oc_new_resource   oc_server_api.o
    0x0800f8f2   0x00000002   PAD
    0x0800f8f4   0x00000034   Code   RO        11463    i.oc_new_string     oc_helpers.o
    0x0800f928   0x00000012   Code   RO        11766    i.oc_observe_notification_delayed  oc_ri.o
    0x0800f93a   0x00000128   Code   RO        11663    i.oc_parse_rep      oc_rep.o
    0x0800fa62   0x00000398   Code   RO        11664    i.oc_parse_rep_value  oc_rep.o
    0x0800fdfa   0x0000002c   Code   RO        11980    i.oc_populate_resource_object  oc_server_api.o
    0x0800fe26   0x00000002   PAD
    0x0800fe28   0x00000014   Code   RO        13040    i.oc_process_alloc_event  oc_process.o
    0x0800fe3c   0x000000a0   Code   RO        11981    i.oc_process_baseline_interface  oc_server_api.o
    0x0800fedc   0x00000014   Code   RO        13041    i.oc_process_exit   oc_process.o
    0x0800fef0   0x0000000e   Code   RO        13043    i.oc_process_is_running  oc_process.o
    0x0800fefe   0x00000002   PAD
    0x0800ff00   0x00000030   Code   RO        11605    i.oc_process_network_event  oc_network_events.o
    0x0800ff30   0x0000001c   Code   RO        13045    i.oc_process_poll   oc_process.o
    0x0800ff4c   0x0000007c   Code   RO        13046    i.oc_process_post   oc_process.o
    0x0800ffc8   0x00000024   Code   RO        13047    i.oc_process_post_synch  oc_process.o
    0x0800ffec   0x00000024   Code   RO        13048    i.oc_process_run    oc_process.o
    0x08010010   0x00000040   Code   RO        13049    i.oc_process_start  oc_process.o
    0x08010050   0x00000002   Code   RO        13900    i.oc_random_destroy  random.o
    0x08010052   0x0000000e   Code   RO        13901    i.oc_random_init    random.o
    0x08010060   0x0000000c   Code   RO        13902    i.oc_random_value   random.o
    0x0801006c   0x0000001c   Code   RO        11079    i.oc_recv_message   oc_buffer.o
    0x08010088   0x00000028   Code   RO        11665    i.oc_rep_finalize   oc_rep.o
    0x080100b0   0x0000002c   Code   RO        11666    i.oc_rep_new        oc_rep.o
    0x080100dc   0x0000000c   Code   RO        11983    i.oc_resource_bind_resource_interface  oc_server_api.o
    0x080100e8   0x00000012   Code   RO        11984    i.oc_resource_bind_resource_type  oc_server_api.o
    0x080100fa   0x00000006   Code   RO        11985    i.oc_resource_set_default_interface  oc_server_api.o
    0x08010100   0x0000001e   Code   RO        11986    i.oc_resource_set_discoverable  oc_server_api.o
    0x0801011e   0x00000010   Code   RO        11988    i.oc_resource_set_periodic_observable  oc_server_api.o
    0x0801012e   0x00000038   Code   RO        11989    i.oc_resource_set_request_handler  oc_server_api.o
    0x08010166   0x00000002   PAD
    0x08010168   0x00000040   Code   RO        11767    i.oc_ri_add_resource  oc_ri.o
    0x080101a8   0x00000058   Code   RO        11768    i.oc_ri_add_timed_event_callback_ticks  oc_ri.o
    0x08010200   0x00000010   Code   RO        11769    i.oc_ri_alloc_resource  oc_ri.o
    0x08010210   0x00000010   Code   RO        11772    i.oc_ri_get_app_resources  oc_ri.o
    0x08010220   0x000000f0   Code   RO        11773    i.oc_ri_get_interface_mask  oc_ri.o
    0x08010310   0x000000a2   Code   RO        11774    i.oc_ri_get_query_nth_key_value  oc_ri.o
    0x080103b2   0x00000064   Code   RO        11775    i.oc_ri_get_query_value  oc_ri.o
    0x08010416   0x00000002   PAD
    0x08010418   0x0000003c   Code   RO        11776    i.oc_ri_init        oc_ri.o
    0x08010454   0x00000378   Code   RO        11777    i.oc_ri_invoke_coap_entity_handler  oc_ri.o
    0x080107cc   0x0000000c   Code   RO        11779    i.oc_ri_shutdown    oc_ri.o
    0x080107d8   0x00000128   Code   RO        13830    i.oc_send_buffer    ipadapter.o
    0x08010900   0x00000020   Code   RO        11080    i.oc_send_message   oc_buffer.o
    0x08010920   0x0000001e   Code   RO        11990    i.oc_send_response  oc_server_api.o
    0x0801093e   0x00000002   PAD
    0x08010940   0x00000010   Code   RO        11780    i.oc_status_code    oc_ri.o
    0x08010950   0x0000004c   Code   RO        11320    i.oc_store_uri      oc_core_res.o
    0x0801099c   0x0000002e   Code   RO        13137    i.oc_timer_expired  oc_timer.o
    0x080109ca   0x0000000e   Code   RO        13140    i.oc_timer_restart  oc_timer.o
    0x080109d8   0x00000016   Code   RO        13141    i.oc_timer_set      oc_timer.o
    0x080109ee   0x00000002   PAD
    0x080109f0   0x00000068   Code   RO        12136    i.oc_uuid_to_str    oc_uuid.o
    0x08010a58   0x00000034   Code   RO         1283    i.osDelay           cmsis_liteos.o
    0x08010a8c   0x00000008   Code   RO         1166    i.osHwiDefaultHandler  los_hwi.o
    0x08010a94   0x00000024   Code   RO         1167    i.osHwiInit         los_hwi.o
    0x08010ab8   0x00000004   Code   RO          336    i.osIdleTask        los_task.o
    0x08010abc   0x0000004c   Code   RO          337    i.osIdleTaskCreate  los_task.o
    0x08010b08   0x0000000c   Code   RO         1168    i.osIntNumGet       los_hwi.o
    0x08010b14   0x0000000c   Code   RO         1286    i.osKernelSysTick   cmsis_liteos.o
    0x08010b20   0x00000070   Code   RO         1229    i.osMain            los_config.o
    0x08010b90   0x0000005c   Code   RO          909    i.osMemAllocWithCheck  los_memory.o
    0x08010bec   0x00000098   Code   RO          910    i.osMemCheckUsedNode  los_memory.o
    0x08010c84   0x00000050   Code   RO          911    i.osMemFindSuitableFreeBlock  los_memory.o
    0x08010cd4   0x000000b2   Code   RO          912    i.osMemFreeNode     los_memory.o
    0x08010d86   0x0000003e   Code   RO          913    i.osMemIsNodeValid  los_memory.o
    0x08010dc4   0x00000024   Code   RO          914    i.osMemMergeNode    los_memory.o
    0x08010de8   0x00000020   Code   RO          915    i.osMemSetMagicNumAndTaskid  los_memory.o
    0x08010e08   0x0000005c   Code   RO          916    i.osMemSpitNode     los_memory.o
    0x08010e64   0x00000024   Code   RO          917    i.osMemSystemInit   los_memory.o
    0x08010e88   0x0000002c   Code   RO         1294    i.osMessageCreate   cmsis_liteos.o
    0x08010eb4   0x00000036   Code   RO         1295    i.osMessageDelete   cmsis_liteos.o
    0x08010eea   0x00000002   PAD
    0x08010eec   0x00000070   Code   RO         1296    i.osMessageGet      cmsis_liteos.o
    0x08010f5c   0x00000058   Code   RO         1297    i.osMessagePut      cmsis_liteos.o
    0x08010fb4   0x0000005c   Code   RO          629    i.osMuxInit         los_mux.o
    0x08011010   0x00000048   Code   RO            6    i.osPriqueueInit    los_priqueue.o
    0x08011058   0x00000070   Code   RO          701    i.osQueueCreate     los_queue.o
    0x080110c8   0x00000038   Code   RO          702    i.osQueueInit       los_queue.o
    0x08011100   0x00000084   Code   RO          705    i.osQueuePend       los_queue.o
    0x08011184   0x0000005a   Code   RO          706    i.osQueueWakeUp     los_queue.o
    0x080111de   0x00000002   PAD
    0x080111e0   0x0000001c   Code   RO         1230    i.osRegister        los_config.o
    0x080111fc   0x00000008   Code   RO         1107    i.osSchedule        los_hw.o
    0x08011204   0x00000058   Code   RO          808    i.osSemInit         los_sem.o
    0x0801125c   0x000000ac   Code   RO          117    i.osSwTmrInit       los_swtmr.o
    0x08011308   0x00000060   Code   RO          118    i.osSwTmrStart      los_swtmr.o
    0x08011368   0x00000050   Code   RO          119    i.osSwTmrTask       los_swtmr.o
    0x080113b8   0x00000048   Code   RO          120    i.osSwTmrTaskCreate  los_swtmr.o
    0x08011400   0x0000008c   Code   RO          121    i.osSwTmrTimeoutHandle  los_swtmr.o
    0x0801148c   0x00000014   Code   RO          122    i.osSwtmrDelete     los_swtmr.o
    0x080114a0   0x00000024   Code   RO          123    i.osSwtmrScan       los_swtmr.o
    0x080114c4   0x000000c0   Code   RO          338    i.osTaskAdd2TimerList  los_task.o
    0x08011584   0x000000a4   Code   RO          339    i.osTaskEntry       los_task.o
    0x08011628   0x00000008   Code   RO         1108    i.osTaskExit        los_hw.o
    0x08011630   0x00000128   Code   RO          340    i.osTaskInit        los_task.o
    0x08011758   0x00000034   Code   RO         1027    i.osTaskMemUsedDec  los_memstat.o
    0x0801178c   0x0000003c   Code   RO         1028    i.osTaskMemUsedInc  los_memstat.o
    0x080117c8   0x00000038   Code   RO          341    i.osTaskPriModify   los_task.o
    0x08011800   0x000000dc   Code   RO          342    i.osTaskScan        los_task.o
    0x080118dc   0x000000fc   Code   RO          343    i.osTaskSelfDelete  los_task.o
    0x080119d8   0x00000078   Code   RO         1313    i.osThreadCreate    cmsis_liteos.o
    0x08011a50   0x00000028   Code   RO          520    i.osTickHandler     los_tick.o
    0x08011a78   0x0000006c   Code   RO         1633    i.osTickStart       los_bsp_adapter.o
    0x08011ae4   0x00000048   Code   RO          344    i.osTimerListDelete  los_task.o
    0x08011b2c   0x0000004c   Code   RO          548    i.osTimesliceCheck  los_timeslice.o
    0x08011b78   0x00000010   Code   RO          549    i.osTimesliceInit   los_timeslice.o
    0x08011b88   0x00000140   Code   RO         1109    i.osTskStackInit    los_hw.o
    0x08011cc8   0x00000438   Code   RO         9537    i.pbuf_alloc        pbuf.o
    0x08012100   0x00000160   Code   RO         9538    i.pbuf_cat          pbuf.o
    0x08012260   0x0000001a   Code   RO         9539    i.pbuf_chain        pbuf.o
    0x0801227a   0x00000012   Code   RO         9540    i.pbuf_clen         pbuf.o
    0x0801228c   0x00000254   Code   RO         9542    i.pbuf_copy         pbuf.o
    0x080124e0   0x00000164   Code   RO         9543    i.pbuf_copy_partial  pbuf.o
    0x08012644   0x00000188   Code   RO         9545    i.pbuf_free         pbuf.o
    0x080127cc   0x00000170   Code   RO         9547    i.pbuf_header       pbuf.o
    0x0801293c   0x000001e4   Code   RO         9550    i.pbuf_realloc      pbuf.o
    0x08012b20   0x0000001a   Code   RO         9551    i.pbuf_ref          pbuf.o
    0x08012b3a   0x00000002   PAD
    0x08012b3c   0x00000140   Code   RO         8458    i.pcb_new           api_msg.o
    0x08012c7c   0x0000001a   Code   RO        11781    i.periodic_observe_handler  oc_ri.o
    0x08012c96   0x00000002   PAD
    0x08012c98   0x000001cc   Code   RO         9359    i.plug_holes        mem.o
    0x08012e64   0x00000068   Code   RO        11782    i.poll_event_callback_timers  oc_ri.o
    0x08012ecc   0x000000f8   Code   RO         8459    i.poll_tcp          api_msg.o
    0x08012fc4   0x000000c4   Code   RO        12167    i.post_light        simpleserver.o
    0x08013088   0x00000050   Code   RO        13377    i.preparse_next_value  cborparser.o
    0x080130d8   0x00000194   Code   RO        13378    i.preparse_value    cborparser.o
    0x0801326c   0x000001d8   Code   RO        11416    i.process_device_object  oc_discovery.o
    0x08013444   0x00000068   Code   RO        12508    i.process_thread_coap_engine  engine.o
    0x080134ac   0x00000070   Code   RO        11081    i.process_thread_message_buffer_handler  oc_buffer.o
    0x0801351c   0x000000e4   Code   RO        12789    i.process_thread_oc_etimer_process  oc_etimer.o
    0x08013600   0x0000004c   Code   RO        11606    i.process_thread_oc_network_events  oc_network_events.o
    0x0801364c   0x00000044   Code   RO        11783    i.process_thread_timed_callback_events  oc_ri.o
    0x08013690   0x0000001c   Code   RO        13194    i.put64             cborencoder.o
    0x080136ac   0x00000014   Code   RO        12168    i.put_light         simpleserver.o
    0x080136c0   0x00000010   Code   RO         9648    i.raw_bind          raw.o
    0x080136d0   0x00000074   Code   RO         9650    i.raw_input         raw.o
    0x08013744   0x00000034   Code   RO         9651    i.raw_new           raw.o
    0x08013778   0x00000006   Code   RO         9652    i.raw_recv          raw.o
    0x0801377e   0x00000002   PAD
    0x08013780   0x00000040   Code   RO         9653    i.raw_remove        raw.o
    0x080137c0   0x00000012   Code   RO         9654    i.raw_send          raw.o
    0x080137d2   0x00000002   PAD
    0x080137d4   0x00000150   Code   RO         9655    i.raw_sendto        raw.o
    0x08013924   0x0000001c   Code   RO         5220    i.rcu_ckout0_config  gd32f4xx_rcu.o
    0x08013940   0x00000124   Code   RO         5222    i.rcu_clock_freq_get  gd32f4xx_rcu.o
    0x08013a64   0x00000024   Code   RO         5241    i.rcu_periph_clock_enable  gd32f4xx_rcu.o
    0x08013a88   0x00000024   Code   RO         5244    i.rcu_periph_reset_disable  gd32f4xx_rcu.o
    0x08013aac   0x00000024   Code   RO         5245    i.rcu_periph_reset_enable  gd32f4xx_rcu.o
    0x08013ad0   0x0000009c   Code   RO         8460    i.recv_raw          api_msg.o
    0x08013b6c   0x0000019c   Code   RO         8461    i.recv_tcp          api_msg.o
    0x08013d08   0x00000194   Code   RO         8462    i.recv_udp          api_msg.o
    0x08013e9c   0x000000a4   Code   RO        12169    i.register_resources  simpleserver.o
    0x08013f40   0x00000034   Code   RO        11784    i.remove_periodic_observe_callback  oc_ri.o
    0x08013f74   0x00000014   Code   RO        11994    i.response_length   oc_server_api.o
    0x08013f88   0x000000f8   Code   RO         8463    i.sent_tcp          api_msg.o
    0x08014080   0x00000058   Code   RO        11785    i.set_mpro_status_codes  oc_ri.o
    0x080140d8   0x00000044   Code   RO         8464    i.setup_tcp         api_msg.o
    0x0801411c   0x0000004c   Code   RO        12171    i.signal_event_loop  simpleserver.o
    0x08014168   0x000000d0   Code   RO        12172    i.simpleserverstart  simpleserver.o
    0x08014238   0x00000044   Code   RO        11786    i.start_processes   oc_ri.o
    0x0801427c   0x0000002c   Code   RO        11787    i.stop_processes    oc_ri.o
    0x080142a8   0x00000094   Code   RO        10617    i.sys_arch_mbox_fetch  sys_arch.o
    0x0801433c   0x00000034   Code   RO        10618    i.sys_arch_mbox_tryfetch  sys_arch.o
    0x08014370   0x0000000c   Code   RO        10619    i.sys_arch_protect  sys_arch.o
    0x0801437c   0x00000052   Code   RO        10620    i.sys_arch_sem_wait  sys_arch.o
    0x080143ce   0x0000000c   Code   RO        10621    i.sys_arch_unprotect  sys_arch.o
    0x080143da   0x00000002   PAD
    0x080143dc   0x0000000c   Code   RO        10623    i.sys_init          sys_arch.o
    0x080143e8   0x0000000c   Code   RO        10624    i.sys_mbox_free     sys_arch.o
    0x080143f4   0x0000002a   Code   RO        10625    i.sys_mbox_new      sys_arch.o
    0x0801441e   0x0000001a   Code   RO        10626    i.sys_mbox_post     sys_arch.o
    0x08014438   0x00000006   Code   RO        10627    i.sys_mbox_set_invalid  sys_arch.o
    0x0801443e   0x00000024   Code   RO        10628    i.sys_mbox_trypost  sys_arch.o
    0x08014462   0x0000000e   Code   RO        10629    i.sys_mbox_valid    sys_arch.o
    0x08014470   0x0000000c   Code   RO        10630    i.sys_sem_free      sys_arch.o
    0x0801447c   0x00000028   Code   RO        10631    i.sys_sem_new       sys_arch.o
    0x080144a4   0x00000006   Code   RO        10632    i.sys_sem_set_invalid  sys_arch.o
    0x080144aa   0x0000000c   Code   RO        10633    i.sys_sem_signal    sys_arch.o
    0x080144b6   0x0000000e   Code   RO        10634    i.sys_sem_valid     sys_arch.o
    0x080144c4   0x0000004c   Code   RO        10635    i.sys_thread_new    sys_arch.o
    0x08014510   0x00000124   Code   RO         9264    i.sys_timeout       lwip_timers.o
    0x08014634   0x00000044   Code   RO         9265    i.sys_timeouts_init  lwip_timers.o
    0x08014678   0x00000088   Code   RO         9266    i.sys_timeouts_mbox_fetch  lwip_timers.o
    0x08014700   0x00000060   Code   RO         9267    i.sys_untimeout     lwip_timers.o
    0x08014760   0x00000018   Code   RO         6320    i.syscfg_enet_phy_interface_config  gd32f4xx_syscfg.o
    0x08014778   0x000000fc   Code   RO         7556    i.system_clock_200m_25m_hxtal  system_gd32f4xx.o
    0x08014874   0x00000008   Code   RO         7557    i.system_clock_config  system_gd32f4xx.o
    0x0801487c   0x0000014c   Code   RO         9722    i.tcp_abandon       tcp.o
    0x080149c8   0x0000000e   Code   RO         9723    i.tcp_abort         tcp.o
    0x080149d6   0x00000004   Code   RO         9724    i.tcp_accept        tcp.o
    0x080149da   0x00000002   PAD
    0x080149dc   0x000000c4   Code   RO         9726    i.tcp_alloc         tcp.o
    0x08014aa0   0x00000004   Code   RO         9727    i.tcp_arg           tcp.o
    0x08014aa4   0x0000015c   Code   RO         9728    i.tcp_bind          tcp.o
    0x08014c00   0x0000001c   Code   RO         9729    i.tcp_close         tcp.o
    0x08014c1c   0x00000268   Code   RO         9730    i.tcp_close_shutdown  tcp.o
    0x08014e84   0x000000b8   Code   RO        10005    i.tcp_create_segment  tcp_out.o
    0x08014f3c   0x0000002e   Code   RO         9733    i.tcp_eff_send_mss  tcp.o
    0x08014f6a   0x00000002   PAD
    0x08014f6c   0x000002c0   Code   RO        10006    i.tcp_enqueue_flags  tcp_out.o
    0x0801522c   0x000000b8   Code   RO         9734    i.tcp_err           tcp.o
    0x080152e4   0x00000080   Code   RO         9735    i.tcp_fasttmr       tcp.o
    0x08015364   0x00000002   Code   RO         9736    i.tcp_init          tcp.o
    0x08015366   0x00000002   PAD
    0x08015368   0x000006e4   Code   RO         9954    i.tcp_input         tcp_in.o
    0x08015a4c   0x00000054   Code   RO        10007    i.tcp_keepalive     tcp_out.o
    0x08015aa0   0x00000058   Code   RO         9737    i.tcp_kill_prio     tcp.o
    0x08015af8   0x00000040   Code   RO         9738    i.tcp_kill_timewait  tcp.o
    0x08015b38   0x0000013c   Code   RO         9955    i.tcp_listen_input  tcp_in.o
    0x08015c74   0x0000000a   Code   RO         9740    i.tcp_new           tcp.o
    0x08015c7e   0x00000002   PAD
    0x08015c80   0x00000068   Code   RO         9741    i.tcp_new_port      tcp.o
    0x08015ce8   0x0000001c   Code   RO         9742    i.tcp_next_iss      tcp.o
    0x08015d04   0x0000029c   Code   RO        10008    i.tcp_output        tcp_out.o
    0x08015fa0   0x00000130   Code   RO        10009    i.tcp_output_alloc_header  tcp_out.o
    0x080160d0   0x000000d8   Code   RO        10010    i.tcp_output_segment  tcp_out.o
    0x080161a8   0x000000d0   Code   RO         9956    i.tcp_parseopt      tcp_in.o
    0x08016278   0x00000110   Code   RO        10011    i.tcp_pbuf_prealloc  tcp_out.o
    0x08016388   0x00000058   Code   RO         9743    i.tcp_pcb_purge     tcp.o
    0x080163e0   0x00000158   Code   RO         9744    i.tcp_pcb_remove    tcp.o
    0x08016538   0x000000b8   Code   RO         9745    i.tcp_poll          tcp.o
    0x080165f0   0x000006a8   Code   RO         9957    i.tcp_process       tcp_in.o
    0x08016c98   0x00000094   Code   RO         9746    i.tcp_process_refused_data  tcp.o
    0x08016d2c   0x00000940   Code   RO         9958    i.tcp_receive       tcp_in.o
    0x0801766c   0x000000b8   Code   RO         9747    i.tcp_recv          tcp.o
    0x08017724   0x0000002e   Code   RO         9748    i.tcp_recv_null     tcp.o
    0x08017752   0x00000002   PAD
    0x08017754   0x00000134   Code   RO         9749    i.tcp_recved        tcp.o
    0x08017888   0x0000005a   Code   RO        10012    i.tcp_rexmit        tcp_out.o
    0x080178e2   0x00000078   Code   RO        10013    i.tcp_rexmit_fast   tcp_out.o
    0x0801795a   0x0000003a   Code   RO        10014    i.tcp_rexmit_rto    tcp_out.o
    0x08017994   0x00000138   Code   RO        10015    i.tcp_rst           tcp_out.o
    0x08017acc   0x0000001a   Code   RO         9750    i.tcp_seg_free      tcp.o
    0x08017ae6   0x00000018   Code   RO         9751    i.tcp_segs_free     tcp.o
    0x08017afe   0x00000056   Code   RO        10016    i.tcp_send_empty_ack  tcp_out.o
    0x08017b54   0x0000004a   Code   RO        10017    i.tcp_send_fin      tcp_out.o
    0x08017b9e   0x00000002   PAD
    0x08017ba0   0x000000b8   Code   RO         9752    i.tcp_sent          tcp.o
    0x08017c58   0x00000062   Code   RO         9754    i.tcp_shutdown      tcp.o
    0x08017cba   0x00000002   PAD
    0x08017cbc   0x0000060c   Code   RO         9755    i.tcp_slowtmr       tcp.o
    0x080182c8   0x00000038   Code   RO         9268    i.tcp_timer_needed  lwip_timers.o
    0x08018300   0x000000ac   Code   RO         9959    i.tcp_timewait_input  tcp_in.o
    0x080183ac   0x00000024   Code   RO         9756    i.tcp_tmr           tcp.o
    0x080183d0   0x000000ec   Code   RO         9757    i.tcp_update_rcv_ann_wnd  tcp.o
    0x080184bc   0x00000734   Code   RO        10018    i.tcp_write         tcp_out.o
    0x08018bf0   0x0000019c   Code   RO        10019    i.tcp_write_checks  tcp_out.o
    0x08018d8c   0x000000b4   Code   RO        10020    i.tcp_zero_window_probe  tcp_out.o
    0x08018e40   0x00000040   Code   RO         8880    i.tcpip_apimsg      tcpip.o
    0x08018e80   0x00000060   Code   RO         8881    i.tcpip_callback_with_block  tcpip.o
    0x08018ee0   0x000000ec   Code   RO         8884    i.tcpip_init        tcpip.o
    0x08018fcc   0x0000004c   Code   RO         8885    i.tcpip_input       tcpip.o
    0x08019018   0x00000038   Code   RO         9269    i.tcpip_tcp_timer   lwip_timers.o
    0x08019050   0x0000017c   Code   RO         8886    i.tcpip_thread      tcpip.o
    0x080191cc   0x00000030   Code   RO         8725    i.tryget_socket     sockets.o
    0x080191fc   0x00000134   Code   RO        10103    i.udp_bind          udp.o
    0x08019330   0x00000002   Code   RO        10106    i.udp_init          udp.o
    0x08019332   0x00000002   PAD
    0x08019334   0x000002a8   Code   RO        10107    i.udp_input         udp.o
    0x080195dc   0x0000001c   Code   RO        10108    i.udp_new           udp.o
    0x080195f8   0x00000058   Code   RO        10109    i.udp_new_port      udp.o
    0x08019650   0x00000006   Code   RO        10110    i.udp_recv          udp.o
    0x08019656   0x00000002   PAD
    0x08019658   0x00000040   Code   RO        10111    i.udp_remove        udp.o
    0x08019698   0x00000014   Code   RO        10112    i.udp_send          udp.o
    0x080196ac   0x00000048   Code   RO        10113    i.udp_sendto        udp.o
    0x080196f4   0x000001bc   Code   RO        10114    i.udp_sendto_if     udp.o
    0x080198b0   0x00000080   Code   RO        12790    i.update_time       oc_etimer.o
    0x08019930   0x000000f0   Code   RO         7044    i.usart_baudrate_set  gd32f4xx_usart.o
    0x08019a20   0x00000008   Code   RO         7049    i.usart_data_transmit  gd32f4xx_usart.o
    0x08019a28   0x000000dc   Code   RO         7050    i.usart_deinit      gd32f4xx_usart.o
    0x08019b04   0x0000000a   Code   RO         7054    i.usart_enable      gd32f4xx_usart.o
    0x08019b0e   0x0000001e   Code   RO         7056    i.usart_flag_get    gd32f4xx_usart.o
    0x08019b2c   0x00000010   Code   RO         7080    i.usart_receive_config  gd32f4xx_usart.o
    0x08019b3c   0x00000010   Code   RO         7095    i.usart_transmit_config  gd32f4xx_usart.o
    0x08019b4c   0x00000009   Data   RO         1634    .constdata          los_bsp_adapter.o
    0x08019b55   0x00000003   PAD
    0x08019b58   0x00000040   Data   RO         8727    .constdata          sockets.o
    0x08019b98   0x00000034   Data   RO         9403    .constdata          memp.o
    0x08019bcc   0x00000050   Data   RO         9758    .constdata          tcp.o
    0x08019c1c   0x00000008   Data   RO        10420    .constdata          ip_addr.o
    0x08019c24   0x0000000c   Data   RO        10488    .constdata          etharp.o
    0x08019c30   0x0000000c   Data   RO        12174    .constdata          simpleserver.o
    0x08019c3c   0x0000008c   Data   RO         9057    .conststring        dhcp.o
    0x08019cc8   0x00000041   Data   RO         9270    .conststring        lwip_timers.o
    0x08019d09   0x00000003   PAD
    0x08019d0c   0x00000075   Data   RO         9759    .conststring        tcp.o
    0x08019d81   0x00000003   PAD
    0x08019d84   0x00000055   Data   RO        10021    .conststring        tcp_out.o
    0x08019dd9   0x00000003   PAD
    0x08019ddc   0x00000044   Data   RO        10489    .conststring        etharp.o
    0x08019e20   0x0000004e   Data   RO        10574    .conststring        ethernetif.o
    0x08019e6e   0x00000002   PAD
    0x08019e70   0x0000001a   Data   RO        11083    .conststring        oc_buffer.o
    0x08019e8a   0x00000002   PAD
    0x08019e8c   0x00000013   Data   RO        11789    .conststring        oc_ri.o
    0x08019e9f   0x00000001   PAD
    0x08019ea0   0x0000000c   Data   RO        12510    .conststring        engine.o
    0x08019eac   0x0000000c   Data   RO        12791    .conststring        oc_etimer.o
    0x08019eb8   0x0000011d   Data   RO        13379    .conststring        cborparser.o
    0x08019fd5   0x00000003   PAD
    0x08019fd8   0x0000004d   Data   RO        13832    .conststring        ipadapter.o
    0x0801a025   0x00000003   PAD
    0x0801a028   0x00000030   Data   RO        14409    Region$$Table       anon$$obj.o


    Execution Region VECTOR (Base: 0x20000000, Size: 0x00000400, Max: 0x00000400, ABSOLUTE, COMPRESSED[0x00000020])

    Base Addr    Size         Type   Attr      Idx    E Section Name        Object

    0x20000000   0x00000400   Data   RW         1172    .vector.bss         los_hwi.o


    Execution Region RW_IRAM1 (Base: 0x20000400, Size: 0x000169b0, Max: 0x0002fc00, ABSOLUTE, COMPRESSED[0x000000ec])

    Base Addr    Size         Type   Attr      Idx    E Section Name        Object

    0x20000400   0x00000004   Data   RW            7    .data               los_priqueue.o
    0x20000404   0x00000010   Data   RW          126    .data               los_swtmr.o
    0x20000414   0x00000044   Data   RW          345    .data               los_task.o
    0x20000458   0x00000010   Data   RW          521    .data               los_tick.o
    0x20000468   0x00000008   Data   RW          550    .data               los_timeslice.o
    0x20000470   0x0000000c   Data   RW          630    .data               los_mux.o
    0x2000047c   0x00000004   Data   RW          707    .data               los_queue.o
    0x20000480   0x0000000c   Data   RW          809    .data               los_sem.o
    0x2000048c   0x00000004   Data   RW         1139    .data               los_hw_tick.o
    0x20000490   0x00000004   Data   RW         1171    .data               los_hwi.o
    0x20000494   0x00000008   Data   RW         1231    .data               los_config.o
    0x2000049c   0x00000004   Data   RW         1635    .data               los_bsp_adapter.o
    0x200004a0   0x00000010   Data   RW         3334    .data               gd32f4xx_enet.o
    0x200004b0   0x00000061   Data   RW         7452    .data               gd32f450i_eval.o
    0x20000511   0x00000003   PAD
    0x20000514   0x00000004   Data   RW         7511    .data               gd32f4xx_enet_eval.o
    0x20000518   0x00000008   Data   RW         8728    .data               sockets.o
    0x20000520   0x0000000c   Data   RW         8890    .data               tcpip.o
    0x2000052c   0x00000004   Data   RW         9058    .data               dhcp.o
    0x20000530   0x00000008   Data   RW         9271    .data               lwip_timers.o
    0x20000538   0x00000010   Data   RW         9361    .data               mem.o
    0x20000548   0x00000009   Data   RW         9453    .data               netif.o
    0x20000551   0x00000003   PAD
    0x20000554   0x00000004   Data   RW         9656    .data               raw.o
    0x20000558   0x00000024   Data   RW         9760    .data               tcp.o
    0x2000057c   0x00000020   Data   RW         9961    .data               tcp_in.o
    0x2000059c   0x00000008   Data   RW        10115    .data               udp.o
    0x200005a4   0x0000000c   Data   RW        10243    .data               igmp.o
    0x200005b0   0x00000012   Data   RW        10376    .data               ip.o
    0x200005c2   0x00000001   Data   RW        10490    .data               etharp.o
    0x200005c3   0x00000001   PAD
    0x200005c4   0x0000000c   Data   RW        10575    .data               ethernetif.o
    0x200005d0   0x00000002   Data   RW        10636    .data               sys_arch.o
    0x200005d2   0x00000002   PAD
    0x200005d4   0x00000020   Data   RW        11084    .data               oc_buffer.o
    0x200005f4   0x00000004   Data   RW        11322    .data               oc_core_res.o
    0x200005f8   0x00000001   Data   RW        11464    .data               oc_helpers.o
    0x200005f9   0x00000003   PAD
    0x200005fc   0x00000008   Data   RW        11546    .data               oc_main.o
    0x20000604   0x00000018   Data   RW        11608    .data               oc_network_events.o
    0x2000061c   0x00000014   Data   RW        11668    .data               oc_rep.o
    0x20000630   0x00000052   Data   RW        11790    .data               oc_ri.o
    0x20000682   0x00000002   PAD
    0x20000684   0x00000010   Data   RW        12175    .data               simpleserver.o
    0x20000694   0x00000008   Data   RW        12312    .data               coap_1.o
    0x2000069c   0x00000014   Data   RW        12511    .data               engine.o
    0x200006b0   0x00000020   Data   RW        12581    .data               observe.o
    0x200006d0   0x00000010   Data   RW        12635    .data               separate.o
    0x200006e0   0x0000001c   Data   RW        12701    .data               transactions.o
    0x200006fc   0x00000004   PAD
    0x20000700   0x00000020   Data   RW        12792    .data               oc_etimer.o
    0x20000720   0x00000028   Data   RW        13007    .data               oc_mmem.o
    0x20000748   0x0000001d   Data   RW        13051    .data               oc_process.o
    0x20000765   0x00000003   PAD
    0x20000768   0x0000001c   Data   RW        13833    .data               ipadapter.o
    0x20000784   0x00000004   Data   RW        14008    .data               mc_w.l(rand.o)
    0x20000788   0x00000004   Data   RW        14334    .data               mc_w.l(errno.o)
    0x2000078c   0x00000004   Data   RW        14383    .data               mc_w.l(stdout.o)
    0x20000790   0x000000d0   Zero   RW          125    .bss                los_swtmr.o
    0x20000860   0x0000b000   Zero   RW          918    .bss                los_memory.o
    0x2000b860   0x00000040   Zero   RW         1029    .bss                los_memstat.o
    0x2000b8a0   0x00003c64   Zero   RW         3332    .bss                gd32f4xx_enet.o
    0x2000f504   0x00000038   Zero   RW         7792    .bss                netconf.o
    0x2000f53c   0x00000060   Zero   RW         8726    .bss                sockets.o
    0x2000f59c   0x00001414   Zero   RW         9360    .bss                mem.o
    0x200109b0   0x00003bb3   Zero   RW         9402    .bss                memp.o
    0x20014563   0x00000001   PAD
    0x20014564   0x00000014   Zero   RW         9960    .bss                tcp_in.o
    0x20014578   0x000000c8   Zero   RW        10487    .bss                etharp.o
    0x20014640   0x00000890   Zero   RW        11082    .bss                oc_buffer.o
    0x20014ed0   0x00000100   Zero   RW        11321    .bss                oc_core_res.o
    0x20014fd0   0x00000b68   Zero   RW        11667    .bss                oc_rep.o
    0x20015b38   0x000001d8   Zero   RW        11788    .bss                oc_ri.o
    0x20015d10   0x00000018   Zero   RW        12173    .bss                simpleserver.o
    0x20015d28   0x00000148   Zero   RW        12509    .bss                engine.o
    0x20015e70   0x00000138   Zero   RW        12580    .bss                observe.o
    0x20015fa8   0x00000058   Zero   RW        12634    .bss                separate.o
    0x20016000   0x00000050   Zero   RW        12700    .bss                transactions.o
    0x20016050   0x000003b4   Zero   RW        13006    .bss                oc_mmem.o
    0x20016404   0x00000078   Zero   RW        13050    .bss                oc_process.o
    0x2001647c   0x00000134   Zero   RW        13831    .bss                ipadapter.o
    0x200165b0   0x00000800   Zero   RW         8291    STACK               startup_gd32f4xx.o


==============================================================================

Image component sizes


      Code (inc. data)   RO Data    RW Data    ZI Data      Debug   Object Name

         4          0          0          0          0       1154   abort.o
      2964       1460          0          0          0      20641   api_lib.o
      6162       2476          0          0          0      17227   api_msg.o
       680          0          0          0          0      18735   cborencoder.o
      2734        764        285          0          0      25809   cborparser.o
        10          0          0          0          0       1104   clock.o
       482         24          0          0          0      24823   cmsis_liteos.o
      2452        170          0          8          0      27878   coap_1.o
       130          0          0          0          0       3862   def.o
      4776       1656        140          4          0      18343   dhcp.o
       608         22         12         20        328      17860   engine.o
      4492       1538         80          1        200      15416   etharp.o
       656        136         78         12          0       6024   ethernetif.o
       292         44          0         97          0       2955   gd32f450i_eval.o
      2944        248          0         16      15460      20007   gd32f4xx_enet.o
       612         28          0          4          0       3104   gd32f4xx_enet_eval.o
        48         10          0          0          0       1494   gd32f4xx_exti.o
       238          0          0          0          0       2720   gd32f4xx_gpio.o
        74         10          0          0          0       9912   gd32f4xx_it.o
       204         26          0          0          0       2324   gd32f4xx_misc.o
       428         46          0          0          0       4612   gd32f4xx_rcu.o
        24          6          0          0          0        731   gd32f4xx_syscfg.o
       540         18          0          0          0       5405   gd32f4xx_usart.o
         0          0          0          0          0      21455   hello_gigadevice.o
      1182        506          0          0          0       3613   icmp.o
      2200        686          0         12          0      13370   igmp.o
       200          0          0          0          0       3057   inet_chksum.o
        40          0          0          0          0      10501   init.o
      1380        320          0         18          0       9372   ip.o
        78          0          8          0          0       7858   ip_addr.o
      1368        248         77         28        308      15288   ipadapter.o
       118         16          9          4          0     106198   los_bsp_adapter.o
        28          0          0          0          0       2319   los_bsp_key.o
         0          0          0          0          0        564   los_bsp_uart.o
       186         18          0          8          0       3884   los_config.o
       236         24          0          0          0        428   los_dispatch_keil.o
       704         26          0          0          0       4537   los_event.o
       400         22          0          0          0       3110   los_hw.o
        68         10          0          4          0       1441   los_hw_tick.o
        56         10          0       1028          0       5210   los_hwi.o
       356         10          0          0          0       3976   los_membox.o
      1210         14          0          0      45056      16000   los_memory.o
       112         24          0          0         64       2025   los_memstat.o
        28          0          0          0          0        640   los_misc.o
       396          4          0          0          0       5216   los_multipledlinkhead.o
       848         66          0         12          0       9892   los_mux.o
       232         22          0          4          0      16554   los_priqueue.o
      1334         86          0          4          0      19363   los_queue.o
       804         70          0         12          0       8348   los_sem.o
       616         84          0         16        208      17479   los_swtmr.o
        52          6          0          0          0       1173   los_sys.o
      2660        226          0         68          0      27194   los_task.o
        40          6          0         16          0        897   los_tick.o
        92         16          0          8          0       1357   los_timeslice.o
       828        202         65          8          0       8131   lwip_timers.o
       210         28          0          0          0       2434   main.o
      2296       1052          0         16       5140       5945   mem.o
       596        334         52          0      15283       3930   memp.o
       436        262          0          0          0       7663   netbuf.o
        88         22          0          0         56       8788   netconf.o
       638        150          0          9          0       9399   netif.o
      1130         60          0         32        312       9299   observe.o
         0          0          0          0          0        824   oc_blockwise.o
       254         40         26         32       2192      36691   oc_buffer.o
         0          0          0          0          0      11911   oc_client_api.o
         0          0          0          0          0       4944   oc_collection.o
      2168        268          0          4        256      27158   oc_core_res.o
      1300         86          0          0          0       7539   oc_discovery.o
       618         44         12         32          0      11060   oc_etimer.o
       440         16          0          1          0      11423   oc_helpers.o
       126          0          0          0          0       5654   oc_list.o
       226         50          0          8          0      10801   oc_main.o
       100          0          0          0          0       2667   oc_memb.o
       588        106          0         40        948       4762   oc_mmem.o
       168         18          0         24          0       7988   oc_network_events.o
       866        106          0         29        120      11812   oc_process.o
      2506        618          0         20       2920      28267   oc_rep.o
      2420        256         19         82        472      33539   oc_ri.o
       538         12          0          0          0      10680   oc_server_api.o
        82          0          0          0          0       2705   oc_timer.o
       162         14          0          0          0       2479   oc_uuid.o
      3698       1654          0          0          0       9129   pbuf.o
        28          0          0          0          0       1707   random.o
       608        170          0          4          0       6165   raw.o
       288         14          0         16         88      20615   separate.o
      1092        330         12         16         24      26204   simpleserver.o
      5734       1286         64          8         96      19328   sockets.o
        36          8        424          0       2048        956   startup_gd32f4xx.o
       678          8          0          2          0      15429   sys_arch.o
       356         32          0          0          0       1749   system_gd32f4xx.o
      5650       2104        197         36          0      34087   tcp.o
      6532       1234          0         32         20      17991   tcp_in.o
      5608       1680         85          0          0      17023   tcp_out.o
       852        336          0         12          0      10514   tcpip.o
       444         48          0         28         80       6199   transactions.o
      1712        442          0          8          0      18542   udp.o

    ----------------------------------------------------------------------
    100798      24292       1716       1924      91680    1088590   Object Totals
         0          0         48          0          0          0   (incl. Generated)
       120          0         23         21          1          0   (incl. Padding)

    ----------------------------------------------------------------------

      Code (inc. data)   RO Data    RW Data    ZI Data      Debug   Library Member Name

        86          0          0          0          0          0   __dczerorl2.o
         0          0          0          0          0          0   entry.o
         0          0          0          0          0          0   entry10a.o
         0          0          0          0          0          0   entry11a.o
         8          4          0          0          0          0   entry2.o
         4          0          0          0          0          0   entry5.o
         0          0          0          0          0          0   entry7b.o
         0          0          0          0          0          0   entry8b.o
         8          4          0          0          0          0   entry9a.o
         8          4          0          4          0         68   errno.o
        30          0          0          0          0          0   handlers.o
        36          8          0          0          0         68   init.o
         0          0          0          0          0          0   iusefp.o
        30          0          0          0          0         68   llshl.o
        36          0          0          0          0         68   llsshr.o
        32          0          0          0          0         68   llushr.o
        20          0          0          0          0         68   memchr.o
        26          0          0          0          0         80   memcmp.o
        66          0          0          0          0         76   memmove.o
        36          0          0          0          0        108   memseta.o
      2288         94          0          0          0        596   printfa.o
        36         10          0          4          0        136   rand.o
         0          0          0          4          0          0   stdout.o
        14          0          0          0          0         68   strlen.o
        50          0          0          0          0         84   strncasecmp.o
        30          0          0          0          0         80   strncmp.o
        12          0          0          0          0         68   tolower.o
        44          0          0          0          0         80   uidiv.o
        98          0          0          0          0         92   uldiv.o
        48          0          0          0          0         68   cdrcmple.o
       334          0          0          0          0        148   dadd.o
       222          0          0          0          0        100   ddiv.o
       186          0          0          0          0        176   depilogue.o
        48          0          0          0          0         68   dfixul.o
       228          0          0          0          0         96   dmul.o

    ----------------------------------------------------------------------
      4070        124          0         12          0       2532   Library Totals
         6          0          0          0          0          0   (incl. Padding)

    ----------------------------------------------------------------------

      Code (inc. data)   RO Data    RW Data    ZI Data      Debug   Library Name

      2998        124          0         12          0       1876   mc_w.l
      1066          0          0          0          0        656   mf_w.l

    ----------------------------------------------------------------------
      4070        124          0         12          0       2532   Library Totals

    ----------------------------------------------------------------------

==============================================================================


      Code (inc. data)   RO Data    RW Data    ZI Data      Debug   

    104868      24416       1716       1936      91680    1023106   Grand Totals
    104868      24416       1716        268      91680    1023106   ELF Image Totals (compressed)
    104868      24416       1716        268          0          0   ROM Totals

==============================================================================

    Total RO  Size (Code + RO Data)               106584 ( 104.09kB)
    Total RW  Size (RW Data + ZI Data)             93616 (  91.42kB)
    Total ROM Size (Code + RO Data + RW Data)     106852 ( 104.35kB)

==============================================================================

